[OK] T07 2305.07170v1 2.6MB
[OK] T08 2210.00580v3 1.1MB
[OK] T09 2210.07992v1 0.7MB
[OK] T12 2301.12594v2 1.2MB
[OK] T15 2402.10309v2 1.3MB
[OK] T17 2410.09355v2 1.0MB
[OK] T19 2312.15246v1 0.8MB
[MISS] T32 When Do GFlowNets Learn the Right Distribution?
[OK] T36 2502.07735v3 0.9MB
[OK] T49 2605.15417v1 12.1MB
[OK] O01 2505.06589v3 27.8MB
[OK] O07 2603.01786v1 0.7MB
[OK] O08 2606.06272v1 0.7MB
[OK] A01 2302.00615v2 2.5MB
[OK] N007 2302.05793v3 12.9MB
[OK] N010 2402.05098v5 2.2MB
[OK] N011 2210.03308v1 6.2MB
[OK] N015 2303.02430v1 6.6MB
[MISS] N018 Trajectory Balance with Asynchrony (TBA)
[OK] N019 2509.15207v3 0.9MB
[OK] N029 2307.01198v2 4.4MB
[OK] N032 2409.08861v5 11.9MB
[MISS] N038 Generalized Schrödinger Bridge on Graphs (GSBoG)
[MISS] N041 Unsupervised Learning for Optimal Transport plan prediction 
[MISS] N043 Diffusion Schrödinger Bridge Matching (DSBM)
[MISS] N046 Categorical Schrödinger Bridge Matching (CSBM)
[OK] N061 2501.05498v1 5.4MB
[OK] N082 2608.08644v1 1.6MB
[OK] N099 2305.14594v4 0.5MB
[OK] N103 2506.17007v2 1.1MB
DONE: 29/35 PDFs
