Translating batch 1/1: 7 blocks, 1481 chars
Translated 7/7 text blocks
Translating batch 1/1: 3 blocks, 1911 chars
Translated 3/3 text blocks
Translating batch 1/1: 7 blocks, 1670 chars
Translated 7/7 text blocks
Translating batch 1/1: 3 blocks, 2472 chars
Translated 3/3 text blocks
Translating batch 1/1: 1 blocks, 684 chars
Translated 1/1 text blocks
Translating batch 1/1: 1 blocks, 431 chars
Translated 1/1 text blocks
Translating batch 1/2: 8 blocks, 456 chars
Warning: supplier returned 7 translations for 8 inputs; retrying one by one
Translated 8/11 text blocks
Translating batch 2/2: 3 blocks, 191 chars
Translated 11/11 text blocks
Translating batch 1/1: 8 blocks, 2269 chars
Translated 8/8 text blocks
Translating batch 1/1: 8 blocks, 1723 chars
Translated 8/8 text blocks
Translating batch 1/1: 8 blocks, 1576 chars
Translated 8/8 text blocks
Translating batch 1/1: 1 blocks, 181 chars
Translated 1/1 text blocks
Translating batch 1/1: 8 blocks, 2168 chars
Translated 8/8 text blocks
Translating batch 1/1: 8 blocks, 2028 chars
Translated 8/8 text blocks
Translating batch 1/1: 1 blocks, 294 chars
Translated 1/1 text blocks
Translating batch 1/1: 8 blocks, 250 chars
Warning: supplier returned 1 translations for 8 inputs; retrying one by one
Translated 8/8 text blocks
Translating batch 1/1: 1 blocks, 516 chars
Translated 1/1 text blocks
Translating batch 1/1: 1 blocks, 297 chars
Translated 1/1 text blocks
Translating batch 1/1: 1 blocks, 218 chars
Translated 1/1 text blocks
Translating batch 1/1: 8 blocks, 2244 chars
Translated 8/8 text blocks
Translating batch 1/1: 5 blocks, 2484 chars
Warning: supplier returned 4 translations for 5 inputs; retrying one by one
Translated 5/5 text blocks
Translating batch 1/1: 6 blocks, 1892 chars
Translated 6/6 text blocks
Translating batch 1/1: 4 blocks, 1856 chars
Warning: supplier returned 1 translations for 4 inputs; retrying one by one
Translated 4/4 text blocks
Translating batch 1/1: 5 blocks, 2256 chars
Translated 5/5 text blocks
Translating batch 1/1: 2 blocks, 879 chars
Translated 2/2 text blocks
Translating batch 1/1: 3 blocks, 2459 chars
Translated 3/3 text blocks
Translating batch 1/1: 5 blocks, 1257 chars
Translated 5/5 text blocks
Translating batch 1/1: 1 blocks, 2656 chars
Translated 1/1 text blocks
Translating batch 1/1: 8 blocks, 1248 chars
Translated 8/8 text blocks
Translating batch 1/1: 1 blocks, 852 chars
Translated 1/1 text blocks
Translating batch 1/1: 8 blocks, 624 chars
Translated 8/8 text blocks
Translating batch 1/1: 8 blocks, 1025 chars
Translated 8/8 text blocks
Translating batch 1/1: 3 blocks, 2358 chars
Translated 3/3 text blocks
Translating batch 1/1: 1 blocks, 1766 chars
Translated 1/1 text blocks
Translating batch 1/1: 1 blocks, 874 chars
Translated 1/1 text blocks
Translating batch 1/1: 1 blocks, 891 chars
Translated 1/1 text blocks
Translating batch 1/2: 8 blocks, 751 chars
Translated 8/12 text blocks
Translating batch 2/2: 4 blocks, 939 chars
Translated 12/12 text blocks
Translating batch 1/1: 5 blocks, 1819 chars
Translated 5/5 text blocks
Translating batch 1/1: 1 blocks, 445 chars
Translated 1/1 text blocks
Translating batch 1/1: 1 blocks, 187 chars
Translated 1/1 text blocks
Translating batch 1/1: 1 blocks, 257 chars
Translated 1/1 text blocks
Translating batch 1/1: 3 blocks, 437 chars
Warning: supplier returned 1 translations for 3 inputs; retrying one by one
Translated 3/3 text blocks
Translating batch 1/1: 1 blocks, 373 chars
Translated 1/1 text blocks
Translating batch 1/1: 1 blocks, 161 chars
Translated 1/1 text blocks
Translating batch 1/1: 1 blocks, 211 chars
Translated 1/1 text blocks
Translating batch 1/1: 6 blocks, 1924 chars
Translated 6/6 text blocks
Translating batch 1/1: 6 blocks, 2342 chars
Translated 6/6 text blocks
Translating batch 1/1: 1 blocks, 496 chars
Translated 1/1 text blocks
Translating batch 1/1: 2 blocks, 2030 chars
Translated 2/2 text blocks
Translating batch 1/1: 3 blocks, 1437 chars
Translated 3/3 text blocks
feat NOT subset; don't know how to subset; dropped
meta NOT subset; don't know how to subset; dropped
morx NOT subset; don't know how to subset; dropped
meta NOT subset; don't know how to subset; dropped
feat NOT subset; don't know how to subset; dropped
meta NOT subset; don't know how to subset; dropped
morx NOT subset; don't know how to subset; dropped
meta NOT subset; don't know how to subset; dropped
Warning: Detected layout profile: single_column (confidence 0.65, 1 column)
Warning: Page 5: translated body block still looks like English after retry
Warning: Page 17: translated body block still looks like English after retry
Warning: Page 17: translated body block still looks like English after retry
Warning: Kept source fonts intact to preserve figure and formula glyph mappings
Wrote: /Users/liyufeng/Code/awesome_Gflow/pdfs/zh/N007_zh.pdf
Pages: 21
Translated text blocks: 154
Skipped text blocks: 440
