Translating batch 1/1: 8 blocks, 281 chars
Translated 8/8 text blocks
Translating batch 1/1: 6 blocks, 2430 chars
Translated 6/6 text blocks
Translating batch 1/1: 5 blocks, 2480 chars
Translated 5/5 text blocks
Translating batch 1/1: 8 blocks, 2046 chars
Warning: supplier returned 7 translations for 8 inputs; retrying one by one
Translated 8/8 text blocks
Translating batch 1/1: 8 blocks, 1625 chars
Translated 8/8 text blocks
Translating batch 1/1: 8 blocks, 1655 chars
Translated 8/8 text blocks
Translating batch 1/1: 1 blocks, 341 chars
Translated 1/1 text blocks
Translating batch 1/1: 8 blocks, 1734 chars
Translated 8/8 text blocks
Translating batch 1/1: 1 blocks, 492 chars
Translated 1/1 text blocks
Translating batch 1/1: 1 blocks, 380 chars
Translated 1/1 text blocks
Translating batch 1/1: 3 blocks, 485 chars
Warning: supplier returned 1 translations for 3 inputs; retrying one by one
Translated 3/3 text blocks
Translating batch 1/1: 8 blocks, 2174 chars
Translated 8/8 text blocks
Translating batch 1/1: 1 blocks, 557 chars
Translated 1/1 text blocks
Translating batch 1/1: 1 blocks, 322 chars
Translated 1/1 text blocks
Translating batch 1/1: 1 blocks, 234 chars
Translated 1/1 text blocks
Translating batch 1/1: 8 blocks, 1801 chars
Translated 8/8 text blocks
Translating batch 1/1: 1 blocks, 357 chars
Translated 1/1 text blocks
Translating batch 1/2: 8 blocks, 303 chars
Translated 8/9 text blocks
Translating batch 2/2: 1 blocks, 3 chars
Translated 9/9 text blocks
Translating batch 1/1: 6 blocks, 2426 chars
Translated 6/6 text blocks
Translating batch 1/1: 1 blocks, 946 chars
Translated 1/1 text blocks
Translating batch 1/1: 1 blocks, 442 chars
Translated 1/1 text blocks
Translating batch 1/2: 8 blocks, 575 chars
Warning: supplier returned 7 translations for 8 inputs; retrying one by one
Translated 8/11 text blocks
Translating batch 2/2: 3 blocks, 318 chars
Translated 11/11 text blocks
Translating batch 1/1: 1 blocks, 243 chars
Translated 1/1 text blocks
Translating batch 1/1: 5 blocks, 229 chars
Warning: supplier returned 4 translations for 5 inputs; retrying one by one
Translated 5/5 text blocks
Translating batch 1/1: 1 blocks, 391 chars
Translated 1/1 text blocks
Translating batch 1/1: 1 blocks, 105 chars
Translated 1/1 text blocks
Translating batch 1/1: 1 blocks, 285 chars
Translated 1/1 text blocks
Translating batch 1/1: 4 blocks, 381 chars
Warning: supplier returned 3 translations for 4 inputs; retrying one by one
Translated 4/4 text blocks
Translating batch 1/1: 8 blocks, 1712 chars
Translated 8/8 text blocks
Translating batch 1/1: 1 blocks, 252 chars
Translated 1/1 text blocks
Translating batch 1/1: 4 blocks, 235 chars
Warning: supplier returned 2 translations for 4 inputs; retrying one by one
Translated 4/4 text blocks
Translating batch 1/1: 8 blocks, 2064 chars
Translated 8/8 text blocks
Translating batch 1/1: 1 blocks, 223 chars
Translated 1/1 text blocks
Translating batch 1/1: 3 blocks, 201 chars
Translated 3/3 text blocks
Translating batch 1/1: 8 blocks, 2477 chars
Translated 8/8 text blocks
Translating batch 1/1: 1 blocks, 636 chars
Translated 1/1 text blocks
Translating batch 1/1: 1 blocks, 259 chars
Translated 1/1 text blocks
Translating batch 1/1: 8 blocks, 1074 chars
Translated 8/8 text blocks
Translating batch 1/1: 8 blocks, 1280 chars
Translated 8/8 text blocks
Translating batch 1/1: 1 blocks, 320 chars
Translated 1/1 text blocks
Translating batch 1/1: 8 blocks, 1252 chars
Translated 8/8 text blocks
Translating batch 1/1: 7 blocks, 2368 chars
Translated 7/7 text blocks
Translating batch 1/1: 1 blocks, 789 chars
Translated 1/1 text blocks
Translating batch 1/1: 1 blocks, 351 chars
Translated 1/1 text blocks
Translating batch 1/1: 1 blocks, 437 chars
Translated 1/1 text blocks
Translating batch 1/2: 8 blocks, 645 chars
Translated 8/9 text blocks
Translating batch 2/2: 1 blocks, 118 chars
Translated 9/9 text blocks
Translating batch 1/1: 8 blocks, 2082 chars
Translated 8/8 text blocks
Translating batch 1/1: 8 blocks, 2491 chars
Translated 8/8 text blocks
Translating batch 1/1: 8 blocks, 640 chars
Translated 8/8 text blocks
Translating batch 1/1: 8 blocks, 458 chars
Translated 8/8 text blocks
Translating batch 1/1: 8 blocks, 779 chars
Translated 8/8 text blocks
Translating batch 1/1: 8 blocks, 1695 chars
Translated 8/8 text blocks
Translating batch 1/1: 1 blocks, 214 chars
Translated 1/1 text blocks
Translating batch 1/1: 8 blocks, 1705 chars
Translated 8/8 text blocks
Translating batch 1/1: 8 blocks, 1418 chars
Translated 8/8 text blocks
Translating batch 1/1: 1 blocks, 216 chars
Translated 1/1 text blocks
Translating batch 1/1: 2 blocks, 212 chars
Warning: supplier returned 1 translations for 2 inputs; retrying one by one
Translated 2/2 text blocks
Translating batch 1/1: 1 blocks, 105 chars
Translated 1/1 text blocks
Translating batch 1/1: 3 blocks, 98 chars
Warning: supplier returned 1 translations for 3 inputs; retrying one by one
Translated 3/3 text blocks
Translating batch 1/1: 8 blocks, 1141 chars
Translated 8/8 text blocks
Translating batch 1/1: 1 blocks, 249 chars
Translated 1/1 text blocks
Translating batch 1/1: 1 blocks, 124 chars
Translated 1/1 text blocks
Translating batch 1/1: 1 blocks, 124 chars
Translated 1/1 text blocks
Translating batch 1/1: 3 blocks, 241 chars
Warning: supplier returned 1 translations for 3 inputs; retrying one by one
Translated 3/3 text blocks
Translating batch 1/1: 8 blocks, 1011 chars
Translated 8/8 text blocks
Translating batch 1/1: 5 blocks, 2028 chars
Translated 5/5 text blocks
Translating batch 1/1: 1 blocks, 814 chars
Translated 1/1 text blocks
Translating batch 1/1: 1 blocks, 314 chars
Translated 1/1 text blocks
Translating batch 1/1: 4 blocks, 802 chars
Warning: supplier returned 1 translations for 4 inputs; retrying one by one
Translated 4/4 text blocks
Translating batch 1/1: 4 blocks, 2376 chars
Translated 4/4 text blocks
Translating batch 1/1: 1 blocks, 765 chars
Translated 1/1 text blocks
Translating batch 1/1: 1 blocks, 365 chars
Translated 1/1 text blocks
Translating batch 1/1: 1 blocks, 399 chars
Translated 1/1 text blocks
Translating batch 1/1: 8 blocks, 727 chars
Warning: supplier returned 1 translations for 8 inputs; retrying one by one
Translated 8/8 text blocks
Translating batch 1/1: 8 blocks, 1972 chars
Translated 8/8 text blocks
Translating batch 1/1: 1 blocks, 627 chars
Translated 1/1 text blocks
Translating batch 1/1: 8 blocks, 2115 chars
Translated 8/8 text blocks
Translating batch 1/1: 1 blocks, 362 chars
Translated 1/1 text blocks
Translating batch 1/1: 8 blocks, 1329 chars
Translated 8/8 text blocks
Translating batch 1/1: 8 blocks, 1022 chars
Translated 8/8 text blocks
Translating batch 1/1: 1 blocks, 172 chars
Translated 1/1 text blocks
Translating batch 1/1: 2 blocks, 169 chars
Translated 2/2 text blocks
Translating batch 1/1: 8 blocks, 1563 chars
Translated 8/8 text blocks
Translating batch 1/1: 8 blocks, 1412 chars
Translated 8/8 text blocks
Translating batch 1/1: 4 blocks, 634 chars
Translated 4/4 text blocks
Translating batch 1/1: 1 blocks, 2326 chars
Translated 1/1 text blocks
Translating batch 1/1: 8 blocks, 2052 chars
Translated 8/8 text blocks
Translating batch 1/1: 8 blocks, 1210 chars
Translated 8/8 text blocks
Translating batch 1/1: 8 blocks, 1564 chars
Translated 8/8 text blocks
Translating batch 1/1: 8 blocks, 799 chars
Translated 8/8 text blocks
Translating batch 1/1: 8 blocks, 1986 chars
Translated 8/8 text blocks
Translating batch 1/1: 8 blocks, 2207 chars
Warning: supplier returned 6 translations for 8 inputs; retrying one by one
Translated 8/8 text blocks
Translating batch 1/1: 8 blocks, 1314 chars
Translated 8/8 text blocks
Translating batch 1/1: 8 blocks, 1292 chars
Translated 8/8 text blocks
Translating batch 1/1: 8 blocks, 869 chars
Translated 8/8 text blocks
Translating batch 1/1: 6 blocks, 46 chars
Translated 6/6 text blocks
Translating batch 1/1: 6 blocks, 60 chars
Translated 6/6 text blocks
Translating batch 1/1: 6 blocks, 64 chars
Translated 6/6 text blocks
Translating batch 1/1: 6 blocks, 49 chars
Translated 6/6 text blocks
Translating batch 1/1: 5 blocks, 957 chars
Translated 5/5 text blocks
Translating batch 1/1: 7 blocks, 74 chars
Translated 7/7 text blocks
Translating batch 1/1: 7 blocks, 89 chars
Translated 7/7 text blocks
Translating batch 1/1: 1 blocks, 8 chars
Translated 1/1 text blocks
Translating batch 1/1: 3 blocks, 81 chars
Translated 3/3 text blocks
Translating batch 1/1: 3 blocks, 81 chars
Translated 3/3 text blocks
skipping bad link / annot item 0.
feat NOT subset; don't know how to subset; dropped
meta NOT subset; don't know how to subset; dropped
morx NOT subset; don't know how to subset; dropped
meta NOT subset; don't know how to subset; dropped
feat NOT subset; don't know how to subset; dropped
meta NOT subset; don't know how to subset; dropped
morx NOT subset; don't know how to subset; dropped
meta NOT subset; don't know how to subset; dropped
Warning: Detected layout profile: generic_two_column (confidence 0.72, 2 columns)
Warning: Page 1: translated body block still looks like English after retry
Warning: Page 16: translated body block still looks like English after retry
Warning: Page 16: translated body block still looks like English after retry
Warning: Page 16: translated body block still looks like English after retry
Warning: Page 16: translated body block still looks like English after retry
Warning: Page 16: translated body block still looks like English after retry
Warning: Page 16: translated body block still looks like English after retry
Warning: Page 16: translated body block still looks like English after retry
Warning: Page 16: translated body block still looks like English after retry
Warning: Page 17: translated body block still looks like English after retry
Warning: Page 17: translated body block still looks like English after retry
Warning: Page 17: translated body block still looks like English after retry
Warning: Kept source fonts intact to preserve figure and formula glyph mappings
Wrote: /Users/liyufeng/Code/awesome_Gflow/pdfs/zh/N010_zh.pdf
Pages: 30
Translated text blocks: 322
Skipped text blocks: 205
