Translating batch 1/1: 4 blocks, 1490 chars
Translated 4/4 text blocks
Translating batch 1/1: 1 blocks, 1689 chars
Translated 1/1 text blocks
Translating batch 1/1: 1 blocks, 2597 chars
Translated 1/1 text blocks
Translating batch 1/1: 8 blocks, 2376 chars
Translated 8/8 text blocks
Translating batch 1/1: 1 blocks, 1068 chars
Translated 1/1 text blocks
Translating batch 1/1: 1 blocks, 506 chars
Translated 1/1 text blocks
Translating batch 1/3: 8 blocks, 482 chars
Warning: supplier returned 7 translations for 8 inputs; retrying one by one
Translated 8/17 text blocks
Translating batch 2/3: 8 blocks, 420 chars
Translated 16/17 text blocks
Translating batch 3/3: 1 blocks, 61 chars
Translated 17/17 text blocks
Translating batch 1/1: 8 blocks, 1693 chars
Translated 8/8 text blocks
Translating batch 1/1: 1 blocks, 244 chars
Translated 1/1 text blocks
Translating batch 1/1: 3 blocks, 232 chars
Translated 3/3 text blocks
Translating batch 1/1: 1 blocks, 714 chars
Translated 1/1 text blocks
Translating batch 1/1: 1 blocks, 256 chars
Translated 1/1 text blocks
Translating batch 1/1: 1 blocks, 457 chars
Translated 1/1 text blocks
Translating batch 1/2: 8 blocks, 418 chars
Translated 8/10 text blocks
Translating batch 2/2: 2 blocks, 256 chars
Warning: supplier returned 1 translations for 2 inputs; retrying one by one
Translated 10/10 text blocks
Translating batch 1/1: 8 blocks, 1860 chars
Warning: supplier returned 7 translations for 8 inputs; retrying one by one
Translated 8/8 text blocks
Translating batch 1/1: 8 blocks, 2420 chars
Translated 8/8 text blocks
Translating batch 1/1: 1 blocks, 2637 chars
Translated 1/1 text blocks
Translating batch 1/1: 1 blocks, 2637 chars
Translated 1/1 text blocks
Translating batch 1/1: 1 blocks, 1360 chars
Translated 1/1 text blocks
Translating batch 1/1: 1 blocks, 1276 chars
Translated 1/1 text blocks
Translating batch 1/4: 8 blocks, 273 chars
Warning: supplier response could not be parsed for 8 inputs; retrying one by one
Translated 8/25 text blocks
Translating batch 2/4: 8 blocks, 386 chars
Warning: supplier returned 6 translations for 8 inputs; retrying one by one
Translated 16/25 text blocks
Translating batch 3/4: 8 blocks, 1825 chars
Warning: supplier returned 7 translations for 8 inputs; retrying one by one
Translated 24/25 text blocks
Translating batch 4/4: 1 blocks, 51 chars
Translated 25/25 text blocks
Translating batch 1/1: 4 blocks, 1813 chars
Translated 4/4 text blocks
Translating batch 1/1: 4 blocks, 2439 chars
Translated 4/4 text blocks
Translating batch 1/1: 1 blocks, 887 chars
Translated 1/1 text blocks
Translating batch 1/1: 1 blocks, 493 chars
Translated 1/1 text blocks
Translating batch 1/1: 2 blocks, 883 chars
Warning: supplier returned 1 translations for 2 inputs; retrying one by one
Translated 2/2 text blocks
Translating batch 1/1: 8 blocks, 1376 chars
Translated 8/8 text blocks
Translating batch 1/1: 5 blocks, 1488 chars
Translated 5/5 text blocks
Translating batch 1/1: 1 blocks, 265 chars
Translated 1/1 text blocks
Translating batch 1/1: 6 blocks, 2445 chars
Translated 6/6 text blocks
Translating batch 1/1: 1 blocks, 1249 chars
Translated 1/1 text blocks
Translating batch 1/1: 1 blocks, 498 chars
Translated 1/1 text blocks
Translating batch 1/1: 6 blocks, 1230 chars
Warning: supplier returned 3 translations for 6 inputs; retrying one by one
Translated 6/6 text blocks
Translating batch 1/1: 8 blocks, 1817 chars
Translated 8/8 text blocks
Translating batch 1/1: 6 blocks, 2118 chars
Translated 6/6 text blocks
Translating batch 1/1: 8 blocks, 1288 chars
Translated 8/8 text blocks
Translating batch 1/1: 8 blocks, 429 chars
Translated 8/8 text blocks
Translating batch 1/1: 8 blocks, 2264 chars
Warning: supplier response could not be parsed for 8 inputs; retrying one by one
Translated 8/8 text blocks
Translating batch 1/1: 1 blocks, 240 chars
Translated 1/1 text blocks
Translating batch 1/1: 1 blocks, 93 chars
Translated 1/1 text blocks
Translating batch 1/1: 1 blocks, 146 chars
Translated 1/1 text blocks
Translating batch 1/1: 8 blocks, 1681 chars
Translated 8/8 text blocks
Translating batch 1/1: 1 blocks, 457 chars
Translated 1/1 text blocks
Translating batch 1/1: 7 blocks, 1674 chars
Translated 7/7 text blocks
Translating batch 1/1: 1 blocks, 857 chars
Translated 1/1 text blocks
Translating batch 1/1: 1 blocks, 353 chars
Translated 1/1 text blocks
Translating batch 1/1: 1 blocks, 118 chars
Translated 1/1 text blocks
Translating batch 1/1: 1 blocks, 216 chars
Translated 1/1 text blocks
feat NOT subset; don't know how to subset; dropped
meta NOT subset; don't know how to subset; dropped
morx NOT subset; don't know how to subset; dropped
meta NOT subset; don't know how to subset; dropped
feat NOT subset; don't know how to subset; dropped
meta NOT subset; don't know how to subset; dropped
morx NOT subset; don't know how to subset; dropped
meta NOT subset; don't know how to subset; dropped
Warning: Detected layout profile: generic_two_column (confidence 0.72, 2 columns)
Warning: Page 8: translated run_in_heading block still looks like English after retry
Warning: Page 15: translated run_in_heading block still looks like English after retry
Warning: Page 7: restored 1 formula atom group(s) after prose redaction
Warning: Kept source fonts intact to preserve figure and formula glyph mappings
Wrote: /Users/liyufeng/Code/awesome_Gflow/pdfs/zh/N011_zh.pdf
Pages: 18
Translated text blocks: 115
Skipped text blocks: 352
