Translating batch 1/1: 6 blocks, 2211 chars
Translated 6/6 text blocks
Translating batch 1/1: 5 blocks, 2446 chars
Warning: supplier returned 4 translations for 5 inputs; retrying one by one
Translated 5/5 text blocks
Translating batch 1/1: 7 blocks, 2416 chars
Translated 7/7 text blocks
Translating batch 1/1: 8 blocks, 1478 chars
Translated 8/8 text blocks
Translating batch 1/1: 1 blocks, 705 chars
Translated 1/1 text blocks
Translating batch 1/1: 1 blocks, 359 chars
Translated 1/1 text blocks
Translating batch 1/1: 1 blocks, 345 chars
Translated 1/1 text blocks
Translating batch 1/1: 8 blocks, 1491 chars
Translated 8/8 text blocks
Translating batch 1/1: 1 blocks, 650 chars
Translated 1/1 text blocks
Translating batch 1/1: 1 blocks, 385 chars
Translated 1/1 text blocks
Translating batch 1/2: 8 blocks, 354 chars
Warning: supplier returned 1 translations for 8 inputs; retrying one by one
Translated 8/10 text blocks
Translating batch 2/2: 2 blocks, 262 chars
Translated 10/10 text blocks
Translating batch 1/1: 8 blocks, 1143 chars
Translated 8/8 text blocks
Translating batch 1/1: 7 blocks, 2369 chars
Translated 7/7 text blocks
Translating batch 1/1: 8 blocks, 1850 chars
Warning: supplier returned 6 translations for 8 inputs; retrying one by one
Translated 8/8 text blocks
Translating batch 1/1: 1 blocks, 854 chars
Translated 1/1 text blocks
Translating batch 1/1: 1 blocks, 357 chars
Translated 1/1 text blocks
Translating batch 1/1: 1 blocks, 496 chars
Translated 1/1 text blocks
Translating batch 1/1: 8 blocks, 1968 chars
Translated 8/8 text blocks
Translating batch 1/1: 1 blocks, 686 chars
Translated 1/1 text blocks
Translating batch 1/1: 6 blocks, 929 chars
Translated 6/6 text blocks
Translating batch 1/1: 3 blocks, 2486 chars
Translated 3/3 text blocks
Translating batch 1/1: 3 blocks, 1918 chars
Translated 3/3 text blocks
Translating batch 1/1: 5 blocks, 2070 chars
Translated 5/5 text blocks
Translating batch 1/1: 2 blocks, 1532 chars
Translated 2/2 text blocks
Translating batch 1/1: 8 blocks, 2459 chars
Translated 8/8 text blocks
Translating batch 1/1: 8 blocks, 1353 chars
Translated 8/8 text blocks
Translating batch 1/1: 8 blocks, 2372 chars
Translated 8/8 text blocks
Translating batch 1/1: 1 blocks, 907 chars
Translated 1/1 text blocks
Translating batch 1/1: 8 blocks, 1598 chars
Translated 8/8 text blocks
Translating batch 1/1: 1 blocks, 230 chars
Translated 1/1 text blocks
Translating batch 1/1: 1 blocks, 85 chars
Translated 1/1 text blocks
Translating batch 1/1: 1 blocks, 144 chars
Translated 1/1 text blocks
Translating batch 1/1: 8 blocks, 537 chars
Translated 8/8 text blocks
Translating batch 1/1: 1 blocks, 72 chars
Translated 1/1 text blocks
Translating batch 1/1: 8 blocks, 730 chars
Translated 8/8 text blocks
Translating batch 1/1: 8 blocks, 361 chars
Translated 8/8 text blocks
Translating batch 1/1: 8 blocks, 1449 chars
Translated 8/8 text blocks
Translating batch 1/1: 7 blocks, 2442 chars
Translated 7/7 text blocks
Translating batch 1/1: 8 blocks, 1942 chars
Translated 8/8 text blocks
Translating batch 1/1: 8 blocks, 1457 chars
Translated 8/8 text blocks
Translating batch 1/1: 8 blocks, 1398 chars
Translated 8/8 text blocks
Translating batch 1/1: 5 blocks, 313 chars
Translated 5/5 text blocks
Translating batch 1/1: 1 blocks, 171 chars
Translated 1/1 text blocks
feat NOT subset; don't know how to subset; dropped
meta NOT subset; don't know how to subset; dropped
morx NOT subset; don't know how to subset; dropped
meta NOT subset; don't know how to subset; dropped
feat NOT subset; don't know how to subset; dropped
meta NOT subset; don't know how to subset; dropped
morx NOT subset; don't know how to subset; dropped
meta NOT subset; don't know how to subset; dropped
Warning: Detected layout profile: single_column (confidence 0.65, 1 column)
Warning: Page 17: translated run_in_heading block still looks like English after retry
Warning: Kept source fonts intact to preserve figure and formula glyph mappings
Wrote: /Users/liyufeng/Code/awesome_Gflow/pdfs/zh/N015_zh.pdf
Pages: 24
Translated text blocks: 217
Skipped text blocks: 691
