Translating batch 1/1: 7 blocks, 2124 chars
Translated 7/7 text blocks
Translating batch 1/1: 8 blocks, 1504 chars
Translated 8/8 text blocks
Translating batch 1/1: 5 blocks, 1707 chars
Translated 5/5 text blocks
Translating batch 1/1: 1 blocks, 1289 chars
Translated 1/1 text blocks
Translating batch 1/1: 5 blocks, 2082 chars
Translated 5/5 text blocks
Translating batch 1/1: 5 blocks, 2152 chars
Translated 5/5 text blocks
Translating batch 1/1: 1 blocks, 663 chars
Translated 1/1 text blocks
Translating batch 1/1: 1 blocks, 269 chars
Translated 1/1 text blocks
Translating batch 1/1: 1 blocks, 146 chars
Translated 1/1 text blocks
Translating batch 1/1: 1 blocks, 1061 chars
Translated 1/1 text blocks
Translating batch 1/1: 8 blocks, 1879 chars
Translated 8/8 text blocks
Translating batch 1/1: 1 blocks, 682 chars
Translated 1/1 text blocks
Translating batch 1/1: 1 blocks, 322 chars
Translated 1/1 text blocks
Translating batch 1/1: 1 blocks, 359 chars
Translated 1/1 text blocks
Translating batch 1/1: 8 blocks, 2314 chars
Translated 8/8 text blocks
Translating batch 1/1: 1 blocks, 216 chars
Translated 1/1 text blocks
Translating batch 1/1: 4 blocks, 2319 chars
Warning: supplier returned 1 translations for 4 inputs; retrying one by one
Translated 4/4 text blocks
Translating batch 1/1: 7 blocks, 2459 chars
Warning: supplier returned 5 translations for 7 inputs; retrying one by one
Translated 7/7 text blocks
Translating batch 1/1: 8 blocks, 2313 chars
Translated 8/8 text blocks
Translating batch 1/1: 8 blocks, 2437 chars
Translated 8/8 text blocks
Translating batch 1/1: 1 blocks, 759 chars
Translated 1/1 text blocks
Translating batch 1/1: 8 blocks, 2013 chars
Translated 8/8 text blocks
Translating batch 1/1: 1 blocks, 510 chars
Translated 1/1 text blocks
Translating batch 1/1: 1 blocks, 289 chars
Translated 1/1 text blocks
Translating batch 1/2: 8 blocks, 395 chars
Warning: supplier returned 7 translations for 8 inputs; retrying one by one
Translated 8/10 text blocks
Translating batch 2/2: 2 blocks, 75 chars
Warning: supplier returned 1 translations for 2 inputs; retrying one by one
Translated 10/10 text blocks
Translating batch 1/1: 1 blocks, 426 chars
Translated 1/1 text blocks
Translating batch 1/1: 7 blocks, 2318 chars
Translated 7/7 text blocks
Translating batch 1/1: 4 blocks, 1489 chars
Translated 4/4 text blocks
Translating batch 1/1: 1 blocks, 660 chars
Translated 1/1 text blocks
Translating batch 1/1: 1 blocks, 273 chars
Translated 1/1 text blocks
Translating batch 1/1: 7 blocks, 636 chars
Warning: supplier returned 6 translations for 7 inputs; retrying one by one
Translated 7/7 text blocks
Translating batch 1/1: 3 blocks, 2469 chars
Translated 3/3 text blocks
Translating batch 1/1: 8 blocks, 1689 chars
Translated 8/8 text blocks
Translating batch 1/1: 8 blocks, 1639 chars
Translated 8/8 text blocks
Translating batch 1/1: 1 blocks, 291 chars
Translated 1/1 text blocks
Translating batch 1/1: 5 blocks, 273 chars
Translated 5/5 text blocks
Translating batch 1/1: 8 blocks, 1858 chars
Translated 8/8 text blocks
Translating batch 1/1: 8 blocks, 1962 chars
Translated 8/8 text blocks
Translating batch 1/1: 1 blocks, 177 chars
Translated 1/1 text blocks
Translating batch 1/1: 2 blocks, 173 chars
Warning: supplier returned 1 translations for 2 inputs; retrying one by one
Translated 2/2 text blocks
Translating batch 1/1: 1 blocks, 472 chars
Translated 1/1 text blocks
Translating batch 1/1: 1 blocks, 233 chars
Translated 1/1 text blocks
Translating batch 1/1: 5 blocks, 455 chars
Warning: supplier returned 1 translations for 5 inputs; retrying one by one
Translated 5/5 text blocks
Translating batch 1/1: 7 blocks, 2282 chars
Warning: supplier returned 6 translations for 7 inputs; retrying one by one
Translated 7/7 text blocks
Translating batch 1/1: 5 blocks, 2469 chars
Translated 5/5 text blocks
Translating batch 1/1: 1 blocks, 576 chars
Translated 1/1 text blocks
Translating batch 1/1: 1 blocks, 261 chars
Translated 1/1 text blocks
Translating batch 1/1: 4 blocks, 562 chars
Warning: supplier returned 2 translations for 4 inputs; retrying one by one
Translated 4/4 text blocks
Translating batch 1/1: 8 blocks, 2317 chars
Translated 8/8 text blocks
Translating batch 1/1: 1 blocks, 205 chars
Translated 1/1 text blocks
Translating batch 1/1: 6 blocks, 182 chars
Translated 6/6 text blocks
Translating batch 1/1: 1 blocks, 315 chars
Translated 1/1 text blocks
Translating batch 1/1: 6 blocks, 1597 chars
Translated 6/6 text blocks
Translating batch 1/1: 1 blocks, 546 chars
Translated 1/1 text blocks
Translating batch 1/1: 1 blocks, 400 chars
Translated 1/1 text blocks
Translating batch 1/1: 8 blocks, 520 chars
Warning: supplier returned 7 translations for 8 inputs; retrying one by one
Translated 8/8 text blocks
Translating batch 1/1: 7 blocks, 2335 chars
Translated 7/7 text blocks
Translating batch 1/1: 6 blocks, 1908 chars
Translated 6/6 text blocks
Translating batch 1/1: 4 blocks, 1577 chars
Translated 4/4 text blocks
Translating batch 1/1: 1 blocks, 720 chars
Translated 1/1 text blocks
Translating batch 1/1: 5 blocks, 2371 chars
Translated 5/5 text blocks
feat NOT subset; don't know how to subset; dropped
meta NOT subset; don't know how to subset; dropped
morx NOT subset; don't know how to subset; dropped
meta NOT subset; don't know how to subset; dropped
feat NOT subset; don't know how to subset; dropped
meta NOT subset; don't know how to subset; dropped
morx NOT subset; don't know how to subset; dropped
meta NOT subset; don't know how to subset; dropped
Warning: Detected layout profile: single_column (confidence 0.65, 1 column)
Warning: Page 23: restored 2 formula atom group(s) after prose redaction
Warning: Kept source fonts intact to preserve figure and formula glyph mappings
Wrote: /Users/liyufeng/Code/awesome_Gflow/pdfs/zh/N018_zh.pdf
Pages: 27
Translated text blocks: 166
Skipped text blocks: 531
