Translating batch 1/1: 8 blocks, 1741 chars
Translated 8/8 text blocks
Translating batch 1/1: 2 blocks, 2043 chars
Translated 2/2 text blocks
Translating batch 1/1: 7 blocks, 2454 chars
Warning: supplier returned 6 translations for 7 inputs; retrying one by one
Translated 7/7 text blocks
Translating batch 1/1: 8 blocks, 1453 chars
Translated 8/8 text blocks
Translating batch 1/1: 1 blocks, 490 chars
Translated 1/1 text blocks
Translating batch 1/1: 8 blocks, 2452 chars
Warning: supplier returned 7 translations for 8 inputs; retrying one by one
Translated 8/8 text blocks
Translating batch 1/1: 1 blocks, 573 chars
Translated 1/1 text blocks
Translating batch 1/1: 1 blocks, 211 chars
Translated 1/1 text blocks
Translating batch 1/1: 1 blocks, 361 chars
Translated 1/1 text blocks
Translating batch 1/1: 8 blocks, 1508 chars
Translated 8/8 text blocks
Translating batch 1/1: 8 blocks, 2213 chars
Translated 8/8 text blocks
Translating batch 1/1: 8 blocks, 1135 chars
Translated 8/8 text blocks
Translating batch 1/1: 8 blocks, 2125 chars
Translated 8/8 text blocks
Translating batch 1/1: 6 blocks, 2366 chars
Translated 6/6 text blocks
Translating batch 1/1: 8 blocks, 2428 chars
Translated 8/8 text blocks
Translating batch 1/1: 6 blocks, 1557 chars
Translated 6/6 text blocks
Translating batch 1/1: 1 blocks, 1212 chars
Translated 1/1 text blocks
Translating batch 1/1: 2 blocks, 1521 chars
Translated 2/2 text blocks
Translating batch 1/1: 8 blocks, 2317 chars
Warning: supplier returned 7 translations for 8 inputs; retrying one by one
Translated 8/8 text blocks
Translating batch 1/1: 8 blocks, 754 chars
Translated 8/8 text blocks
Translating batch 1/1: 8 blocks, 735 chars
Translated 8/8 text blocks
Translating batch 1/1: 4 blocks, 2473 chars
Translated 4/4 text blocks
Translating batch 1/1: 8 blocks, 1554 chars
Translated 8/8 text blocks
Translating batch 1/1: 5 blocks, 2415 chars
Translated 5/5 text blocks
Translating batch 1/1: 8 blocks, 1196 chars
Translated 8/8 text blocks
Translating batch 1/1: 8 blocks, 488 chars
Translated 8/8 text blocks
Translating batch 1/1: 8 blocks, 451 chars
Translated 8/8 text blocks
Translating batch 1/1: 1 blocks, 88 chars
Translated 1/1 text blocks
Translating batch 1/1: 2 blocks, 1694 chars
Warning: supplier response could not be parsed for 2 inputs; retrying one by one
Translated 2/2 text blocks
Translating batch 1/1: 1 blocks, 17 chars
Translated 1/1 text blocks
Translating batch 1/1: 1 blocks, 12 chars
Translated 1/1 text blocks
feat NOT subset; don't know how to subset; dropped
meta NOT subset; don't know how to subset; dropped
morx NOT subset; don't know how to subset; dropped
meta NOT subset; don't know how to subset; dropped
feat NOT subset; don't know how to subset; dropped
meta NOT subset; don't know how to subset; dropped
morx NOT subset; don't know how to subset; dropped
meta NOT subset; don't know how to subset; dropped
Warning: Detected layout profile: unknown (confidence 0.35, 2 columns)
Warning: Page 6: translated body block still looks like English after retry
Warning: Page 8: translated body block still looks like English after retry
Warning: Page 1: restored 1 protected region(s) affected by PDF redaction
Warning: Page 3: restored 1 formula atom group(s) after prose redaction
Warning: Page 5: restored 1 protected region(s) affected by PDF redaction
Warning: Kept source fonts intact to preserve figure and formula glyph mappings
Wrote: /Users/liyufeng/Code/awesome_Gflow/pdfs/zh/N019_zh.pdf
Pages: 22
Translated text blocks: 167
Skipped text blocks: 115
