Translating batch 1/1: 8 blocks, 2070 chars
Translated 8/8 text blocks
Translating batch 1/1: 8 blocks, 2123 chars
Warning: supplier returned 7 translations for 8 inputs; retrying one by one
Translated 8/8 text blocks
Translating batch 1/1: 4 blocks, 1996 chars
Translated 4/4 text blocks
Translating batch 1/1: 6 blocks, 2340 chars
Translated 6/6 text blocks
Translating batch 1/1: 8 blocks, 1076 chars
Translated 8/8 text blocks
Translating batch 1/1: 1 blocks, 263 chars
Translated 1/1 text blocks
Translating batch 1/1: 1 blocks, 337 chars
Translated 1/1 text blocks
Translating batch 1/1: 8 blocks, 784 chars
Translated 8/8 text blocks
Translating batch 1/1: 1 blocks, 188 chars
Translated 1/1 text blocks
Translating batch 1/1: 4 blocks, 177 chars
Translated 4/4 text blocks
Translating batch 1/1: 8 blocks, 2043 chars
Translated 8/8 text blocks
Translating batch 1/1: 8 blocks, 2484 chars
Translated 8/8 text blocks
Translating batch 1/1: 8 blocks, 1330 chars
Warning: supplier returned 7 translations for 8 inputs; retrying one by one
Warning: single-item JSON translation failed (Invalid control character at: line 1 column 94 (char 93)); using plain-text fallback
Translated 8/8 text blocks
Translating batch 1/1: 1 blocks, 317 chars
Warning: single-item JSON translation failed (Invalid control character at: line 1 column 94 (char 93)); using plain-text fallback
Translated 1/1 text blocks
Translating batch 1/2: 8 blocks, 271 chars
Warning: supplier returned 3 translations for 8 inputs; retrying one by one
Translated 8/9 text blocks
Translating batch 2/2: 1 blocks, 19 chars
Translated 9/9 text blocks
Translating batch 1/1: 7 blocks, 1678 chars
Translated 7/7 text blocks
Translating batch 1/1: 1 blocks, 188 chars
Translated 1/1 text blocks
Translating batch 1/1: 3 blocks, 180 chars
Warning: supplier returned 2 translations for 3 inputs; retrying one by one
Translated 3/3 text blocks
Translating batch 1/1: 8 blocks, 1592 chars
Translated 8/8 text blocks
Translating batch 1/1: 8 blocks, 768 chars
Translated 8/8 text blocks
Translating batch 1/1: 8 blocks, 1128 chars
Translated 8/8 text blocks
Translating batch 1/1: 8 blocks, 1408 chars
Translated 8/8 text blocks
Translating batch 1/1: 1 blocks, 365 chars
Translated 1/1 text blocks
Translating batch 1/1: 8 blocks, 1179 chars
Translated 8/8 text blocks
Translating batch 1/1: 5 blocks, 2004 chars
Translated 5/5 text blocks
Translating batch 1/1: 1 blocks, 462 chars
Translated 1/1 text blocks
Translating batch 1/1: 1 blocks, 239 chars
Translated 1/1 text blocks
Translating batch 1/1: 6 blocks, 422 chars
Warning: supplier returned 5 translations for 6 inputs; retrying one by one
Translated 6/6 text blocks
Translating batch 1/1: 8 blocks, 2440 chars
Translated 8/8 text blocks
Translating batch 1/1: 8 blocks, 733 chars
Translated 8/8 text blocks
Translating batch 1/1: 8 blocks, 571 chars
Translated 8/8 text blocks
Translating batch 1/1: 8 blocks, 1796 chars
Translated 8/8 text blocks
Translating batch 1/1: 1 blocks, 386 chars
Translated 1/1 text blocks
Translating batch 1/1: 1 blocks, 268 chars
Translated 1/1 text blocks
Translating batch 1/1: 1 blocks, 117 chars
Translated 1/1 text blocks
Translating batch 1/1: 8 blocks, 1680 chars
Translated 8/8 text blocks
Translating batch 1/1: 1 blocks, 194 chars
Translated 1/1 text blocks
Translating batch 1/1: 8 blocks, 2303 chars
Translated 8/8 text blocks
Translating batch 1/1: 8 blocks, 1376 chars
Translated 8/8 text blocks
Translating batch 1/1: 1 blocks, 354 chars
Translated 1/1 text blocks
Translating batch 1/1: 8 blocks, 716 chars
Translated 8/8 text blocks
Translating batch 1/1: 8 blocks, 422 chars
Translated 8/8 text blocks
Translating batch 1/1: 8 blocks, 545 chars
Translated 8/8 text blocks
Translating batch 1/1: 8 blocks, 1736 chars
Translated 8/8 text blocks
Translating batch 1/1: 1 blocks, 507 chars
Translated 1/1 text blocks
Translating batch 1/1: 1 blocks, 295 chars
Translated 1/1 text blocks
Translating batch 1/1: 6 blocks, 467 chars
Translated 6/6 text blocks
Translating batch 1/1: 8 blocks, 411 chars
Translated 8/8 text blocks
Translating batch 1/1: 8 blocks, 1436 chars
Translated 8/8 text blocks
Translating batch 1/1: 8 blocks, 1346 chars
Translated 8/8 text blocks
Translating batch 1/1: 8 blocks, 1692 chars
Translated 8/8 text blocks
Translating batch 1/1: 8 blocks, 1728 chars
Warning: supplier response could not be parsed for 8 inputs; retrying one by one
Translated 8/8 text blocks
Translating batch 1/1: 8 blocks, 2374 chars
Translated 8/8 text blocks
Translating batch 1/1: 6 blocks, 2247 chars
Translated 6/6 text blocks
Translating batch 1/1: 5 blocks, 2414 chars
Translated 5/5 text blocks
Translating batch 1/1: 4 blocks, 1608 chars
Translated 4/4 text blocks
Translating batch 1/1: 2 blocks, 708 chars
Translated 2/2 text blocks
feat NOT subset; don't know how to subset; dropped
meta NOT subset; don't know how to subset; dropped
morx NOT subset; don't know how to subset; dropped
meta NOT subset; don't know how to subset; dropped
feat NOT subset; don't know how to subset; dropped
meta NOT subset; don't know how to subset; dropped
morx NOT subset; don't know how to subset; dropped
meta NOT subset; don't know how to subset; dropped
feat NOT subset; don't know how to subset; dropped
meta NOT subset; don't know how to subset; dropped
morx NOT subset; don't know how to subset; dropped
meta NOT subset; don't know how to subset; dropped
Warning: Detected layout profile: single_column (confidence 0.65, 1 column)
Warning: Page 3: translated body block still looks like English after retry
Warning: Page 24: translated caption block still looks like English after retry
Warning: Page 14: restored 1 formula atom group(s) after prose redaction
Warning: Page 25: restored 6 protected region(s) affected by PDF redaction
Warning: Kept source fonts intact to preserve figure and formula glyph mappings
Wrote: /Users/liyufeng/Code/awesome_Gflow/pdfs/zh/N029_zh.pdf
Pages: 28
Translated text blocks: 287
Skipped text blocks: 357
