Translating batch 1/1: 7 blocks, 2334 chars
Translated 7/7 text blocks
Translating batch 1/1: 4 blocks, 2448 chars
Translated 4/4 text blocks
Translating batch 1/1: 2 blocks, 1525 chars
Translated 2/2 text blocks
Translating batch 1/1: 8 blocks, 2407 chars
Translated 8/8 text blocks
Translating batch 1/1: 8 blocks, 2116 chars
Translated 8/8 text blocks
Translating batch 1/1: 1 blocks, 453 chars
Translated 1/1 text blocks
Translating batch 1/1: 1 blocks, 174 chars
Translated 1/1 text blocks
Translating batch 1/2: 8 blocks, 187 chars
Translated 8/10 text blocks
Translating batch 2/2: 2 blocks, 227 chars
Warning: supplier returned 1 translations for 2 inputs; retrying one by one
Translated 10/10 text blocks
Translating batch 1/1: 8 blocks, 1439 chars
Translated 8/8 text blocks
Translating batch 1/1: 8 blocks, 1347 chars
Translated 8/8 text blocks
Translating batch 1/1: 8 blocks, 2100 chars
Translated 8/8 text blocks
Translating batch 1/1: 6 blocks, 2444 chars
Translated 6/6 text blocks
Translating batch 1/1: 8 blocks, 2397 chars
Translated 8/8 text blocks
Translating batch 1/1: 1 blocks, 251 chars
Translated 1/1 text blocks
Translating batch 1/1: 1 blocks, 102 chars
Translated 1/1 text blocks
Translating batch 1/1: 5 blocks, 235 chars
Warning: supplier returned 4 translations for 5 inputs; retrying one by one
Translated 5/5 text blocks
Translating batch 1/1: 1 blocks, 929 chars
Translated 1/1 text blocks
Translating batch 1/1: 8 blocks, 1814 chars
Translated 8/8 text blocks
Translating batch 1/1: 1 blocks, 503 chars
Translated 1/1 text blocks
Translating batch 1/1: 8 blocks, 1000 chars
Translated 8/8 text blocks
Translating batch 1/1: 8 blocks, 1580 chars
Translated 8/8 text blocks
Translating batch 1/1: 8 blocks, 1961 chars
Translated 8/8 text blocks
Translating batch 1/1: 1 blocks, 555 chars
Translated 1/1 text blocks
Translating batch 1/1: 1 blocks, 297 chars
Warning: single-item JSON translation failed (Illegal trailing comma before end of array: line 2 column 99 (char 100)); using plain-text fallback
Translated 1/1 text blocks
Translating batch 1/1: 1 blocks, 257 chars
Translated 1/1 text blocks
Translating batch 1/1: 7 blocks, 534 chars
Warning: supplier returned 6 translations for 7 inputs; retrying one by one
Translated 7/7 text blocks
Translating batch 1/1: 8 blocks, 1525 chars
Translated 8/8 text blocks
Translating batch 1/1: 1 blocks, 35 chars
Translated 1/1 text blocks
Translating batch 1/1: 8 blocks, 1260 chars
Warning: supplier returned 1 translations for 8 inputs; retrying one by one
Translated 8/8 text blocks
Translating batch 1/1: 1 blocks, 210 chars
Translated 1/1 text blocks
Translating batch 1/1: 7 blocks, 180 chars
Warning: supplier returned 6 translations for 7 inputs; retrying one by one
Translated 7/7 text blocks
Translating batch 1/1: 1 blocks, 416 chars
Translated 1/1 text blocks
Translating batch 1/1: 1 blocks, 221 chars
Translated 1/1 text blocks
Translating batch 1/1: 6 blocks, 389 chars
Warning: supplier returned 5 translations for 6 inputs; retrying one by one
Translated 6/6 text blocks
Translating batch 1/1: 8 blocks, 1629 chars
Warning: supplier returned 5 translations for 8 inputs; retrying one by one
Translated 8/8 text blocks
Translating batch 1/1: 1 blocks, 316 chars
Translated 1/1 text blocks
Translating batch 1/1: 1 blocks, 188 chars
Translated 1/1 text blocks
Translating batch 1/2: 8 blocks, 247 chars
Translated 8/9 text blocks
Translating batch 2/2: 1 blocks, 15 chars
Translated 9/9 text blocks
Translating batch 1/1: 8 blocks, 1603 chars
Translated 8/8 text blocks
Translating batch 1/1: 1 blocks, 282 chars
Translated 1/1 text blocks
Translating batch 1/1: 1 blocks, 455 chars
Translated 1/1 text blocks
Translating batch 1/1: 1 blocks, 331 chars
Translated 1/1 text blocks
Translating batch 1/1: 1 blocks, 123 chars
Translated 1/1 text blocks
Translating batch 1/1: 8 blocks, 2143 chars
Translated 8/8 text blocks
Translating batch 1/1: 1 blocks, 118 chars
Translated 1/1 text blocks
Translating batch 1/1: 2 blocks, 115 chars
Warning: supplier returned 1 translations for 2 inputs; retrying one by one
Translated 2/2 text blocks
Translating batch 1/1: 1 blocks, 888 chars
Translated 1/1 text blocks
Translating batch 1/1: 1 blocks, 426 chars
Translated 1/1 text blocks
Translating batch 1/2: 8 blocks, 254 chars
Translated 8/11 text blocks
Translating batch 2/2: 3 blocks, 595 chars
Translated 11/11 text blocks
Translating batch 1/1: 1 blocks, 422 chars
Translated 1/1 text blocks
Translating batch 1/1: 8 blocks, 1190 chars
Translated 8/8 text blocks
Translating batch 1/1: 8 blocks, 1183 chars
Translated 8/8 text blocks
Translating batch 1/1: 1 blocks, 295 chars
Translated 1/1 text blocks
Translating batch 1/1: 1 blocks, 145 chars
Translated 1/1 text blocks
Translating batch 1/1: 1 blocks, 149 chars
Translated 1/1 text blocks
Translating batch 1/1: 2 blocks, 291 chars
Translated 2/2 text blocks
Translating batch 1/1: 1 blocks, 247 chars
Translated 1/1 text blocks
Translating batch 1/1: 1 blocks, 95 chars
Translated 1/1 text blocks
Translating batch 1/1: 1 blocks, 151 chars
Translated 1/1 text blocks
Translating batch 1/2: 8 blocks, 186 chars
Translated 8/9 text blocks
Translating batch 2/2: 1 blocks, 21 chars
Translated 9/9 text blocks
Translating batch 1/1: 8 blocks, 1126 chars
Translated 8/8 text blocks
Translating batch 1/1: 8 blocks, 1966 chars
Translated 8/8 text blocks
Translating batch 1/1: 8 blocks, 2114 chars
Translated 8/8 text blocks
Translating batch 1/1: 8 blocks, 1447 chars
Translated 8/8 text blocks
Translating batch 1/1: 1 blocks, 120 chars
Translated 1/1 text blocks
Translating batch 1/1: 5 blocks, 95 chars
Translated 5/5 text blocks
Translating batch 1/1: 1 blocks, 320 chars
Translated 1/1 text blocks
Translating batch 1/1: 7 blocks, 2485 chars
Translated 7/7 text blocks
Translating batch 1/1: 6 blocks, 1494 chars
Translated 6/6 text blocks
Translating batch 1/1: 3 blocks, 2403 chars
Translated 3/3 text blocks
Translating batch 1/1: 8 blocks, 1541 chars
Translated 8/8 text blocks
Translating batch 1/1: 8 blocks, 908 chars
Warning: supplier returned 4 translations for 8 inputs; retrying one by one
Translated 8/8 text blocks
Translating batch 1/1: 1 blocks, 535 chars
Translated 1/1 text blocks
Translating batch 1/1: 1 blocks, 295 chars
Translated 1/1 text blocks
Translating batch 1/2: 8 blocks, 353 chars
Translated 8/12 text blocks
Translating batch 2/2: 4 blocks, 123 chars
Translated 12/12 text blocks
Translating batch 1/1: 8 blocks, 1253 chars
Translated 8/8 text blocks
Translating batch 1/1: 8 blocks, 1558 chars
Translated 8/8 text blocks
Translating batch 1/1: 1 blocks, 305 chars
Translated 1/1 text blocks
Translating batch 1/1: 1 blocks, 175 chars
Translated 1/1 text blocks
Translating batch 1/1: 1 blocks, 129 chars
Translated 1/1 text blocks
Translating batch 1/1: 1 blocks, 337 chars
Translated 1/1 text blocks
Translating batch 1/1: 1 blocks, 239 chars
Translated 1/1 text blocks
Translating batch 1/1: 1 blocks, 97 chars
Translated 1/1 text blocks
Translating batch 1/1: 8 blocks, 2120 chars
Translated 8/8 text blocks
Translating batch 1/1: 1 blocks, 418 chars
Translated 1/1 text blocks
Translating batch 1/1: 1 blocks, 127 chars
Translated 1/1 text blocks
Translating batch 1/1: 1 blocks, 290 chars
Translated 1/1 text blocks
Translating batch 1/3: 8 blocks, 155 chars
Warning: supplier returned 6 translations for 8 inputs; retrying one by one
Translated 8/20 text blocks
Translating batch 2/3: 8 blocks, 53 chars
Translated 16/20 text blocks
Translating batch 3/3: 4 blocks, 106 chars
Warning: supplier returned 3 translations for 4 inputs; retrying one by one
Translated 20/20 text blocks
Translating batch 1/1: 8 blocks, 1280 chars
Translated 8/8 text blocks
Translating batch 1/1: 1 blocks, 94 chars
Translated 1/1 text blocks
Translating batch 1/1: 1 blocks, 136 chars
Translated 1/1 text blocks
Translating batch 1/1: 6 blocks, 109 chars
Warning: supplier returned 5 translations for 6 inputs; retrying one by one
Translated 6/6 text blocks
Translating batch 1/1: 6 blocks, 1950 chars
Translated 6/6 text blocks
Translating batch 1/1: 8 blocks, 2347 chars
Translated 8/8 text blocks
Translating batch 1/1: 1 blocks, 1072 chars
Translated 1/1 text blocks
Translating batch 1/1: 8 blocks, 2290 chars
Translated 8/8 text blocks
Translating batch 1/1: 1 blocks, 822 chars
Translated 1/1 text blocks
Translating batch 1/1: 1 blocks, 489 chars
Translated 1/1 text blocks
Translating batch 1/1: 8 blocks, 773 chars
Warning: supplier returned 1 translations for 8 inputs; retrying one by one
Translated 8/8 text blocks
Translating batch 1/1: 1 blocks, 811 chars
Translated 1/1 text blocks
Translating batch 1/1: 1 blocks, 371 chars
Translated 1/1 text blocks
Translating batch 1/1: 1 blocks, 439 chars
Translated 1/1 text blocks
Translating batch 1/1: 4 blocks, 799 chars
Warning: supplier returned 3 translations for 4 inputs; retrying one by one
Translated 4/4 text blocks
Translating batch 1/1: 8 blocks, 1892 chars
Translated 8/8 text blocks
Translating batch 1/1: 8 blocks, 1176 chars
Translated 8/8 text blocks
Translating batch 1/1: 8 blocks, 2185 chars
Translated 8/8 text blocks
Translating batch 1/1: 8 blocks, 1618 chars
Translated 8/8 text blocks
Translating batch 1/1: 5 blocks, 1627 chars
Translated 5/5 text blocks
Translating batch 1/1: 2 blocks, 1035 chars
Translated 2/2 text blocks
feat NOT subset; don't know how to subset; dropped
meta NOT subset; don't know how to subset; dropped
morx NOT subset; don't know how to subset; dropped
meta NOT subset; don't know how to subset; dropped
feat NOT subset; don't know how to subset; dropped
meta NOT subset; don't know how to subset; dropped
morx NOT subset; don't know how to subset; dropped
meta NOT subset; don't know how to subset; dropped
feat NOT subset; don't know how to subset; dropped
meta NOT subset; don't know how to subset; dropped
morx NOT subset; don't know how to subset; dropped
meta NOT subset; don't know how to subset; dropped
Warning: Detected layout profile: generic_two_column (confidence 0.72, 2 columns)
Warning: Page 25: translated body block still looks like English after retry
Warning: Page 6: restored 1 formula atom group(s) after prose redaction
Warning: Page 8: restored 1 formula atom group(s) after prose redaction
Warning: Kept source fonts intact to preserve figure and formula glyph mappings
Wrote: /Users/liyufeng/Code/awesome_Gflow/pdfs/zh/N082_zh.pdf
Pages: 26
Translated text blocks: 333
Skipped text blocks: 266
