Translating batch 1/1: 7 blocks, 1652 chars
Translated 7/7 text blocks
Translating batch 1/1: 3 blocks, 1898 chars
Translated 3/3 text blocks
Translating batch 1/1: 5 blocks, 2278 chars
Warning: supplier response could not be parsed for 5 inputs; retrying one by one
Translated 5/5 text blocks
Translating batch 1/1: 8 blocks, 2338 chars
Warning: supplier returned 7 translations for 8 inputs; retrying one by one
Translated 8/8 text blocks
Translating batch 1/1: 1 blocks, 55 chars
Translated 1/1 text blocks
Translating batch 1/1: 2 blocks, 44 chars
Translated 2/2 text blocks
Translating batch 1/1: 8 blocks, 2267 chars
Translated 8/8 text blocks
Translating batch 1/1: 1 blocks, 340 chars
Translated 1/1 text blocks
Translating batch 1/1: 1 blocks, 135 chars
Translated 1/1 text blocks
Translating batch 1/1: 1 blocks, 204 chars
Translated 1/1 text blocks
Translating batch 1/1: 7 blocks, 303 chars
Translated 7/7 text blocks
Translating batch 1/1: 8 blocks, 2388 chars
Translated 8/8 text blocks
Translating batch 1/1: 1 blocks, 756 chars
Translated 1/1 text blocks
Translating batch 1/1: 1 blocks, 425 chars
Translated 1/1 text blocks
Translating batch 1/1: 5 blocks, 739 chars
Translated 5/5 text blocks
Translating batch 1/1: 6 blocks, 2397 chars
Translated 6/6 text blocks
Translating batch 1/1: 1 blocks, 481 chars
Translated 1/1 text blocks
Translating batch 1/1: 8 blocks, 1972 chars
Translated 8/8 text blocks
Translating batch 1/1: 1 blocks, 438 chars
Translated 1/1 text blocks
Translating batch 1/1: 1 blocks, 258 chars
Translated 1/1 text blocks
Translating batch 1/1: 1 blocks, 179 chars
Translated 1/1 text blocks
Translating batch 1/1: 8 blocks, 379 chars
Translated 8/8 text blocks
Translating batch 1/1: 8 blocks, 2361 chars
Translated 8/8 text blocks
Translating batch 1/1: 1 blocks, 267 chars
Translated 1/1 text blocks
Translating batch 1/1: 8 blocks, 1586 chars
Translated 8/8 text blocks
Translating batch 1/1: 8 blocks, 2317 chars
Translated 8/8 text blocks
Translating batch 1/1: 8 blocks, 1745 chars
Translated 8/8 text blocks
Translating batch 1/1: 8 blocks, 2067 chars
Translated 8/8 text blocks
Translating batch 1/1: 8 blocks, 2428 chars
Translated 8/8 text blocks
Translating batch 1/1: 7 blocks, 2333 chars
Translated 7/7 text blocks
Translating batch 1/1: 7 blocks, 2239 chars
Translated 7/7 text blocks
Translating batch 1/1: 1 blocks, 241 chars
Translated 1/1 text blocks
Translating batch 1/1: 1 blocks, 121 chars
Translated 1/1 text blocks
Translating batch 1/1: 5 blocks, 223 chars
Translated 5/5 text blocks
Translating batch 1/1: 8 blocks, 1747 chars
Translated 8/8 text blocks
Translating batch 1/1: 8 blocks, 794 chars
Translated 8/8 text blocks
Translating batch 1/1: 1 blocks, 109 chars
Translated 1/1 text blocks
Translating batch 1/1: 1 blocks, 74 chars
Translated 1/1 text blocks
Translating batch 1/1: 1 blocks, 87 chars
Translated 1/1 text blocks
Translating batch 1/1: 1 blocks, 373 chars
Translated 1/1 text blocks
Translating batch 1/1: 1 blocks, 186 chars
Translated 1/1 text blocks
Translating batch 1/1: 1 blocks, 186 chars
Translated 1/1 text blocks
Translating batch 1/1: 8 blocks, 970 chars
Translated 8/8 text blocks
Translating batch 1/1: 1 blocks, 213 chars
Translated 1/1 text blocks
Translating batch 1/1: 8 blocks, 818 chars
Translated 8/8 text blocks
Translating batch 1/1: 8 blocks, 1239 chars
Translated 8/8 text blocks
Translating batch 1/1: 8 blocks, 2272 chars
Translated 8/8 text blocks
Translating batch 1/1: 1 blocks, 588 chars
Translated 1/1 text blocks
Translating batch 1/1: 1 blocks, 311 chars
Translated 1/1 text blocks
Translating batch 1/1: 8 blocks, 562 chars
Warning: supplier returned 7 translations for 8 inputs; retrying one by one
Translated 8/8 text blocks
Translating batch 1/1: 8 blocks, 1154 chars
Translated 8/8 text blocks
Translating batch 1/1: 8 blocks, 488 chars
Translated 8/8 text blocks
Translating batch 1/1: 8 blocks, 483 chars
Translated 8/8 text blocks
Translating batch 1/1: 1 blocks, 93 chars
Translated 1/1 text blocks
Translating batch 1/1: 4 blocks, 72 chars
Translated 4/4 text blocks
Translating batch 1/1: 8 blocks, 390 chars
Translated 8/8 text blocks
Translating batch 1/1: 8 blocks, 630 chars
Translated 8/8 text blocks
Translating batch 1/1: 1 blocks, 232 chars
Translated 1/1 text blocks
Translating batch 1/1: 1 blocks, 121 chars
Translated 1/1 text blocks
Translating batch 1/1: 1 blocks, 110 chars
Translated 1/1 text blocks
Translating batch 1/2: 8 blocks, 76 chars
Translated 8/12 text blocks
Translating batch 2/2: 4 blocks, 105 chars
Translated 12/12 text blocks
Translating batch 1/1: 8 blocks, 1900 chars
Translated 8/8 text blocks
Translating batch 1/1: 8 blocks, 772 chars
Translated 8/8 text blocks
Translating batch 1/1: 8 blocks, 1240 chars
Translated 8/8 text blocks
Translating batch 1/1: 8 blocks, 304 chars
Translated 8/8 text blocks
Translating batch 1/1: 8 blocks, 557 chars
Translated 8/8 text blocks
Translating batch 1/1: 8 blocks, 1061 chars
Translated 8/8 text blocks
Translating batch 1/1: 1 blocks, 114 chars
Translated 1/1 text blocks
Translating batch 1/1: 8 blocks, 1022 chars
Translated 8/8 text blocks
Translating batch 1/1: 8 blocks, 1975 chars
Warning: supplier returned 5 translations for 8 inputs; retrying one by one
Translated 8/8 text blocks
Translating batch 1/1: 1 blocks, 517 chars
Translated 1/1 text blocks
Translating batch 1/1: 1 blocks, 248 chars
Translated 1/1 text blocks
Translating batch 1/1: 1 blocks, 268 chars
Translated 1/1 text blocks
Translating batch 1/1: 8 blocks, 1356 chars
Translated 8/8 text blocks
Translating batch 1/1: 8 blocks, 1567 chars
Translated 8/8 text blocks
Translating batch 1/1: 8 blocks, 587 chars
Translated 8/8 text blocks
Translating batch 1/1: 6 blocks, 1618 chars
Translated 6/6 text blocks
feat NOT subset; don't know how to subset; dropped
meta NOT subset; don't know how to subset; dropped
morx NOT subset; don't know how to subset; dropped
meta NOT subset; don't know how to subset; dropped
feat NOT subset; don't know how to subset; dropped
meta NOT subset; don't know how to subset; dropped
morx NOT subset; don't know how to subset; dropped
meta NOT subset; don't know how to subset; dropped
Warning: Detected layout profile: single_column (confidence 0.65, 1 column)
Warning: Page 3: translated body block still looks like English after retry
Warning: Page 3: translated run_in_heading block still looks like English after retry
Warning: Page 15: translated body block still looks like English after retry
Warning: Page 20: restored 3 formula atom group(s) after prose redaction
Warning: Kept source fonts intact to preserve figure and formula glyph mappings
Wrote: /Users/liyufeng/Code/awesome_Gflow/pdfs/zh/N103_zh.pdf
Pages: 29
Translated text blocks: 290
Skipped text blocks: 212
