Translating batch 1/1: 5 blocks, 1799 chars
Translated 5/5 text blocks
Translating batch 1/1: 4 blocks, 2301 chars
Translated 4/4 text blocks
Translating batch 1/1: 8 blocks, 2054 chars
Translated 8/8 text blocks
Translating batch 1/1: 8 blocks, 2183 chars
Translated 8/8 text blocks
Translating batch 1/1: 8 blocks, 2431 chars
Translated 8/8 text blocks
Translating batch 1/1: 1 blocks, 163 chars
Translated 1/1 text blocks
Translating batch 1/1: 1 blocks, 332 chars
Translated 1/1 text blocks
Translating batch 1/1: 8 blocks, 1100 chars
Warning: supplier returned 6 translations for 8 inputs; retrying one by one
Translated 8/8 text blocks
Translating batch 1/1: 1 blocks, 484 chars
Translated 1/1 text blocks
Translating batch 1/1: 1 blocks, 230 chars
Translated 1/1 text blocks
Translating batch 1/2: 8 blocks, 292 chars
Translated 8/12 text blocks
Translating batch 2/2: 4 blocks, 131 chars
Translated 12/12 text blocks
Translating batch 1/1: 8 blocks, 1033 chars
Translated 8/8 text blocks
Translating batch 1/1: 8 blocks, 2412 chars
Translated 8/8 text blocks
Translating batch 1/1: 1 blocks, 427 chars
Translated 1/1 text blocks
Translating batch 1/1: 1 blocks, 249 chars
Translated 1/1 text blocks
Translating batch 1/1: 1 blocks, 177 chars
Translated 1/1 text blocks
Translating batch 1/1: 1 blocks, 518 chars
Translated 1/1 text blocks
Translating batch 1/1: 1 blocks, 262 chars
Translated 1/1 text blocks
Translating batch 1/1: 1 blocks, 255 chars
Translated 1/1 text blocks
Translating batch 1/2: 8 blocks, 360 chars
Translated 8/11 text blocks
Translating batch 2/2: 3 blocks, 119 chars
Translated 11/11 text blocks
Translating batch 1/1: 8 blocks, 1706 chars
Translated 8/8 text blocks
Translating batch 1/1: 1 blocks, 706 chars
Translated 1/1 text blocks
Translating batch 1/1: 1 blocks, 200 chars
Translated 1/1 text blocks
Translating batch 1/1: 1 blocks, 505 chars
Translated 1/1 text blocks
Translating batch 1/3: 8 blocks, 294 chars
Warning: supplier returned 7 translations for 8 inputs; retrying one by one
Translated 8/18 text blocks
Translating batch 2/3: 8 blocks, 255 chars
Translated 16/18 text blocks
Translating batch 3/3: 2 blocks, 79 chars
Translated 18/18 text blocks
Translating batch 1/1: 7 blocks, 2017 chars
Translated 7/7 text blocks
Translating batch 1/1: 7 blocks, 2320 chars
Warning: supplier returned 6 translations for 7 inputs; retrying one by one
Translated 7/7 text blocks
Translating batch 1/1: 1 blocks, 801 chars
Translated 1/1 text blocks
Translating batch 1/1: 1 blocks, 385 chars
Translated 1/1 text blocks
Translating batch 1/1: 1 blocks, 415 chars
Translated 1/1 text blocks
Translating batch 1/1: 1 blocks, 114 chars
Translated 1/1 text blocks
Translating batch 1/1: 3 blocks, 106 chars
Translated 3/3 text blocks
Translating batch 1/1: 5 blocks, 2041 chars
Warning: supplier returned 4 translations for 5 inputs; retrying one by one
Translated 5/5 text blocks
Translating batch 1/1: 7 blocks, 2276 chars
Translated 7/7 text blocks
Translating batch 1/1: 8 blocks, 1922 chars
Translated 8/8 text blocks
Translating batch 1/1: 1 blocks, 434 chars
Translated 1/1 text blocks
Translating batch 1/1: 1 blocks, 254 chars
Translated 1/1 text blocks
Translating batch 1/1: 1 blocks, 179 chars
Translated 1/1 text blocks
Translating batch 1/1: 1 blocks, 460 chars
Translated 1/1 text blocks
Translating batch 1/1: 7 blocks, 2406 chars
Translated 7/7 text blocks
Translating batch 1/1: 1 blocks, 649 chars
Translated 1/1 text blocks
Translating batch 1/1: 1 blocks, 512 chars
Translated 1/1 text blocks
Translating batch 1/1: 1 blocks, 323 chars
Translated 1/1 text blocks
Translating batch 1/1: 1 blocks, 188 chars
Translated 1/1 text blocks
Translating batch 1/1: 4 blocks, 500 chars
Translated 4/4 text blocks
Translating batch 1/1: 4 blocks, 2450 chars
Translated 4/4 text blocks
Translating batch 1/1: 8 blocks, 2213 chars
Warning: supplier returned 6 translations for 8 inputs; retrying one by one
Translated 8/8 text blocks
Translating batch 1/1: 1 blocks, 638 chars
Translated 1/1 text blocks
Translating batch 1/1: 1 blocks, 331 chars
Translated 1/1 text blocks
Translating batch 1/1: 7 blocks, 614 chars
Warning: supplier returned 4 translations for 7 inputs; retrying one by one
Translated 7/7 text blocks
Translating batch 1/1: 8 blocks, 814 chars
Translated 8/8 text blocks
Translating batch 1/1: 8 blocks, 2401 chars
Translated 8/8 text blocks
Translating batch 1/1: 1 blocks, 851 chars
Translated 1/1 text blocks
Translating batch 1/1: 1 blocks, 367 chars
Translated 1/1 text blocks
Translating batch 1/3: 8 blocks, 371 chars
Warning: supplier returned 7 translations for 8 inputs; retrying one by one
Translated 8/22 text blocks
Translating batch 2/3: 8 blocks, 217 chars
Translated 16/22 text blocks
Translating batch 3/3: 6 blocks, 172 chars
Translated 22/22 text blocks
Translating batch 1/1: 8 blocks, 1861 chars
Translated 8/8 text blocks
Translating batch 1/1: 6 blocks, 1660 chars
Translated 6/6 text blocks
Translating batch 1/1: 3 blocks, 2124 chars
Translated 3/3 text blocks
Translating batch 1/1: 3 blocks, 1247 chars
Warning: supplier response could not be parsed for 3 inputs; retrying one by one
Translated 3/3 text blocks
Translating batch 1/1: 1 blocks, 11 chars
Translated 1/1 text blocks
Translating batch 1/1: 1 blocks, 19 chars
Translated 1/1 text blocks
Translating batch 1/1: 1 blocks, 11 chars
Translated 1/1 text blocks
feat NOT subset; don't know how to subset; dropped
meta NOT subset; don't know how to subset; dropped
morx NOT subset; don't know how to subset; dropped
meta NOT subset; don't know how to subset; dropped
feat NOT subset; don't know how to subset; dropped
meta NOT subset; don't know how to subset; dropped
morx NOT subset; don't know how to subset; dropped
meta NOT subset; don't know how to subset; dropped
Warning: Detected layout profile: generic_two_column (confidence 0.72, 2 columns)
Warning: Kept source fonts intact to preserve figure and formula glyph mappings
Wrote: /Users/liyufeng/Code/awesome_Gflow/pdfs/zh/O07_zh.pdf
Pages: 14
Translated text blocks: 143
Skipped text blocks: 130
