Translating batch 1/1: 8 blocks, 2120 chars
Translated 8/8 text blocks
Translating batch 1/1: 3 blocks, 2500 chars
Translated 3/3 text blocks
Translating batch 1/1: 1 blocks, 1151 chars
Translated 1/1 text blocks
Translating batch 1/1: 6 blocks, 2372 chars
Translated 6/6 text blocks
Translating batch 1/1: 1 blocks, 520 chars
Translated 1/1 text blocks
Translating batch 1/1: 8 blocks, 1773 chars
Translated 8/8 text blocks
Translating batch 1/1: 1 blocks, 215 chars
Translated 1/1 text blocks
Translating batch 1/1: 1 blocks, 119 chars
Translated 1/1 text blocks
Translating batch 1/1: 7 blocks, 192 chars
Warning: supplier returned 6 translations for 7 inputs; retrying one by one
Translated 7/7 text blocks
Translating batch 1/1: 8 blocks, 1792 chars
Translated 8/8 text blocks
Translating batch 1/1: 8 blocks, 1045 chars
Translated 8/8 text blocks
Translating batch 1/1: 8 blocks, 1782 chars
Translated 8/8 text blocks
Translating batch 1/1: 1 blocks, 545 chars
Translated 1/1 text blocks
Translating batch 1/1: 1 blocks, 181 chars
Translated 1/1 text blocks
Translating batch 1/1: 1 blocks, 363 chars
Translated 1/1 text blocks
Translating batch 1/1: 8 blocks, 1017 chars
Translated 8/8 text blocks
Translating batch 1/1: 8 blocks, 1502 chars
Translated 8/8 text blocks
Translating batch 1/1: 1 blocks, 141 chars
Translated 1/1 text blocks
Translating batch 1/1: 8 blocks, 1086 chars
Translated 8/8 text blocks
Translating batch 1/1: 8 blocks, 509 chars
Translated 8/8 text blocks
Translating batch 1/1: 8 blocks, 1095 chars
Translated 8/8 text blocks
Translating batch 1/1: 8 blocks, 1821 chars
Translated 8/8 text blocks
Translating batch 1/1: 7 blocks, 2069 chars
Translated 7/7 text blocks
Translating batch 1/1: 1 blocks, 409 chars
Translated 1/1 text blocks
Translating batch 1/1: 6 blocks, 2353 chars
Translated 6/6 text blocks
Translating batch 1/1: 1 blocks, 521 chars
Translated 1/1 text blocks
Translating batch 1/1: 1 blocks, 260 chars
Translated 1/1 text blocks
Translating batch 1/1: 8 blocks, 490 chars
Translated 8/8 text blocks
Translating batch 1/1: 1 blocks, 724 chars
Translated 1/1 text blocks
Translating batch 1/1: 1 blocks, 289 chars
Translated 1/1 text blocks
Translating batch 1/1: 1 blocks, 434 chars
Translated 1/1 text blocks
Translating batch 1/1: 1 blocks, 469 chars
Translated 1/1 text blocks
Translating batch 1/1: 1 blocks, 168 chars
Translated 1/1 text blocks
Translating batch 1/1: 1 blocks, 300 chars
Translated 1/1 text blocks
Translating batch 1/1: 8 blocks, 2352 chars
Translated 8/8 text blocks
Translating batch 1/1: 1 blocks, 1092 chars
Translated 1/1 text blocks
Translating batch 1/1: 8 blocks, 423 chars
Translated 8/8 text blocks
Translating batch 1/1: 8 blocks, 372 chars
Translated 8/8 text blocks
Translating batch 1/1: 8 blocks, 353 chars
Translated 8/8 text blocks
Translating batch 1/1: 8 blocks, 325 chars
Translated 8/8 text blocks
Translating batch 1/1: 8 blocks, 393 chars
Translated 8/8 text blocks
Translating batch 1/1: 8 blocks, 451 chars
Translated 8/8 text blocks
Translating batch 1/1: 8 blocks, 446 chars
Translated 8/8 text blocks
Translating batch 1/1: 8 blocks, 200 chars
Warning: supplier returned 1 translations for 8 inputs; retrying one by one
Translated 8/8 text blocks
Translating batch 1/1: 8 blocks, 614 chars
Translated 8/8 text blocks
Translating batch 1/1: 8 blocks, 403 chars
Translated 8/8 text blocks
Translating batch 1/1: 8 blocks, 950 chars
Translated 8/8 text blocks
Translating batch 1/1: 5 blocks, 548 chars
Translated 5/5 text blocks
Translating batch 1/1: 1 blocks, 137 chars
Translated 1/1 text blocks
feat NOT subset; don't know how to subset; dropped
meta NOT subset; don't know how to subset; dropped
morx NOT subset; don't know how to subset; dropped
meta NOT subset; don't know how to subset; dropped
feat NOT subset; don't know how to subset; dropped
meta NOT subset; don't know how to subset; dropped
morx NOT subset; don't know how to subset; dropped
meta NOT subset; don't know how to subset; dropped
Warning: Detected layout profile: generic_two_column (confidence 0.72, 2 columns)
Warning: Page 5: translated body block still looks like English after retry
Warning: Page 8: restored 1 formula atom group(s) after prose redaction
Warning: Kept source fonts intact to preserve figure and formula glyph mappings
Wrote: /Users/liyufeng/Code/awesome_Gflow/pdfs/zh/O08_zh.pdf
Pages: 17
Translated text blocks: 229
Skipped text blocks: 96
