Translating batch 1/1: 4 blocks, 1870 chars
Translated 4/4 text blocks
Translating batch 1/1: 3 blocks, 1784 chars
Translated 3/3 text blocks
Translating batch 1/1: 1 blocks, 1447 chars
Translated 1/1 text blocks
Translating batch 1/1: 1 blocks, 748 chars
Translated 1/1 text blocks
Translating batch 1/1: 3 blocks, 1439 chars
Translated 3/3 text blocks
Translating batch 1/1: 3 blocks, 1581 chars
Translated 3/3 text blocks
Translating batch 1/1: 6 blocks, 2483 chars
Translated 6/6 text blocks
Translating batch 1/1: 4 blocks, 1648 chars
Translated 4/4 text blocks
Translating batch 1/1: 1 blocks, 758 chars
Translated 1/1 text blocks
Translating batch 1/1: 5 blocks, 2436 chars
Translated 5/5 text blocks
Translating batch 1/1: 6 blocks, 2419 chars
Translated 6/6 text blocks
Translating batch 1/1: 1 blocks, 403 chars
Translated 1/1 text blocks
Translating batch 1/1: 8 blocks, 1292 chars
Translated 8/8 text blocks
Translating batch 1/1: 1 blocks, 261 chars
Translated 1/1 text blocks
Translating batch 1/1: 1 blocks, 310 chars
Translated 1/1 text blocks
Translating batch 1/1: 1 blocks, 109 chars
Translated 1/1 text blocks
Translating batch 1/1: 4 blocks, 97 chars
Translated 4/4 text blocks
Translating batch 1/1: 8 blocks, 1164 chars
Translated 8/8 text blocks
Translating batch 1/1: 1 blocks, 208 chars
Translated 1/1 text blocks
Translating batch 1/1: 1 blocks, 403 chars
Translated 1/1 text blocks
Translating batch 1/1: 1 blocks, 128 chars
Translated 1/1 text blocks
Translating batch 1/1: 4 blocks, 110 chars
Warning: supplier returned 3 translations for 4 inputs; retrying one by one
Translated 4/4 text blocks
Translating batch 1/1: 6 blocks, 2413 chars
Warning: supplier returned 7 translations for 6 inputs; retrying one by one
Translated 6/6 text blocks
Translating batch 1/1: 1 blocks, 292 chars
Translated 1/1 text blocks
Translating batch 1/1: 6 blocks, 273 chars
Warning: supplier returned 2 translations for 6 inputs; retrying one by one
Translated 6/6 text blocks
Translating batch 1/1: 1 blocks, 854 chars
Translated 1/1 text blocks
Translating batch 1/1: 1 blocks, 496 chars
Translated 1/1 text blocks
Translating batch 1/1: 6 blocks, 837 chars
Translated 6/6 text blocks
Translating batch 1/1: 6 blocks, 2470 chars
Warning: supplier response could not be parsed for 6 inputs; retrying one by one
Translated 6/6 text blocks
Translating batch 1/1: 1 blocks, 518 chars
Translated 1/1 text blocks
Translating batch 1/1: 1 blocks, 294 chars
Translated 1/1 text blocks
Translating batch 1/2: 8 blocks, 322 chars
Translated 8/9 text blocks
Translating batch 2/2: 1 blocks, 166 chars
Translated 9/9 text blocks
Translating batch 1/1: 2 blocks, 1814 chars
Translated 2/2 text blocks
Translating batch 1/1: 5 blocks, 2091 chars
Translated 5/5 text blocks
Translating batch 1/1: 1 blocks, 563 chars
Translated 1/1 text blocks
Translating batch 1/1: 1 blocks, 622 chars
Translated 1/1 text blocks
Translating batch 1/1: 1 blocks, 327 chars
Translated 1/1 text blocks
Translating batch 1/2: 8 blocks, 407 chars
Warning: supplier returned 7 translations for 8 inputs; retrying one by one
Translated 8/10 text blocks
Translating batch 2/2: 2 blocks, 182 chars
Translated 10/10 text blocks
Translating batch 1/1: 5 blocks, 1823 chars
Translated 5/5 text blocks
Translating batch 1/1: 1 blocks, 2174 chars
Translated 1/1 text blocks
Translating batch 1/1: 6 blocks, 2234 chars
Translated 6/6 text blocks
Translating batch 1/1: 8 blocks, 1957 chars
Translated 8/8 text blocks
Translating batch 1/1: 1 blocks, 150 chars
Translated 1/1 text blocks
Translating batch 1/1: 6 blocks, 2477 chars
Translated 6/6 text blocks
Translating batch 1/1: 1 blocks, 858 chars
Translated 1/1 text blocks
Translating batch 1/1: 1 blocks, 403 chars
Translated 1/1 text blocks
Translating batch 1/2: 8 blocks, 594 chars
Translated 8/10 text blocks
Translating batch 2/2: 2 blocks, 226 chars
Translated 10/10 text blocks
Translating batch 1/1: 8 blocks, 2019 chars
Translated 8/8 text blocks
Translating batch 1/1: 8 blocks, 1395 chars
Warning: supplier returned 6 translations for 8 inputs; retrying one by one
Translated 8/8 text blocks
Translating batch 1/1: 1 blocks, 506 chars
Translated 1/1 text blocks
Translating batch 1/1: 1 blocks, 259 chars
Translated 1/1 text blocks
Translating batch 1/1: 1 blocks, 246 chars
Translated 1/1 text blocks
Translating batch 1/1: 7 blocks, 2482 chars
Warning: supplier returned 6 translations for 7 inputs; retrying one by one
Translated 7/7 text blocks
Translating batch 1/1: 1 blocks, 731 chars
Translated 1/1 text blocks
Translating batch 1/1: 1 blocks, 304 chars
Translated 1/1 text blocks
Translating batch 1/2: 8 blocks, 412 chars
Warning: supplier returned 6 translations for 8 inputs; retrying one by one
Translated 8/15 text blocks
Translating batch 2/2: 7 blocks, 228 chars
Translated 15/15 text blocks
Translating batch 1/1: 1 blocks, 365 chars
Translated 1/1 text blocks
Translating batch 1/1: 1 blocks, 199 chars
Translated 1/1 text blocks
Translating batch 1/1: 1 blocks, 165 chars
Translated 1/1 text blocks
Translating batch 1/1: 8 blocks, 926 chars
Translated 8/8 text blocks
Translating batch 1/1: 8 blocks, 1278 chars
Translated 8/8 text blocks
Translating batch 1/1: 7 blocks, 2499 chars
Translated 7/7 text blocks
Translating batch 1/1: 2 blocks, 1018 chars
Translated 2/2 text blocks
Translating batch 1/1: 3 blocks, 2013 chars
Translated 3/3 text blocks
Translating batch 1/1: 8 blocks, 1858 chars
Warning: supplier returned 7 translations for 8 inputs; retrying one by one
Translated 8/8 text blocks
Translating batch 1/1: 3 blocks, 1846 chars
Translated 3/3 text blocks
Translating batch 1/1: 1 blocks, 255 chars
Translated 1/1 text blocks
Translating batch 1/1: 7 blocks, 2421 chars
Translated 7/7 text blocks
Translating batch 1/1: 1 blocks, 849 chars
Translated 1/1 text blocks
Translating batch 1/1: 8 blocks, 2079 chars
Translated 8/8 text blocks
Translating batch 1/1: 8 blocks, 1897 chars
Warning: supplier returned 5 translations for 8 inputs; retrying one by one
Translated 8/8 text blocks
Translating batch 1/1: 3 blocks, 1145 chars
Translated 3/3 text blocks
Translating batch 1/1: 1 blocks, 163 chars
Translated 1/1 text blocks
Translating batch 1/1: 3 blocks, 143 chars
Translated 3/3 text blocks
Translating batch 1/1: 3 blocks, 143 chars
Translated 3/3 text blocks
Translating batch 1/1: 1 blocks, 110 chars
Translated 1/1 text blocks
feat NOT subset; don't know how to subset; dropped
meta NOT subset; don't know how to subset; dropped
morx NOT subset; don't know how to subset; dropped
meta NOT subset; don't know how to subset; dropped
Warning: Detected layout profile: single_column (confidence 0.65, 1 column)
Warning: Page 17: translated formula_prose block still looks like English after retry
Warning: Page 5: restored 1 formula atom group(s) after prose redaction
Warning: Kept source fonts intact to preserve figure and formula glyph mappings
Wrote: /Users/liyufeng/Code/awesome_Gflow/pdfs/zh/T01_zh.pdf
Pages: 24
Translated text blocks: 178
Skipped text blocks: 224
