Translating batch 1/1: 8 blocks, 1507 chars
Warning: supplier returned 14 translations for 8 inputs; retrying one by one
Translated 8/8 text blocks
Translating batch 1/1: 8 blocks, 1066 chars
Translated 8/8 text blocks
Translating batch 1/1: 2 blocks, 2143 chars
Translated 2/2 text blocks
Translating batch 1/1: 1 blocks, 1079 chars
Translated 1/1 text blocks
Translating batch 1/1: 1 blocks, 513 chars
Translated 1/1 text blocks
Translating batch 1/2: 8 blocks, 1024 chars
Warning: supplier returned 1 translations for 8 inputs; retrying one by one
Translated 8/9 text blocks
Translating batch 2/2: 1 blocks, 28 chars
Translated 9/9 text blocks
Translating batch 1/1: 7 blocks, 1920 chars
Translated 7/7 text blocks
Translating batch 1/1: 1 blocks, 1102 chars
Translated 1/1 text blocks
Translating batch 1/1: 1 blocks, 551 chars
Translated 1/1 text blocks
Translating batch 1/1: 1 blocks, 550 chars
Translated 1/1 text blocks
Translating batch 1/2: 8 blocks, 808 chars
Warning: supplier returned 1 translations for 8 inputs; retrying one by one
Translated 8/10 text blocks
Translating batch 2/2: 2 blocks, 262 chars
Warning: supplier returned 1 translations for 2 inputs; retrying one by one
Translated 10/10 text blocks
Translating batch 1/1: 1 blocks, 600 chars
Translated 1/1 text blocks
Translating batch 1/1: 1 blocks, 324 chars
Translated 1/1 text blocks
Translating batch 1/1: 7 blocks, 579 chars
Warning: supplier returned 1 translations for 7 inputs; retrying one by one
Translated 7/7 text blocks
Translating batch 1/1: 3 blocks, 1481 chars
Translated 3/3 text blocks
Translating batch 1/1: 1 blocks, 1178 chars
Translated 1/1 text blocks
Translating batch 1/1: 1 blocks, 1178 chars
Translated 1/1 text blocks
Translating batch 1/1: 1 blocks, 547 chars
Translated 1/1 text blocks
Translating batch 1/2: 8 blocks, 820 chars
Warning: supplier returned 1 translations for 8 inputs; retrying one by one
Translated 8/15 text blocks
Translating batch 2/2: 7 blocks, 302 chars
Warning: supplier returned 6 translations for 7 inputs; retrying one by one
Translated 15/15 text blocks
Translating batch 1/1: 1 blocks, 1789 chars
Translated 1/1 text blocks
Translating batch 1/1: 3 blocks, 1517 chars
Translated 3/3 text blocks
Translating batch 1/1: 3 blocks, 2468 chars
Translated 3/3 text blocks
Translating batch 1/1: 8 blocks, 1934 chars
Translated 8/8 text blocks
Translating batch 1/1: 1 blocks, 645 chars
Translated 1/1 text blocks
Translating batch 1/1: 1 blocks, 297 chars
Translated 1/1 text blocks
Translating batch 1/3: 8 blocks, 228 chars
Warning: supplier returned 9 translations for 8 inputs; retrying one by one
Translated 8/20 text blocks
Translating batch 2/3: 8 blocks, 142 chars
Translated 16/20 text blocks
Translating batch 3/3: 4 blocks, 171 chars
Translated 20/20 text blocks
Translating batch 1/1: 8 blocks, 1636 chars
Translated 8/8 text blocks
Translating batch 1/1: 8 blocks, 1594 chars
Translated 8/8 text blocks
Translating batch 1/1: 1 blocks, 589 chars
Translated 1/1 text blocks
Translating batch 1/1: 1 blocks, 285 chars
Translated 1/1 text blocks
Translating batch 1/1: 7 blocks, 262 chars
Translated 7/7 text blocks
Translating batch 1/1: 8 blocks, 1081 chars
Translated 8/8 text blocks
Translating batch 1/1: 1 blocks, 244 chars
Translated 1/1 text blocks
Translating batch 1/1: 1 blocks, 108 chars
Translated 1/1 text blocks
Translating batch 1/1: 1 blocks, 135 chars
Translated 1/1 text blocks
Translating batch 1/1: 5 blocks, 218 chars
Warning: supplier returned 4 translations for 5 inputs; retrying one by one
Translated 5/5 text blocks
Translating batch 1/1: 8 blocks, 1110 chars
Translated 8/8 text blocks
Translating batch 1/1: 1 blocks, 166 chars
Translated 1/1 text blocks
Translating batch 1/1: 8 blocks, 1295 chars
Translated 8/8 text blocks
Translating batch 1/1: 8 blocks, 2151 chars
Translated 8/8 text blocks
Translating batch 1/1: 1 blocks, 185 chars
Translated 1/1 text blocks
Translating batch 1/1: 5 blocks, 171 chars
Translated 5/5 text blocks
Translating batch 1/1: 1 blocks, 141 chars
Translated 1/1 text blocks
Translating batch 1/1: 5 blocks, 127 chars
Translated 5/5 text blocks
Translating batch 1/1: 8 blocks, 1178 chars
Translated 8/8 text blocks
Translating batch 1/1: 1 blocks, 151 chars
Translated 1/1 text blocks
Translating batch 1/1: 8 blocks, 1216 chars
Warning: supplier returned 7 translations for 8 inputs; retrying one by one
Translated 8/8 text blocks
Translating batch 1/1: 1 blocks, 157 chars
Translated 1/1 text blocks
Translating batch 1/1: 6 blocks, 138 chars
Translated 6/6 text blocks
Translating batch 1/1: 8 blocks, 1384 chars
Translated 8/8 text blocks
Translating batch 1/1: 8 blocks, 1984 chars
Translated 8/8 text blocks
Translating batch 1/1: 1 blocks, 582 chars
Translated 1/1 text blocks
Translating batch 1/1: 1 blocks, 333 chars
Translated 1/1 text blocks
Translating batch 1/2: 8 blocks, 296 chars
Warning: supplier returned 5 translations for 8 inputs; retrying one by one
Translated 8/14 text blocks
Translating batch 2/2: 6 blocks, 220 chars
Warning: supplier returned 5 translations for 6 inputs; retrying one by one
Translated 14/14 text blocks
Translating batch 1/1: 8 blocks, 1644 chars
Translated 8/8 text blocks
Translating batch 1/1: 1 blocks, 100 chars
Translated 1/1 text blocks
Translating batch 1/1: 1 blocks, 559 chars
Translated 1/1 text blocks
Translating batch 1/1: 1 blocks, 83 chars
Translated 1/1 text blocks
Translating batch 1/1: 1 blocks, 475 chars
Translated 1/1 text blocks
Translating batch 1/1: 7 blocks, 2225 chars
Translated 7/7 text blocks
Translating batch 1/1: 8 blocks, 1525 chars
Translated 8/8 text blocks
Translating batch 1/1: 8 blocks, 2294 chars
Translated 8/8 text blocks
Translating batch 1/1: 1 blocks, 1267 chars
Translated 1/1 text blocks
Translating batch 1/1: 1 blocks, 624 chars
Translated 1/1 text blocks
Translating batch 1/1: 1 blocks, 642 chars
Translated 1/1 text blocks
Translating batch 1/2: 8 blocks, 1225 chars
Warning: supplier returned 1 translations for 8 inputs; retrying one by one
Translated 8/10 text blocks
Translating batch 2/2: 2 blocks, 9 chars
Translated 10/10 text blocks
Translating batch 1/1: 1 blocks, 151 chars
Translated 1/1 text blocks
Translating batch 1/1: 5 blocks, 135 chars
Warning: supplier returned 3 translations for 5 inputs; retrying one by one
Translated 5/5 text blocks
Translating batch 1/1: 8 blocks, 2453 chars
Warning: supplier returned 9 translations for 8 inputs; retrying one by one
Translated 8/8 text blocks
Translating batch 1/1: 1 blocks, 447 chars
Translated 1/1 text blocks
Translating batch 1/1: 1 blocks, 188 chars
Translated 1/1 text blocks
Translating batch 1/1: 1 blocks, 258 chars
Translated 1/1 text blocks
Translating batch 1/1: 1 blocks, 644 chars
Translated 1/1 text blocks
Translating batch 1/1: 1 blocks, 377 chars
Translated 1/1 text blocks
Translating batch 1/1: 7 blocks, 624 chars
Translated 7/7 text blocks
Translating batch 1/1: 6 blocks, 2175 chars
Translated 6/6 text blocks
Translating batch 1/1: 5 blocks, 2471 chars
Translated 5/5 text blocks
Translating batch 1/1: 1 blocks, 1406 chars
Translated 1/1 text blocks
Translating batch 1/1: 1 blocks, 620 chars
Translated 1/1 text blocks
Translating batch 1/1: 1 blocks, 785 chars
Translated 1/1 text blocks
Translating batch 1/1: 8 blocks, 1116 chars
Warning: supplier returned 9 translations for 8 inputs; retrying one by one
Translated 8/8 text blocks
Translating batch 1/1: 1 blocks, 401 chars
Translated 1/1 text blocks
Translating batch 1/1: 1 blocks, 219 chars
Translated 1/1 text blocks
Translating batch 1/1: 1 blocks, 181 chars
Translated 1/1 text blocks
Translating batch 1/1: 1 blocks, 410 chars
Translated 1/1 text blocks
Translating batch 1/1: 1 blocks, 187 chars
Translated 1/1 text blocks
Translating batch 1/1: 8 blocks, 386 chars
Translated 8/8 text blocks
Translating batch 1/1: 8 blocks, 999 chars
Translated 8/8 text blocks
Translating batch 1/1: 1 blocks, 330 chars
Translated 1/1 text blocks
Translating batch 1/1: 1 blocks, 164 chars
Translated 1/1 text blocks
Translating batch 1/1: 1 blocks, 165 chars
Translated 1/1 text blocks
Translating batch 1/1: 1 blocks, 100 chars
Translated 1/1 text blocks
Translating batch 1/1: 1 blocks, 416 chars
Translated 1/1 text blocks
Translating batch 1/1: 8 blocks, 1966 chars
Translated 8/8 text blocks
Translating batch 1/1: 1 blocks, 347 chars
Translated 1/1 text blocks
Translating batch 1/1: 8 blocks, 783 chars
Translated 8/8 text blocks
Translating batch 1/1: 8 blocks, 1189 chars
Translated 8/8 text blocks
Translating batch 1/1: 8 blocks, 1494 chars
Translated 8/8 text blocks
Translating batch 1/1: 1 blocks, 374 chars
Translated 1/1 text blocks
Translating batch 1/1: 1 blocks, 202 chars
Translated 1/1 text blocks
Translating batch 1/1: 1 blocks, 171 chars
Translated 1/1 text blocks
Translating batch 1/2: 8 blocks, 274 chars
Translated 8/11 text blocks
Translating batch 2/2: 3 blocks, 57 chars
Translated 11/11 text blocks
Translating batch 1/1: 5 blocks, 1790 chars
Translated 5/5 text blocks
Translating batch 1/1: 2 blocks, 1997 chars
Translated 2/2 text blocks
Translating batch 1/1: 4 blocks, 1877 chars
Translated 4/4 text blocks
Translating batch 1/1: 7 blocks, 2218 chars
Translated 7/7 text blocks
Translating batch 1/1: 6 blocks, 2108 chars
Warning: supplier returned 5 translations for 6 inputs; retrying one by one
Translated 6/6 text blocks
Translating batch 1/1: 8 blocks, 2245 chars
Translated 8/8 text blocks
Translating batch 1/1: 1 blocks, 399 chars
Translated 1/1 text blocks
Translating batch 1/1: 1 blocks, 130 chars
Translated 1/1 text blocks
Translating batch 1/1: 1 blocks, 268 chars
Translated 1/1 text blocks
Translating batch 1/2: 8 blocks, 280 chars
Translated 8/10 text blocks
Translating batch 2/2: 2 blocks, 84 chars
Translated 10/10 text blocks
Translating batch 1/1: 1 blocks, 353 chars
Translated 1/1 text blocks
Translating batch 1/1: 1 blocks, 80 chars
Translated 1/1 text blocks
Translating batch 1/1: 1 blocks, 272 chars
Translated 1/1 text blocks
Translating batch 1/2: 8 blocks, 197 chars
Warning: supplier returned 7 translations for 8 inputs; retrying one by one
Translated 8/13 text blocks
Translating batch 2/2: 5 blocks, 104 chars
Translated 13/13 text blocks
Translating batch 1/1: 8 blocks, 1518 chars
Translated 8/8 text blocks
Translating batch 1/1: 1 blocks, 91 chars
Translated 1/1 text blocks
Translating batch 1/1: 1 blocks, 120 chars
Translated 1/1 text blocks
Translating batch 1/1: 8 blocks, 1496 chars
Translated 8/8 text blocks
Translating batch 1/1: 1 blocks, 375 chars
Translated 1/1 text blocks
Translating batch 1/1: 1 blocks, 145 chars
Translated 1/1 text blocks
Translating batch 1/1: 1 blocks, 229 chars
Translated 1/1 text blocks
Translating batch 1/2: 8 blocks, 303 chars
Translated 8/10 text blocks
Translating batch 2/2: 2 blocks, 39 chars
Translated 10/10 text blocks
Translating batch 1/1: 5 blocks, 2185 chars
Translated 5/5 text blocks
Translating batch 1/1: 1 blocks, 817 chars
Translated 1/1 text blocks
Translating batch 1/1: 1 blocks, 436 chars
Translated 1/1 text blocks
Translating batch 1/2: 8 blocks, 465 chars
Translated 8/12 text blocks
Translating batch 2/2: 4 blocks, 298 chars
Warning: supplier returned 3 translations for 4 inputs; retrying one by one
Translated 12/12 text blocks
Translating batch 1/1: 2 blocks, 2343 chars
Translated 2/2 text blocks
Translating batch 1/1: 1 blocks, 1484 chars
Translated 1/1 text blocks
Translating batch 1/1: 1 blocks, 755 chars
Translated 1/1 text blocks
Translating batch 1/3: 8 blocks, 722 chars
Warning: supplier returned 7 translations for 8 inputs; retrying one by one
Translated 8/22 text blocks
Translating batch 2/3: 8 blocks, 493 chars
Translated 16/22 text blocks
Translating batch 3/3: 6 blocks, 178 chars
Translated 22/22 text blocks
Translating batch 1/1: 1 blocks, 859 chars
Translated 1/1 text blocks
Translating batch 1/1: 3 blocks, 1095 chars
Translated 3/3 text blocks
Translating batch 1/1: 2 blocks, 2415 chars
Translated 2/2 text blocks
Translating batch 1/1: 1 blocks, 1536 chars
Translated 1/1 text blocks
Translating batch 1/1: 1 blocks, 879 chars
Translated 1/1 text blocks
Translating batch 1/1: 1 blocks, 485 chars
Translated 1/1 text blocks
Translating batch 1/1: 8 blocks, 852 chars
Warning: supplier returned 1 translations for 8 inputs; retrying one by one
Translated 8/8 text blocks
Translating batch 1/1: 8 blocks, 2405 chars
Translated 8/8 text blocks
Translating batch 1/1: 1 blocks, 114 chars
Translated 1/1 text blocks
Translating batch 1/1: 5 blocks, 99 chars
Warning: supplier returned 3 translations for 5 inputs; retrying one by one
Translated 5/5 text blocks
Translating batch 1/1: 1 blocks, 515 chars
Translated 1/1 text blocks
Translating batch 1/2: 8 blocks, 374 chars
Warning: supplier returned 1 translations for 8 inputs; retrying one by one
Translated 8/12 text blocks
Translating batch 2/2: 4 blocks, 95 chars
Warning: supplier returned 2 translations for 4 inputs; retrying one by one
Translated 12/12 text blocks
Translating batch 1/1: 8 blocks, 1151 chars
Translated 8/8 text blocks
Translating batch 1/1: 8 blocks, 1509 chars
Warning: supplier response could not be parsed for 8 inputs; retrying one by one
Translated 8/8 text blocks
Translating batch 1/1: 1 blocks, 524 chars
Translated 1/1 text blocks
Translating batch 1/1: 1 blocks, 294 chars
Translated 1/1 text blocks
Translating batch 1/2: 8 blocks, 242 chars
Translated 8/12 text blocks
Translating batch 2/2: 4 blocks, 240 chars
Translated 12/12 text blocks
Translating batch 1/1: 1 blocks, 208 chars
Translated 1/1 text blocks
Translating batch 1/1: 5 blocks, 193 chars
Translated 5/5 text blocks
Translating batch 1/1: 6 blocks, 2347 chars
Warning: supplier returned 5 translations for 6 inputs; retrying one by one
Translated 6/6 text blocks
Translating batch 1/1: 3 blocks, 1828 chars
Translated 3/3 text blocks
Translating batch 1/1: 2 blocks, 1300 chars
Translated 2/2 text blocks
Translating batch 1/1: 1 blocks, 1225 chars
Translated 1/1 text blocks
Translating batch 1/1: 1 blocks, 569 chars
Translated 1/1 text blocks
Translating batch 1/3: 8 blocks, 752 chars
Translated 8/21 text blocks
Translating batch 2/3: 8 blocks, 299 chars
Translated 16/21 text blocks
Translating batch 3/3: 5 blocks, 94 chars
Translated 21/21 text blocks
Translating batch 1/1: 1 blocks, 1500 chars
Translated 1/1 text blocks
Translating batch 1/1: 2 blocks, 1685 chars
Translated 2/2 text blocks
Translating batch 1/1: 5 blocks, 1312 chars
Translated 5/5 text blocks
Translating batch 1/1: 1 blocks, 1393 chars
Translated 1/1 text blocks
Translating batch 1/1: 1 blocks, 1393 chars
Translated 1/1 text blocks
Translating batch 1/1: 1 blocks, 736 chars
Translated 1/1 text blocks
Translating batch 1/1: 1 blocks, 656 chars
Translated 1/1 text blocks
Translating batch 1/1: 5 blocks, 1358 chars
Warning: supplier returned 4 translations for 5 inputs; retrying one by one
Translated 5/5 text blocks
Translating batch 1/1: 3 blocks, 2322 chars
Translated 3/3 text blocks
Translating batch 1/1: 5 blocks, 2030 chars
Translated 5/5 text blocks
Translating batch 1/1: 1 blocks, 1165 chars
Translated 1/1 text blocks
Translating batch 1/1: 2 blocks, 1448 chars
Translated 2/2 text blocks
Translating batch 1/1: 1 blocks, 1396 chars
Translated 1/1 text blocks
Translating batch 1/1: 3 blocks, 2373 chars
Translated 3/3 text blocks
Translating batch 1/1: 1 blocks, 2203 chars
Translated 1/1 text blocks
Translating batch 1/1: 1 blocks, 1101 chars
Translated 1/1 text blocks
Translating batch 1/1: 1 blocks, 1101 chars
Translated 1/1 text blocks
Translating batch 1/1: 3 blocks, 2196 chars
Warning: supplier returned 2 translations for 3 inputs; retrying one by one
Translated 3/3 text blocks
Translating batch 1/1: 2 blocks, 2273 chars
Translated 2/2 text blocks
Translating batch 1/1: 3 blocks, 1953 chars
Translated 3/3 text blocks
Translating batch 1/1: 2 blocks, 1918 chars
Translated 2/2 text blocks
Translating batch 1/1: 6 blocks, 2344 chars
Translated 6/6 text blocks
Translating batch 1/1: 2 blocks, 1863 chars
Translated 2/2 text blocks
Translating batch 1/1: 3 blocks, 2135 chars
Translated 3/3 text blocks
Translating batch 1/1: 1 blocks, 1692 chars
Translated 1/1 text blocks
Translating batch 1/1: 7 blocks, 2492 chars
Warning: supplier returned 6 translations for 7 inputs; retrying one by one
Translated 7/7 text blocks
Translating batch 1/1: 1 blocks, 1567 chars
Translated 1/1 text blocks
Translating batch 1/1: 1 blocks, 755 chars
Translated 1/1 text blocks
Translating batch 1/1: 1 blocks, 811 chars
Translated 1/1 text blocks
Translating batch 1/1: 4 blocks, 1557 chars
Translated 4/4 text blocks
Translating batch 1/1: 8 blocks, 939 chars
Translated 8/8 text blocks
Translating batch 1/1: 8 blocks, 1832 chars
Warning: supplier returned 7 translations for 8 inputs; retrying one by one
Translated 8/8 text blocks
Translating batch 1/1: 1 blocks, 319 chars
Translated 1/1 text blocks
Translating batch 1/1: 1 blocks, 138 chars
Translated 1/1 text blocks
Translating batch 1/1: 1 blocks, 180 chars
Translated 1/1 text blocks
Translating batch 1/1: 7 blocks, 2108 chars
Warning: supplier returned 6 translations for 7 inputs; retrying one by one
Translated 7/7 text blocks
Translating batch 1/1: 1 blocks, 356 chars
Translated 1/1 text blocks
Translating batch 1/1: 1 blocks, 218 chars
Translated 1/1 text blocks
Translating batch 1/1: 3 blocks, 349 chars
Warning: supplier returned 1 translations for 3 inputs; retrying one by one
Translated 3/3 text blocks
Translating batch 1/1: 1 blocks, 2473 chars
Translated 1/1 text blocks
Translating batch 1/1: 1 blocks, 2473 chars
Translated 1/1 text blocks
Translating batch 1/1: 1 blocks, 1162 chars
Translated 1/1 text blocks
Translating batch 1/3: 8 blocks, 1362 chars
Warning: supplier returned 9 translations for 8 inputs; retrying one by one
Translated 8/17 text blocks
Translating batch 2/3: 8 blocks, 1016 chars
Warning: supplier returned 7 translations for 8 inputs; retrying one by one
Translated 16/17 text blocks
Translating batch 3/3: 1 blocks, 15 chars
Translated 17/17 text blocks
Translating batch 1/1: 8 blocks, 1223 chars
Translated 8/8 text blocks
Translating batch 1/1: 8 blocks, 1221 chars
Warning: supplier returned 7 translations for 8 inputs; retrying one by one
Translated 8/8 text blocks
Translating batch 1/1: 1 blocks, 408 chars
Translated 1/1 text blocks
Translating batch 1/1: 1 blocks, 159 chars
Translated 1/1 text blocks
Translating batch 1/1: 4 blocks, 393 chars
Warning: supplier returned 2 translations for 4 inputs; retrying one by one
Translated 4/4 text blocks
Translating batch 1/1: 1 blocks, 180 chars
Translated 1/1 text blocks
Translating batch 1/1: 6 blocks, 160 chars
Translated 6/6 text blocks
Translating batch 1/1: 8 blocks, 1556 chars
Translated 8/8 text blocks
Translating batch 1/1: 1 blocks, 585 chars
Translated 1/1 text blocks
Translating batch 1/1: 1 blocks, 151 chars
Translated 1/1 text blocks
Translating batch 1/1: 1 blocks, 433 chars
Translated 1/1 text blocks
Translating batch 1/1: 8 blocks, 1456 chars
Translated 8/8 text blocks
Translating batch 1/1: 8 blocks, 1438 chars
Translated 8/8 text blocks
Translating batch 1/1: 1 blocks, 69 chars
Translated 1/1 text blocks
Translating batch 1/1: 8 blocks, 1387 chars
Translated 8/8 text blocks
Translating batch 1/1: 1 blocks, 306 chars
Translated 1/1 text blocks
Translating batch 1/1: 4 blocks, 293 chars
Translated 4/4 text blocks
Translating batch 1/1: 4 blocks, 1919 chars
Translated 4/4 text blocks
Translating batch 1/1: 8 blocks, 1829 chars
Translated 8/8 text blocks
Translating batch 1/1: 1 blocks, 603 chars
Translated 1/1 text blocks
Translating batch 1/1: 1 blocks, 249 chars
Translated 1/1 text blocks
Translating batch 1/1: 1 blocks, 353 chars
Translated 1/1 text blocks
Translating batch 1/1: 4 blocks, 586 chars
Translated 4/4 text blocks
Translating batch 1/1: 1 blocks, 360 chars
Translated 1/1 text blocks
Translating batch 1/1: 1 blocks, 168 chars
Translated 1/1 text blocks
Translating batch 1/1: 1 blocks, 191 chars
Translated 1/1 text blocks
Translating batch 1/1: 6 blocks, 343 chars
Warning: supplier returned 5 translations for 6 inputs; retrying one by one
Translated 6/6 text blocks
Translating batch 1/1: 1 blocks, 146 chars
Translated 1/1 text blocks
Translating batch 1/1: 1 blocks, 95 chars
Translated 1/1 text blocks
Translating batch 1/1: 2 blocks, 91 chars
Translated 2/2 text blocks
Translating batch 1/1: 8 blocks, 1450 chars
Translated 8/8 text blocks
Translating batch 1/1: 1 blocks, 560 chars
Translated 1/1 text blocks
Translating batch 1/1: 1 blocks, 304 chars
Translated 1/1 text blocks
Translating batch 1/1: 8 blocks, 532 chars
Warning: supplier returned 7 translations for 8 inputs; retrying one by one
Translated 8/8 text blocks
Translating batch 1/1: 8 blocks, 1469 chars
Translated 8/8 text blocks
Translating batch 1/1: 8 blocks, 1826 chars
Translated 8/8 text blocks
Translating batch 1/1: 1 blocks, 123 chars
Translated 1/1 text blocks
Translating batch 1/1: 1 blocks, 503 chars
Translated 1/1 text blocks
Translating batch 1/1: 3 blocks, 2129 chars
Translated 3/3 text blocks
Translating batch 1/1: 8 blocks, 2202 chars
Translated 8/8 text blocks
Translating batch 1/1: 8 blocks, 1754 chars
Translated 8/8 text blocks
Translating batch 1/1: 1 blocks, 259 chars
Translated 1/1 text blocks
Translating batch 1/1: 1 blocks, 109 chars
Translated 1/1 text blocks
Translating batch 1/1: 6 blocks, 244 chars
Warning: supplier returned 5 translations for 6 inputs; retrying one by one
Translated 6/6 text blocks
Translating batch 1/1: 8 blocks, 1791 chars
Translated 8/8 text blocks
Translating batch 1/1: 1 blocks, 617 chars
Translated 1/1 text blocks
Translating batch 1/1: 1 blocks, 364 chars
Translated 1/1 text blocks
Translating batch 1/1: 1 blocks, 252 chars
Translated 1/1 text blocks
Translating batch 1/1: 7 blocks, 2278 chars
Translated 7/7 text blocks
Translating batch 1/1: 3 blocks, 647 chars
Translated 3/3 text blocks
Translating batch 1/1: 1 blocks, 515 chars
Translated 1/1 text blocks
Translating batch 1/2: 8 blocks, 374 chars
Warning: supplier returned 1 translations for 8 inputs; retrying one by one
Translated 8/12 text blocks
Translating batch 2/2: 4 blocks, 95 chars
Translated 12/12 text blocks
feat NOT subset; don't know how to subset; dropped
meta NOT subset; don't know how to subset; dropped
morx NOT subset; don't know how to subset; dropped
meta NOT subset; don't know how to subset; dropped
feat NOT subset; don't know how to subset; dropped
meta NOT subset; don't know how to subset; dropped
morx NOT subset; don't know how to subset; dropped
meta NOT subset; don't know how to subset; dropped
feat NOT subset; don't know how to subset; dropped
meta NOT subset; don't know how to subset; dropped
morx NOT subset; don't know how to subset; dropped
meta NOT subset; don't know how to subset; dropped
feat NOT subset; don't know how to subset; dropped
meta NOT subset; don't know how to subset; dropped
morx NOT subset; don't know how to subset; dropped
meta NOT subset; don't know how to subset; dropped
feat NOT subset; don't know how to subset; dropped
meta NOT subset; don't know how to subset; dropped
morx NOT subset; don't know how to subset; dropped
meta NOT subset; don't know how to subset; dropped
feat NOT subset; don't know how to subset; dropped
meta NOT subset; don't know how to subset; dropped
morx NOT subset; don't know how to subset; dropped
meta NOT subset; don't know how to subset; dropped
feat NOT subset; don't know how to subset; dropped
meta NOT subset; don't know how to subset; dropped
morx NOT subset; don't know how to subset; dropped
meta NOT subset; don't know how to subset; dropped
Warning: Detected layout profile: generic_two_column (confidence 0.72, 2 columns)
Warning: Page 1: translated body block still looks like English after retry
Warning: Page 2: translated header block still looks like English after retry
Warning: Page 4: translated header block still looks like English after retry
Warning: Page 6: translated header block still looks like English after retry
Warning: Page 8: translated header block still looks like English after retry
Warning: Page 10: translated header block still looks like English after retry
Warning: Page 12: translated header block still looks like English after retry
Warning: Page 14: translated header block still looks like English after retry
Warning: Page 16: translated header block still looks like English after retry
Warning: Page 18: translated header block still looks like English after retry
Warning: Page 20: translated header block still looks like English after retry
Warning: Page 22: translated header block still looks like English after retry
Warning: Page 24: translated header block still looks like English after retry
Warning: Page 26: translated header block still looks like English after retry
Warning: Page 28: translated header block still looks like English after retry
Warning: Page 30: translated header block still looks like English after retry
Warning: Page 32: translated header block still looks like English after retry
Warning: Page 34: translated header block still looks like English after retry
Warning: Page 36: translated header block still looks like English after retry
Warning: Page 38: translated header block still looks like English after retry
Warning: Page 39: translated run_in_heading block still looks like English after retry
Warning: Page 40: translated header block still looks like English after retry
Warning: Page 42: translated header block still looks like English after retry
Warning: Page 44: translated header block still looks like English after retry
Warning: Page 46: translated header block still looks like English after retry
Warning: Page 48: translated header block still looks like English after retry
Warning: Page 50: translated header block still looks like English after retry
Warning: Page 52: translated header block still looks like English after retry
Warning: Page 54: translated header block still looks like English after retry
Warning: Page 56: translated header block still looks like English after retry
Warning: Page 58: translated header block still looks like English after retry
Warning: Page 60: translated header block still looks like English after retry
Warning: Page 62: translated header block still looks like English after retry
Warning: Page 64: translated header block still looks like English after retry
Warning: Page 66: translated header block still looks like English after retry
Warning: Page 68: translated header block still looks like English after retry
Warning: Page 70: translated header block still looks like English after retry
Warning: Page 72: translated header block still looks like English after retry
Warning: Page 74: translated header block still looks like English after retry
Warning: Page 76: translated header block still looks like English after retry
Warning: Page 59: restored 1 formula atom group(s) after prose redaction
Warning: Kept source fonts intact to preserve figure and formula glyph mappings
Wrote: /Users/liyufeng/Code/awesome_Gflow/pdfs/zh/T02_zh.pdf
Pages: 76
Translated text blocks: 569
Skipped text blocks: 266
