Translating batch 1/1: 6 blocks, 2116 chars
Translated 6/6 text blocks
Translating batch 1/1: 1 blocks, 550 chars
Translated 1/1 text blocks
Translating batch 1/1: 5 blocks, 2202 chars
Translated 5/5 text blocks
Translating batch 1/1: 1 blocks, 502 chars
Translated 1/1 text blocks
Translating batch 1/1: 1 blocks, 204 chars
Translated 1/1 text blocks
Translating batch 1/1: 5 blocks, 489 chars
Warning: supplier returned 4 translations for 5 inputs; retrying one by one
Translated 5/5 text blocks
Translating batch 1/1: 8 blocks, 1720 chars
Translated 8/8 text blocks
Translating batch 1/1: 1 blocks, 384 chars
Translated 1/1 text blocks
Translating batch 1/1: 1 blocks, 162 chars
Translated 1/1 text blocks
Translating batch 1/1: 1 blocks, 221 chars
Translated 1/1 text blocks
Translating batch 1/1: 1 blocks, 158 chars
Translated 1/1 text blocks
Translating batch 1/1: 3 blocks, 151 chars
Warning: supplier returned 2 translations for 3 inputs; retrying one by one
Translated 3/3 text blocks
Translating batch 1/1: 8 blocks, 1626 chars
Translated 8/8 text blocks
Translating batch 1/1: 1 blocks, 219 chars
Translated 1/1 text blocks
Translating batch 1/1: 1 blocks, 57 chars
Translated 1/1 text blocks
Translating batch 1/1: 1 blocks, 285 chars
Translated 1/1 text blocks
Translating batch 1/1: 4 blocks, 265 chars
Warning: supplier returned 1 translations for 4 inputs; retrying one by one
Translated 4/4 text blocks
Translating batch 1/1: 8 blocks, 1491 chars
Warning: supplier returned 7 translations for 8 inputs; retrying one by one
Translated 8/8 text blocks
Translating batch 1/1: 1 blocks, 310 chars
Translated 1/1 text blocks
Translating batch 1/1: 6 blocks, 290 chars
Warning: supplier returned 5 translations for 6 inputs; retrying one by one
Translated 6/6 text blocks
Translating batch 1/1: 1 blocks, 158 chars
Translated 1/1 text blocks
Translating batch 1/1: 7 blocks, 122 chars
Translated 7/7 text blocks
Translating batch 1/1: 1 blocks, 373 chars
Translated 1/1 text blocks
Translating batch 1/1: 1 blocks, 194 chars
Translated 1/1 text blocks
Translating batch 1/2: 8 blocks, 235 chars
Translated 8/10 text blocks
Translating batch 2/2: 2 blocks, 77 chars
Translated 10/10 text blocks
Translating batch 1/1: 8 blocks, 2158 chars
Translated 8/8 text blocks
Translating batch 1/1: 1 blocks, 1070 chars
Translated 1/1 text blocks
Translating batch 1/1: 8 blocks, 1349 chars
Translated 8/8 text blocks
Translating batch 1/1: 8 blocks, 1468 chars
Translated 8/8 text blocks
Translating batch 1/1: 1 blocks, 440 chars
Translated 1/1 text blocks
Translating batch 1/1: 8 blocks, 1597 chars
Translated 8/8 text blocks
Translating batch 1/1: 1 blocks, 445 chars
Translated 1/1 text blocks
Translating batch 1/1: 1 blocks, 201 chars
Translated 1/1 text blocks
Translating batch 1/1: 1 blocks, 243 chars
Translated 1/1 text blocks
Translating batch 1/2: 8 blocks, 379 chars
Warning: supplier returned 9 translations for 8 inputs; retrying one by one
Translated 8/10 text blocks
Translating batch 2/2: 2 blocks, 21 chars
Translated 10/10 text blocks
Translating batch 1/1: 1 blocks, 157 chars
Translated 1/1 text blocks
Translating batch 1/1: 2 blocks, 153 chars
Translated 2/2 text blocks
Translating batch 1/1: 5 blocks, 1707 chars
Translated 5/5 text blocks
Translating batch 1/1: 1 blocks, 651 chars
Translated 1/1 text blocks
Translating batch 1/1: 1 blocks, 1012 chars
Translated 1/1 text blocks
Translating batch 1/1: 6 blocks, 1903 chars
Translated 6/6 text blocks
Translating batch 1/1: 1 blocks, 584 chars
Translated 1/1 text blocks
Translating batch 1/1: 1 blocks, 283 chars
Translated 1/1 text blocks
Translating batch 1/1: 5 blocks, 570 chars
Translated 5/5 text blocks
Translating batch 1/1: 6 blocks, 2366 chars
Translated 6/6 text blocks
Translating batch 1/1: 1 blocks, 407 chars
Translated 1/1 text blocks
Translating batch 1/1: 1 blocks, 238 chars
Translated 1/1 text blocks
Translating batch 1/1: 1 blocks, 168 chars
Translated 1/1 text blocks
Translating batch 1/1: 8 blocks, 2099 chars
Translated 8/8 text blocks
Translating batch 1/1: 1 blocks, 572 chars
Translated 1/1 text blocks
Translating batch 1/1: 1 blocks, 307 chars
Translated 1/1 text blocks
Translating batch 1/2: 8 blocks, 269 chars
Warning: supplier returned 4 translations for 8 inputs; retrying one by one
Warning: single-item JSON translation failed (Supplier returned 0 translations for 1 input); using plain-text fallback
Translated 8/13 text blocks
Translating batch 2/2: 5 blocks, 229 chars
Warning: supplier returned 4 translations for 5 inputs; retrying one by one
Translated 13/13 text blocks
Translating batch 1/1: 8 blocks, 2362 chars
Translated 8/8 text blocks
Translating batch 1/1: 1 blocks, 551 chars
Translated 1/1 text blocks
Translating batch 1/1: 7 blocks, 2163 chars
Translated 7/7 text blocks
Translating batch 1/1: 6 blocks, 1796 chars
Translated 6/6 text blocks
Translating batch 1/1: 7 blocks, 1932 chars
Translated 7/7 text blocks
Translating batch 1/1: 8 blocks, 1562 chars
Translated 8/8 text blocks
Translating batch 1/1: 8 blocks, 1601 chars
Translated 8/8 text blocks
Translating batch 1/1: 1 blocks, 188 chars
Translated 1/1 text blocks
Translating batch 1/1: 1 blocks, 90 chars
Translated 1/1 text blocks
Translating batch 1/1: 3 blocks, 180 chars
Warning: supplier returned 1 translations for 3 inputs; retrying one by one
Translated 3/3 text blocks
Translating batch 1/1: 6 blocks, 2134 chars
Translated 6/6 text blocks
Translating batch 1/1: 1 blocks, 831 chars
Translated 1/1 text blocks
Translating batch 1/1: 5 blocks, 2058 chars
Translated 5/5 text blocks
Translating batch 1/1: 3 blocks, 1893 chars
Translated 3/3 text blocks
Translating batch 1/1: 1 blocks, 805 chars
Translated 1/1 text blocks
Translating batch 1/1: 1 blocks, 353 chars
Translated 1/1 text blocks
Translating batch 1/1: 1 blocks, 451 chars
Translated 1/1 text blocks
Translating batch 1/1: 6 blocks, 790 chars
Translated 6/6 text blocks
Translating batch 1/1: 4 blocks, 2248 chars
Translated 4/4 text blocks
Translating batch 1/1: 8 blocks, 1560 chars
Translated 8/8 text blocks
Translating batch 1/1: 1 blocks, 155 chars
Translated 1/1 text blocks
Translating batch 1/1: 2 blocks, 1440 chars
Translated 2/2 text blocks
Translating batch 1/1: 1 blocks, 98 chars
Translated 1/1 text blocks
Translating batch 1/1: 1 blocks, 98 chars
Translated 1/1 text blocks
feat NOT subset; don't know how to subset; dropped
meta NOT subset; don't know how to subset; dropped
morx NOT subset; don't know how to subset; dropped
meta NOT subset; don't know how to subset; dropped
feat NOT subset; don't know how to subset; dropped
meta NOT subset; don't know how to subset; dropped
morx NOT subset; don't know how to subset; dropped
meta NOT subset; don't know how to subset; dropped
Warning: Detected layout profile: generic_two_column (confidence 0.72, 2 columns)
Warning: Page 13: translated body block still looks like English after retry
Warning: Page 14: translated body block still looks like English after retry
Warning: Page 16: restored 1 formula atom group(s) after prose redaction
Warning: Kept source fonts intact to preserve figure and formula glyph mappings
Wrote: /Users/liyufeng/Code/awesome_Gflow/pdfs/zh/T05_zh.pdf
Pages: 17
Translated text blocks: 168
Skipped text blocks: 321
