Translating batch 1/1: 8 blocks, 1183 chars
Translated 8/8 text blocks
Translating batch 1/1: 1 blocks, 999 chars
Translated 1/1 text blocks
Translating batch 1/1: 1 blocks, 514 chars
Translated 1/1 text blocks
Translating batch 1/1: 7 blocks, 975 chars
Warning: supplier returned 6 translations for 7 inputs; retrying one by one
Translated 7/7 text blocks
Translating batch 1/1: 4 blocks, 2072 chars
Warning: supplier returned 3 translations for 4 inputs; retrying one by one
Translated 4/4 text blocks
Translating batch 1/1: 1 blocks, 841 chars
Translated 1/1 text blocks
Translating batch 1/1: 1 blocks, 534 chars
Translated 1/1 text blocks
Translating batch 1/1: 1 blocks, 306 chars
Translated 1/1 text blocks
Translating batch 1/1: 1 blocks, 463 chars
Translated 1/1 text blocks
Translating batch 1/1: 5 blocks, 447 chars
Translated 5/5 text blocks
Translating batch 1/1: 1 blocks, 441 chars
Translated 1/1 text blocks
Translating batch 1/1: 1 blocks, 218 chars
Translated 1/1 text blocks
Translating batch 1/1: 1 blocks, 222 chars
Translated 1/1 text blocks
Translating batch 1/1: 6 blocks, 1978 chars
Translated 6/6 text blocks
Translating batch 1/1: 8 blocks, 1872 chars
Warning: supplier returned 3 translations for 8 inputs; retrying one by one
Translated 8/8 text blocks
Translating batch 1/1: 1 blocks, 1018 chars
Translated 1/1 text blocks
Translating batch 1/1: 1 blocks, 459 chars
Translated 1/1 text blocks
Translating batch 1/1: 8 blocks, 989 chars
Warning: supplier returned 7 translations for 8 inputs; retrying one by one
Translated 8/8 text blocks
Translating batch 1/1: 1 blocks, 347 chars
Translated 1/1 text blocks
Translating batch 1/1: 1 blocks, 194 chars
Translated 1/1 text blocks
Translating batch 1/1: 1 blocks, 152 chars
Translated 1/1 text blocks
Translating batch 1/1: 6 blocks, 325 chars
Translated 6/6 text blocks
Translating batch 1/1: 8 blocks, 1004 chars
Warning: supplier returned 7 translations for 8 inputs; retrying one by one
Translated 8/8 text blocks
Translating batch 1/1: 1 blocks, 197 chars
Translated 1/1 text blocks
Translating batch 1/1: 3 blocks, 190 chars
Warning: supplier returned 1 translations for 3 inputs; retrying one by one
Translated 3/3 text blocks
Translating batch 1/1: 8 blocks, 2149 chars
Translated 8/8 text blocks
Translating batch 1/1: 1 blocks, 666 chars
Translated 1/1 text blocks
Translating batch 1/1: 1 blocks, 306 chars
Translated 1/1 text blocks
Translating batch 1/1: 1 blocks, 359 chars
Translated 1/1 text blocks
Translating batch 1/1: 7 blocks, 2004 chars
Warning: supplier returned 6 translations for 7 inputs; retrying one by one
Translated 7/7 text blocks
Translating batch 1/1: 7 blocks, 2269 chars
Warning: supplier returned 6 translations for 7 inputs; retrying one by one
Translated 7/7 text blocks
Translating batch 1/1: 1 blocks, 781 chars
Translated 1/1 text blocks
Translating batch 1/1: 1 blocks, 342 chars
Translated 1/1 text blocks
Translating batch 1/1: 1 blocks, 438 chars
Translated 1/1 text blocks
Translating batch 1/1: 1 blocks, 369 chars
Translated 1/1 text blocks
Translating batch 1/1: 1 blocks, 131 chars
Translated 1/1 text blocks
Translating batch 1/1: 1 blocks, 237 chars
Translated 1/1 text blocks
Translating batch 1/1: 6 blocks, 2204 chars
Translated 6/6 text blocks
Translating batch 1/1: 8 blocks, 1695 chars
Warning: supplier returned 7 translations for 8 inputs; retrying one by one
Translated 8/8 text blocks
Translating batch 1/1: 1 blocks, 158 chars
Translated 1/1 text blocks
Translating batch 1/1: 2 blocks, 154 chars
Translated 2/2 text blocks
Translating batch 1/1: 8 blocks, 1978 chars
Translated 8/8 text blocks
Translating batch 1/1: 1 blocks, 270 chars
Translated 1/1 text blocks
Translating batch 1/1: 8 blocks, 2114 chars
Translated 8/8 text blocks
Translating batch 1/1: 1 blocks, 598 chars
Translated 1/1 text blocks
Translating batch 1/1: 1 blocks, 207 chars
Translated 1/1 text blocks
Translating batch 1/1: 1 blocks, 390 chars
Translated 1/1 text blocks
Translating batch 1/2: 8 blocks, 505 chars
Warning: supplier returned 6 translations for 8 inputs; retrying one by one
Translated 8/10 text blocks
Translating batch 2/2: 2 blocks, 58 chars
Translated 10/10 text blocks
Translating batch 1/1: 8 blocks, 2232 chars
Translated 8/8 text blocks
Translating batch 1/1: 1 blocks, 277 chars
Translated 1/1 text blocks
Translating batch 1/1: 8 blocks, 1584 chars
Warning: supplier returned 1 translations for 8 inputs; retrying one by one
Translated 8/8 text blocks
Translating batch 1/1: 1 blocks, 269 chars
Translated 1/1 text blocks
Translating batch 1/1: 1 blocks, 126 chars
Translated 1/1 text blocks
Translating batch 1/1: 1 blocks, 142 chars
Translated 1/1 text blocks
Translating batch 1/1: 8 blocks, 1352 chars
Warning: supplier returned 7 translations for 8 inputs; retrying one by one
Translated 8/8 text blocks
Translating batch 1/1: 1 blocks, 287 chars
Translated 1/1 text blocks
Translating batch 1/1: 1 blocks, 115 chars
Translated 1/1 text blocks
Translating batch 1/1: 1 blocks, 171 chars
Translated 1/1 text blocks
Translating batch 1/1: 8 blocks, 1281 chars
Warning: supplier returned 7 translations for 8 inputs; retrying one by one
Translated 8/8 text blocks
Translating batch 1/1: 8 blocks, 1405 chars
Translated 8/8 text blocks
Translating batch 1/1: 1 blocks, 324 chars
Translated 1/1 text blocks
Translating batch 1/1: 1 blocks, 110 chars
Translated 1/1 text blocks
Translating batch 1/1: 1 blocks, 213 chars
Translated 1/1 text blocks
Translating batch 1/1: 3 blocks, 316 chars
Warning: supplier returned 2 translations for 3 inputs; retrying one by one
Translated 3/3 text blocks
Translating batch 1/1: 1 blocks, 98 chars
Translated 1/1 text blocks
Translating batch 1/1: 8 blocks, 2148 chars
Warning: supplier returned 7 translations for 8 inputs; retrying one by one
Translated 8/8 text blocks
Translating batch 1/1: 1 blocks, 584 chars
Translated 1/1 text blocks
Translating batch 1/1: 1 blocks, 279 chars
Translated 1/1 text blocks
Translating batch 1/1: 1 blocks, 304 chars
Translated 1/1 text blocks
Translating batch 1/1: 8 blocks, 1649 chars
Translated 8/8 text blocks
Translating batch 1/1: 8 blocks, 2239 chars
Translated 8/8 text blocks
Translating batch 1/1: 1 blocks, 728 chars
Translated 1/1 text blocks
Translating batch 1/1: 1 blocks, 207 chars
Translated 1/1 text blocks
Translating batch 1/1: 1 blocks, 520 chars
Translated 1/1 text blocks
Translating batch 1/1: 8 blocks, 2179 chars
Translated 8/8 text blocks
Translating batch 1/1: 1 blocks, 174 chars
Translated 1/1 text blocks
Translating batch 1/1: 8 blocks, 2262 chars
Translated 8/8 text blocks
Translating batch 1/1: 1 blocks, 748 chars
Translated 1/1 text blocks
Translating batch 1/1: 1 blocks, 378 chars
Translated 1/1 text blocks
Translating batch 1/1: 1 blocks, 369 chars
Translated 1/1 text blocks
Translating batch 1/1: 8 blocks, 1945 chars
Translated 8/8 text blocks
Translating batch 1/1: 1 blocks, 891 chars
Translated 1/1 text blocks
Translating batch 1/1: 1 blocks, 428 chars
Translated 1/1 text blocks
Translating batch 1/3: 8 blocks, 553 chars
Translated 8/17 text blocks
Translating batch 2/3: 8 blocks, 249 chars
Warning: supplier returned 9 translations for 8 inputs; retrying one by one
Translated 16/17 text blocks
Translating batch 3/3: 1 blocks, 24 chars
Translated 17/17 text blocks
Translating batch 1/1: 1 blocks, 507 chars
Translated 1/1 text blocks
Translating batch 1/1: 1 blocks, 194 chars
Translated 1/1 text blocks
Translating batch 1/1: 1 blocks, 312 chars
Translated 1/1 text blocks
Translating batch 1/1: 8 blocks, 1486 chars
Translated 8/8 text blocks
Translating batch 1/1: 1 blocks, 226 chars
Translated 1/1 text blocks
Translating batch 1/1: 1 blocks, 316 chars
Translated 1/1 text blocks
Translating batch 1/1: 6 blocks, 2482 chars
Translated 6/6 text blocks
Translating batch 1/1: 8 blocks, 2375 chars
Translated 8/8 text blocks
Translating batch 1/1: 8 blocks, 1222 chars
Translated 8/8 text blocks
Translating batch 1/1: 1 blocks, 397 chars
Translated 1/1 text blocks
Translating batch 1/1: 1 blocks, 185 chars
Translated 1/1 text blocks
Translating batch 1/1: 1 blocks, 211 chars
Translated 1/1 text blocks
Translating batch 1/1: 1 blocks, 241 chars
Translated 1/1 text blocks
Translating batch 1/1: 2 blocks, 237 chars
Translated 2/2 text blocks
Translating batch 1/1: 8 blocks, 1265 chars
Translated 8/8 text blocks
Translating batch 1/1: 1 blocks, 282 chars
Translated 1/1 text blocks
Translating batch 1/1: 1 blocks, 104 chars
Translated 1/1 text blocks
Translating batch 1/1: 1 blocks, 177 chars
Translated 1/1 text blocks
Translating batch 1/2: 8 blocks, 197 chars
Translated 8/11 text blocks
Translating batch 2/2: 3 blocks, 48 chars
Translated 11/11 text blocks
Translating batch 1/1: 8 blocks, 1597 chars
Warning: supplier response could not be parsed for 8 inputs; retrying one by one
Translated 8/8 text blocks
Translating batch 1/1: 1 blocks, 109 chars
Translated 1/1 text blocks
Translating batch 1/1: 3 blocks, 93 chars
Translated 3/3 text blocks
Translating batch 1/1: 8 blocks, 1527 chars
Translated 8/8 text blocks
Translating batch 1/1: 1 blocks, 181 chars
Translated 1/1 text blocks
Translating batch 1/1: 4 blocks, 166 chars
Translated 4/4 text blocks
Translating batch 1/1: 8 blocks, 927 chars
Translated 8/8 text blocks
Translating batch 1/1: 1 blocks, 263 chars
Translated 1/1 text blocks
Translating batch 1/1: 8 blocks, 1174 chars
Translated 8/8 text blocks
Translating batch 1/1: 8 blocks, 1311 chars
Translated 8/8 text blocks
Translating batch 1/1: 8 blocks, 1730 chars
Translated 8/8 text blocks
Translating batch 1/1: 1 blocks, 649 chars
Translated 1/1 text blocks
Translating batch 1/1: 1 blocks, 307 chars
Translated 1/1 text blocks
Translating batch 1/1: 1 blocks, 341 chars
Translated 1/1 text blocks
Translating batch 1/1: 5 blocks, 633 chars
Warning: supplier returned 4 translations for 5 inputs; retrying one by one
Translated 5/5 text blocks
Translating batch 1/1: 1 blocks, 593 chars
Translated 1/1 text blocks
Translating batch 1/1: 1 blocks, 157 chars
Translated 1/1 text blocks
Translating batch 1/1: 8 blocks, 1025 chars
Translated 8/8 text blocks
Translating batch 1/1: 1 blocks, 209 chars
Translated 1/1 text blocks
Translating batch 1/1: 5 blocks, 190 chars
Translated 5/5 text blocks
Translating batch 1/1: 8 blocks, 2008 chars
Translated 8/8 text blocks
Translating batch 1/1: 1 blocks, 821 chars
Translated 1/1 text blocks
Translating batch 1/1: 1 blocks, 295 chars
Translated 1/1 text blocks
Translating batch 1/1: 1 blocks, 525 chars
Translated 1/1 text blocks
Translating batch 1/1: 8 blocks, 1456 chars
Translated 8/8 text blocks
Translating batch 1/1: 1 blocks, 508 chars
Translated 1/1 text blocks
Translating batch 1/1: 8 blocks, 882 chars
Translated 8/8 text blocks
Translating batch 1/1: 3 blocks, 759 chars
Translated 3/3 text blocks
Translating batch 1/1: 1 blocks, 320 chars
Translated 1/1 text blocks
Translating batch 1/1: 1 blocks, 146 chars
Translated 1/1 text blocks
Translating batch 1/1: 3 blocks, 313 chars
Translated 3/3 text blocks
Translating batch 1/1: 4 blocks, 1358 chars
Translated 4/4 text blocks
feat NOT subset; don't know how to subset; dropped
meta NOT subset; don't know how to subset; dropped
morx NOT subset; don't know how to subset; dropped
meta NOT subset; don't know how to subset; dropped
feat NOT subset; don't know how to subset; dropped
meta NOT subset; don't know how to subset; dropped
morx NOT subset; don't know how to subset; dropped
meta NOT subset; don't know how to subset; dropped
Warning: Detected layout profile: generic_two_column (confidence 0.72, 2 columns)
Warning: Page 3: translated body block still looks like English after retry
Warning: Page 3: translated body block still looks like English after retry
Warning: Page 6: translated run_in_heading block still looks like English after retry
Warning: Kept source fonts intact to preserve figure and formula glyph mappings
Wrote: /Users/liyufeng/Code/awesome_Gflow/pdfs/zh/T07_zh.pdf
Pages: 20
Translated text blocks: 294
Skipped text blocks: 86
