Translating batch 1/1: 6 blocks, 1813 chars
Translated 6/6 text blocks
Translating batch 1/1: 3 blocks, 2053 chars
Translated 3/3 text blocks
Translating batch 1/1: 1 blocks, 244 chars
Translated 1/1 text blocks
Translating batch 1/1: 7 blocks, 2356 chars
Translated 7/7 text blocks
Translating batch 1/1: 1 blocks, 660 chars
Translated 1/1 text blocks
Translating batch 1/1: 1 blocks, 265 chars
Translated 1/1 text blocks
Translating batch 1/2: 8 blocks, 230 chars
Warning: supplier returned 7 translations for 8 inputs; retrying one by one
Translated 8/14 text blocks
Translating batch 2/2: 6 blocks, 347 chars
Translated 14/14 text blocks
Translating batch 1/1: 1 blocks, 73 chars
Translated 1/1 text blocks
Translating batch 1/1: 1 blocks, 67 chars
Translated 1/1 text blocks
Translating batch 1/1: 3 blocks, 56 chars
Translated 3/3 text blocks
Translating batch 1/1: 6 blocks, 2194 chars
Translated 6/6 text blocks
Translating batch 1/1: 1 blocks, 945 chars
Translated 1/1 text blocks
Translating batch 1/1: 7 blocks, 2486 chars
Translated 7/7 text blocks
Translating batch 1/1: 8 blocks, 1968 chars
Translated 8/8 text blocks
Translating batch 1/1: 8 blocks, 2467 chars
Translated 8/8 text blocks
Translating batch 1/1: 5 blocks, 1543 chars
Translated 5/5 text blocks
Translating batch 1/1: 4 blocks, 2037 chars
Translated 4/4 text blocks
Translating batch 1/1: 1 blocks, 966 chars
Translated 1/1 text blocks
Translating batch 1/1: 1 blocks, 492 chars
Warning: single-item JSON translation failed (Invalid \escape: line 1 column 13 (char 12)); using plain-text fallback
Translated 1/1 text blocks
Translating batch 1/1: 8 blocks, 931 chars
Warning: supplier returned 4 translations for 8 inputs; retrying one by one
Translated 8/8 text blocks
Translating batch 1/1: 5 blocks, 2347 chars
Translated 5/5 text blocks
Translating batch 1/1: 8 blocks, 1418 chars
Translated 8/8 text blocks
Translating batch 1/1: 6 blocks, 1940 chars
Translated 6/6 text blocks
Translating batch 1/1: 1 blocks, 269 chars
Translated 1/1 text blocks
Translating batch 1/1: 1 blocks, 147 chars
Translated 1/1 text blocks
Translating batch 1/1: 4 blocks, 258 chars
Warning: supplier returned 1 translations for 4 inputs; retrying one by one
Translated 4/4 text blocks
Translating batch 1/1: 4 blocks, 2084 chars
Translated 4/4 text blocks
Translating batch 1/1: 1 blocks, 740 chars
Translated 1/1 text blocks
Translating batch 1/1: 1 blocks, 357 chars
Translated 1/1 text blocks
Translating batch 1/1: 6 blocks, 2473 chars
Translated 6/6 text blocks
Translating batch 1/1: 1 blocks, 937 chars
Translated 1/1 text blocks
Translating batch 1/1: 1 blocks, 568 chars
Translated 1/1 text blocks
Translating batch 1/1: 1 blocks, 224 chars
Translated 1/1 text blocks
Translating batch 1/1: 1 blocks, 343 chars
Translated 1/1 text blocks
Translating batch 1/1: 8 blocks, 523 chars
Warning: supplier returned 6 translations for 8 inputs; retrying one by one
Translated 8/8 text blocks
Translating batch 1/1: 4 blocks, 2157 chars
Translated 4/4 text blocks
Translating batch 1/1: 2 blocks, 1664 chars
Translated 2/2 text blocks
Translating batch 1/1: 1 blocks, 906 chars
Translated 1/1 text blocks
Translating batch 1/1: 1 blocks, 479 chars
Translated 1/1 text blocks
Translating batch 1/1: 7 blocks, 886 chars
Translated 7/7 text blocks
Translating batch 1/1: 1 blocks, 758 chars
Translated 1/1 text blocks
Translating batch 1/1: 4 blocks, 2429 chars
Translated 4/4 text blocks
Translating batch 1/1: 8 blocks, 1499 chars
Translated 8/8 text blocks
Translating batch 1/1: 8 blocks, 300 chars
Translated 8/8 text blocks
Translating batch 1/1: 8 blocks, 821 chars
Translated 8/8 text blocks
Translating batch 1/1: 8 blocks, 1302 chars
Translated 8/8 text blocks
Translating batch 1/1: 1 blocks, 406 chars
Translated 1/1 text blocks
Translating batch 1/1: 1 blocks, 158 chars
Translated 1/1 text blocks
Translating batch 1/1: 1 blocks, 247 chars
Translated 1/1 text blocks
Translating batch 1/1: 3 blocks, 400 chars
Warning: supplier returned 2 translations for 3 inputs; retrying one by one
Translated 3/3 text blocks
Translating batch 1/1: 8 blocks, 1968 chars
Translated 8/8 text blocks
Translating batch 1/1: 1 blocks, 91 chars
Warning: single-item JSON translation failed (Invalid \escape: line 1 column 20 (char 19)); using plain-text fallback
Translated 1/1 text blocks
Translating batch 1/1: 8 blocks, 1421 chars
Warning: supplier returned 7 translations for 8 inputs; retrying one by one
Translated 8/8 text blocks
Translating batch 1/1: 8 blocks, 572 chars
Warning: supplier returned 7 translations for 8 inputs; retrying one by one
Translated 8/8 text blocks
Translating batch 1/1: 8 blocks, 1798 chars
Translated 8/8 text blocks
Translating batch 1/1: 7 blocks, 2048 chars
Translated 7/7 text blocks
Translating batch 1/1: 1 blocks, 795 chars
Translated 1/1 text blocks
Translating batch 1/1: 1 blocks, 333 chars
Translated 1/1 text blocks
Translating batch 1/1: 8 blocks, 2253 chars
Translated 8/8 text blocks
Translating batch 1/1: 1 blocks, 526 chars
Translated 1/1 text blocks
Translating batch 1/1: 1 blocks, 173 chars
Translated 1/1 text blocks
Translating batch 1/1: 3 blocks, 147 chars
Warning: supplier returned 1 translations for 3 inputs; retrying one by one
Translated 3/3 text blocks
Translating batch 1/1: 8 blocks, 2235 chars
Translated 8/8 text blocks
Translating batch 1/1: 8 blocks, 2218 chars
Translated 8/8 text blocks
Translating batch 1/1: 1 blocks, 671 chars
Translated 1/1 text blocks
Translating batch 1/1: 1 blocks, 373 chars
Translated 1/1 text blocks
Translating batch 1/2: 8 blocks, 519 chars
Warning: supplier returned 5 translations for 8 inputs; retrying one by one
Translated 8/13 text blocks
Translating batch 2/2: 5 blocks, 107 chars
Translated 13/13 text blocks
Translating batch 1/1: 1 blocks, 166 chars
Translated 1/1 text blocks
Translating batch 1/1: 8 blocks, 1444 chars
Warning: supplier returned 6 translations for 8 inputs; retrying one by one
Translated 8/8 text blocks
Translating batch 1/1: 1 blocks, 163 chars
Translated 1/1 text blocks
Translating batch 1/1: 3 blocks, 155 chars
Warning: supplier returned 2 translations for 3 inputs; retrying one by one
Translated 3/3 text blocks
Translating batch 1/1: 8 blocks, 1718 chars
Translated 8/8 text blocks
Translating batch 1/1: 1 blocks, 348 chars
Translated 1/1 text blocks
Translating batch 1/1: 5 blocks, 326 chars
Warning: supplier returned 4 translations for 5 inputs; retrying one by one
Translated 5/5 text blocks
Translating batch 1/1: 1 blocks, 358 chars
Translated 1/1 text blocks
Translating batch 1/1: 1 blocks, 144 chars
Translated 1/1 text blocks
Translating batch 1/1: 1 blocks, 213 chars
Translated 1/1 text blocks
Translating batch 1/1: 4 blocks, 344 chars
Translated 4/4 text blocks
Translating batch 1/1: 8 blocks, 2046 chars
Translated 8/8 text blocks
Translating batch 1/1: 1 blocks, 403 chars
Translated 1/1 text blocks
Translating batch 1/1: 1 blocks, 115 chars
Translated 1/1 text blocks
Translating batch 1/1: 1 blocks, 287 chars
Translated 1/1 text blocks
Translating batch 1/1: 4 blocks, 392 chars
Warning: supplier returned 2 translations for 4 inputs; retrying one by one
Translated 4/4 text blocks
Translating batch 1/1: 7 blocks, 1304 chars
Translated 7/7 text blocks
Translating batch 1/1: 1 blocks, 254 chars
Translated 1/1 text blocks
feat NOT subset; don't know how to subset; dropped
meta NOT subset; don't know how to subset; dropped
morx NOT subset; don't know how to subset; dropped
meta NOT subset; don't know how to subset; dropped
feat NOT subset; don't know how to subset; dropped
meta NOT subset; don't know how to subset; dropped
morx NOT subset; don't know how to subset; dropped
meta NOT subset; don't know how to subset; dropped
Warning: Detected layout profile: generic_two_column (confidence 0.72, 2 columns)
Warning: Kept source fonts intact to preserve figure and formula glyph mappings
Wrote: /Users/liyufeng/Code/awesome_Gflow/pdfs/zh/T08_zh.pdf
Pages: 24
Translated text blocks: 216
Skipped text blocks: 257
