Translating batch 1/1: 4 blocks, 1338 chars
Translated 4/4 text blocks
Translating batch 1/1: 2 blocks, 1678 chars
Warning: supplier returned 1 translations for 2 inputs; retrying one by one
Translated 2/2 text blocks
Translating batch 1/1: 3 blocks, 2062 chars
Translated 3/3 text blocks
Translating batch 1/1: 8 blocks, 2379 chars
Warning: supplier returned 7 translations for 8 inputs; retrying one by one
Translated 8/8 text blocks
Translating batch 1/1: 1 blocks, 785 chars
Translated 1/1 text blocks
Translating batch 1/1: 1 blocks, 369 chars
Translated 1/1 text blocks
Translating batch 1/3: 8 blocks, 341 chars
Translated 8/19 text blocks
Translating batch 2/3: 8 blocks, 290 chars
Warning: supplier returned 7 translations for 8 inputs; retrying one by one
Translated 16/19 text blocks
Translating batch 3/3: 3 blocks, 81 chars
Translated 19/19 text blocks
Translating batch 1/1: 8 blocks, 1554 chars
Warning: supplier returned 7 translations for 8 inputs; retrying one by one
Translated 8/8 text blocks
Translating batch 1/1: 8 blocks, 1706 chars
Translated 8/8 text blocks
Translating batch 1/1: 8 blocks, 1483 chars
Translated 8/8 text blocks
Translating batch 1/1: 8 blocks, 1967 chars
Translated 8/8 text blocks
Translating batch 1/1: 1 blocks, 280 chars
Translated 1/1 text blocks
Translating batch 1/1: 1 blocks, 91 chars
Translated 1/1 text blocks
Translating batch 1/1: 6 blocks, 261 chars
Warning: supplier returned 1 translations for 6 inputs; retrying one by one
Translated 6/6 text blocks
Translating batch 1/1: 1 blocks, 474 chars
Translated 1/1 text blocks
Translating batch 1/1: 1 blocks, 308 chars
Translated 1/1 text blocks
Translating batch 1/1: 6 blocks, 445 chars
Translated 6/6 text blocks
Translating batch 1/1: 1 blocks, 517 chars
Translated 1/1 text blocks
Translating batch 1/1: 8 blocks, 1707 chars
Translated 8/8 text blocks
Translating batch 1/1: 1 blocks, 792 chars
Translated 1/1 text blocks
Translating batch 1/1: 8 blocks, 2041 chars
Translated 8/8 text blocks
Translating batch 1/1: 1 blocks, 736 chars
Translated 1/1 text blocks
Translating batch 1/1: 1 blocks, 152 chars
Translated 1/1 text blocks
Translating batch 1/1: 1 blocks, 719 chars
Translated 1/1 text blocks
Translating batch 1/1: 8 blocks, 2065 chars
Warning: supplier returned 16 translations for 8 inputs; retrying one by one
Translated 8/8 text blocks
Translating batch 1/1: 1 blocks, 812 chars
Translated 1/1 text blocks
Translating batch 1/1: 1 blocks, 438 chars
Translated 1/1 text blocks
Translating batch 1/2: 8 blocks, 599 chars
Warning: supplier returned 6 translations for 8 inputs; retrying one by one
Translated 8/13 text blocks
Translating batch 2/2: 5 blocks, 160 chars
Translated 13/13 text blocks
Translating batch 1/1: 8 blocks, 1268 chars
Translated 8/8 text blocks
Translating batch 1/1: 8 blocks, 2159 chars
Translated 8/8 text blocks
Translating batch 1/1: 1 blocks, 215 chars
Translated 1/1 text blocks
Translating batch 1/1: 8 blocks, 1862 chars
Translated 8/8 text blocks
Translating batch 1/1: 1 blocks, 1003 chars
Translated 1/1 text blocks
Translating batch 1/1: 1 blocks, 418 chars
Translated 1/1 text blocks
Translating batch 1/1: 1 blocks, 584 chars
Translated 1/1 text blocks
Translating batch 1/2: 8 blocks, 460 chars
Warning: supplier returned 7 translations for 8 inputs; retrying one by one
Translated 8/16 text blocks
Translating batch 2/2: 8 blocks, 480 chars
Warning: supplier returned 2 translations for 8 inputs; retrying one by one
Translated 16/16 text blocks
Warning: supplier kept mangling protected placeholders for a block; leaving it untranslated (1003 chars)
Translating batch 1/1: 1 blocks, 228 chars
Translated 1/1 text blocks
Translating batch 1/1: 5 blocks, 2439 chars
Translated 5/5 text blocks
Translating batch 1/1: 1 blocks, 383 chars
Translated 1/1 text blocks
Translating batch 1/1: 1 blocks, 349 chars
Translated 1/1 text blocks
Translating batch 1/1: 3 blocks, 1543 chars
Translated 3/3 text blocks
Translating batch 1/1: 1 blocks, 474 chars
Translated 1/1 text blocks
Translating batch 1/1: 1 blocks, 308 chars
Translated 1/1 text blocks
Translating batch 1/1: 6 blocks, 445 chars
Translated 6/6 text blocks
feat NOT subset; don't know how to subset; dropped
meta NOT subset; don't know how to subset; dropped
morx NOT subset; don't know how to subset; dropped
meta NOT subset; don't know how to subset; dropped
Warning: Detected layout profile: single_column (confidence 0.65, 1 column)
Warning: Page 6: translated body block still looks like English after retry
Warning: Page 9: translated body block still looks like English after retry
Warning: Kept source fonts intact to preserve figure and formula glyph mappings
Wrote: /Users/liyufeng/Code/awesome_Gflow/pdfs/zh/T09_zh.pdf
Pages: 14
Translated text blocks: 95
Skipped text blocks: 70
