Translating batch 1/1: 8 blocks, 2459 chars
Translated 8/8 text blocks
Translating batch 1/1: 1 blocks, 283 chars
Translated 1/1 text blocks
Translating batch 1/1: 1 blocks, 414 chars
Translated 1/1 text blocks
Translating batch 1/1: 8 blocks, 2094 chars
Translated 8/8 text blocks
Translating batch 1/1: 7 blocks, 1623 chars
Translated 7/7 text blocks
Translating batch 1/1: 4 blocks, 2278 chars
Translated 4/4 text blocks
Translating batch 1/1: 8 blocks, 1598 chars
Translated 8/8 text blocks
Translating batch 1/1: 1 blocks, 375 chars
Translated 1/1 text blocks
Translating batch 1/1: 1 blocks, 344 chars
Translated 1/1 text blocks
Translating batch 1/1: 8 blocks, 1421 chars
Translated 8/8 text blocks
Translating batch 1/1: 8 blocks, 1543 chars
Warning: supplier returned 7 translations for 8 inputs; retrying one by one
Translated 8/8 text blocks
Translating batch 1/1: 1 blocks, 202 chars
Translated 1/1 text blocks
Translating batch 1/1: 6 blocks, 173 chars
Translated 6/6 text blocks
Translating batch 1/1: 8 blocks, 1514 chars
Translated 8/8 text blocks
Translating batch 1/1: 8 blocks, 2199 chars
Translated 8/8 text blocks
Translating batch 1/1: 1 blocks, 275 chars
Translated 1/1 text blocks
Translating batch 1/1: 8 blocks, 883 chars
Translated 8/8 text blocks
Translating batch 1/1: 8 blocks, 762 chars
Translated 8/8 text blocks
Translating batch 1/1: 8 blocks, 1370 chars
Translated 8/8 text blocks
Translating batch 1/1: 1 blocks, 311 chars
Translated 1/1 text blocks
Translating batch 1/2: 8 blocks, 265 chars
Warning: supplier returned 7 translations for 8 inputs; retrying one by one
Translated 8/9 text blocks
Translating batch 2/2: 1 blocks, 12 chars
Translated 9/9 text blocks
Translating batch 1/1: 8 blocks, 1041 chars
Translated 8/8 text blocks
Translating batch 1/1: 8 blocks, 1724 chars
Translated 8/8 text blocks
Translating batch 1/1: 1 blocks, 352 chars
Translated 1/1 text blocks
Translating batch 1/1: 1 blocks, 264 chars
Translated 1/1 text blocks
Translating batch 1/1: 1 blocks, 87 chars
Translated 1/1 text blocks
Translating batch 1/1: 8 blocks, 1010 chars
Translated 8/8 text blocks
Translating batch 1/1: 8 blocks, 1990 chars
Translated 8/8 text blocks
Translating batch 1/1: 1 blocks, 440 chars
Translated 1/1 text blocks
Translating batch 1/1: 1 blocks, 239 chars
Translated 1/1 text blocks
Translating batch 1/2: 8 blocks, 330 chars
Warning: supplier returned 6 translations for 8 inputs; retrying one by one
Translated 8/11 text blocks
Translating batch 2/2: 3 blocks, 61 chars
Warning: supplier returned 2 translations for 3 inputs; retrying one by one
Translated 11/11 text blocks
Translating batch 1/1: 5 blocks, 2333 chars
Translated 5/5 text blocks
Translating batch 1/1: 1 blocks, 507 chars
Translated 1/1 text blocks
Translating batch 1/1: 1 blocks, 253 chars
Translated 1/1 text blocks
Translating batch 1/1: 5 blocks, 492 chars
Warning: supplier returned 1 translations for 5 inputs; retrying one by one
Translated 5/5 text blocks
Translating batch 1/1: 1 blocks, 583 chars
Translated 1/1 text blocks
Translating batch 1/1: 1 blocks, 281 chars
Translated 1/1 text blocks
Translating batch 1/1: 1 blocks, 301 chars
Translated 1/1 text blocks
Translating batch 1/1: 8 blocks, 542 chars
Warning: supplier returned 1 translations for 8 inputs; retrying one by one
Translated 8/8 text blocks
Translating batch 1/1: 8 blocks, 2053 chars
Translated 8/8 text blocks
Translating batch 1/1: 1 blocks, 310 chars
Translated 1/1 text blocks
Translating batch 1/1: 1 blocks, 125 chars
Translated 1/1 text blocks
Translating batch 1/1: 1 blocks, 184 chars
Translated 1/1 text blocks
Translating batch 1/2: 8 blocks, 172 chars
Warning: supplier returned 6 translations for 8 inputs; retrying one by one
Translated 8/16 text blocks
Translating batch 2/2: 8 blocks, 84 chars
Translated 16/16 text blocks
Translating batch 1/1: 8 blocks, 1967 chars
Translated 8/8 text blocks
Translating batch 1/1: 5 blocks, 1727 chars
Translated 5/5 text blocks
Translating batch 1/1: 1 blocks, 579 chars
Translated 1/1 text blocks
Translating batch 1/1: 1 blocks, 273 chars
Translated 1/1 text blocks
Translating batch 1/1: 1 blocks, 305 chars
Translated 1/1 text blocks
Translating batch 1/1: 4 blocks, 561 chars
Translated 4/4 text blocks
Translating batch 1/1: 1 blocks, 568 chars
Translated 1/1 text blocks
Translating batch 1/1: 1 blocks, 219 chars
Translated 1/1 text blocks
Translating batch 1/1: 8 blocks, 1920 chars
Translated 8/8 text blocks
Translating batch 1/1: 1 blocks, 443 chars
Translated 1/1 text blocks
Translating batch 1/1: 1 blocks, 152 chars
Translated 1/1 text blocks
Translating batch 1/1: 1 blocks, 290 chars
Translated 1/1 text blocks
Translating batch 1/1: 7 blocks, 423 chars
Warning: supplier returned 2 translations for 7 inputs; retrying one by one
Translated 7/7 text blocks
Translating batch 1/1: 8 blocks, 1839 chars
Translated 8/8 text blocks
Translating batch 1/1: 1 blocks, 609 chars
Translated 1/1 text blocks
Translating batch 1/1: 1 blocks, 246 chars
Translated 1/1 text blocks
Translating batch 1/1: 1 blocks, 362 chars
Translated 1/1 text blocks
Translating batch 1/1: 8 blocks, 904 chars
Translated 8/8 text blocks
Translating batch 1/1: 8 blocks, 992 chars
Translated 8/8 text blocks
Translating batch 1/1: 8 blocks, 1044 chars
Translated 8/8 text blocks
Translating batch 1/1: 8 blocks, 635 chars
Translated 8/8 text blocks
Translating batch 1/1: 1 blocks, 96 chars
Translated 1/1 text blocks
Translating batch 1/1: 8 blocks, 974 chars
Translated 8/8 text blocks
Translating batch 1/1: 8 blocks, 594 chars
Translated 8/8 text blocks
Translating batch 1/1: 8 blocks, 639 chars
Warning: supplier response could not be parsed for 8 inputs; retrying one by one
Translated 8/8 text blocks
Translating batch 1/1: 1 blocks, 246 chars
Translated 1/1 text blocks
Translating batch 1/1: 6 blocks, 197 chars
Warning: supplier returned 4 translations for 6 inputs; retrying one by one
Translated 6/6 text blocks
Translating batch 1/1: 1 blocks, 139 chars
Translated 1/1 text blocks
Translating batch 1/1: 8 blocks, 101 chars
Warning: supplier returned 7 translations for 8 inputs; retrying one by one
Translated 8/8 text blocks
Translating batch 1/1: 8 blocks, 1411 chars
Translated 8/8 text blocks
Translating batch 1/1: 1 blocks, 229 chars
Translated 1/1 text blocks
Translating batch 1/2: 8 blocks, 141 chars
Warning: supplier returned 6 translations for 8 inputs; retrying one by one
Translated 8/10 text blocks
Translating batch 2/2: 2 blocks, 37 chars
Translated 10/10 text blocks
Translating batch 1/1: 8 blocks, 754 chars
Translated 8/8 text blocks
Translating batch 1/1: 8 blocks, 1374 chars
Translated 8/8 text blocks
Translating batch 1/1: 8 blocks, 1786 chars
Warning: supplier response could not be parsed for 8 inputs; retrying one by one
Translated 8/8 text blocks
Translating batch 1/1: 1 blocks, 507 chars
Translated 1/1 text blocks
Translating batch 1/1: 4 blocks, 498 chars
Warning: supplier returned 6 translations for 4 inputs; retrying one by one
Translated 4/4 text blocks
Translating batch 1/1: 8 blocks, 1273 chars
Translated 8/8 text blocks
Translating batch 1/1: 8 blocks, 1541 chars
Translated 8/8 text blocks
Translating batch 1/1: 8 blocks, 1624 chars
Translated 8/8 text blocks
Translating batch 1/1: 8 blocks, 1897 chars
Translated 8/8 text blocks
Translating batch 1/1: 8 blocks, 2212 chars
Translated 8/8 text blocks
Translating batch 1/1: 1 blocks, 187 chars
Translated 1/1 text blocks
Translating batch 1/1: 4 blocks, 163 chars
Warning: supplier returned 1 translations for 4 inputs; retrying one by one
Translated 4/4 text blocks
Translating batch 1/1: 8 blocks, 1862 chars
Translated 8/8 text blocks
Translating batch 1/1: 1 blocks, 418 chars
Translated 1/1 text blocks
Translating batch 1/1: 8 blocks, 1606 chars
Translated 8/8 text blocks
Translating batch 1/1: 8 blocks, 1652 chars
Translated 8/8 text blocks
Translating batch 1/1: 8 blocks, 1594 chars
Translated 8/8 text blocks
Translating batch 1/1: 1 blocks, 517 chars
Translated 1/1 text blocks
Translating batch 1/1: 1 blocks, 338 chars
Translated 1/1 text blocks
Translating batch 1/1: 6 blocks, 495 chars
Warning: supplier returned 3 translations for 6 inputs; retrying one by one
Translated 6/6 text blocks
Translating batch 1/1: 1 blocks, 236 chars
Translated 1/1 text blocks
Translating batch 1/1: 8 blocks, 1171 chars
Translated 8/8 text blocks
Translating batch 1/1: 8 blocks, 894 chars
Translated 8/8 text blocks
Translating batch 1/1: 1 blocks, 235 chars
Translated 1/1 text blocks
Translating batch 1/1: 1 blocks, 243 chars
Translated 1/1 text blocks
Translating batch 1/1: 1 blocks, 133 chars
Translated 1/1 text blocks
Translating batch 1/1: 1 blocks, 109 chars
Translated 1/1 text blocks
Translating batch 1/1: 8 blocks, 614 chars
Translated 8/8 text blocks
Translating batch 1/1: 1 blocks, 161 chars
Translated 1/1 text blocks
Translating batch 1/1: 5 blocks, 142 chars
Translated 5/5 text blocks
Translating batch 1/1: 8 blocks, 825 chars
Translated 8/8 text blocks
Translating batch 1/1: 1 blocks, 107 chars
Translated 1/1 text blocks
Translating batch 1/1: 4 blocks, 89 chars
Translated 4/4 text blocks
Translating batch 1/1: 8 blocks, 975 chars
Translated 8/8 text blocks
Translating batch 1/1: 1 blocks, 343 chars
Translated 1/1 text blocks
Translating batch 1/1: 8 blocks, 743 chars
Translated 8/8 text blocks
Translating batch 1/1: 1 blocks, 102 chars
Translated 1/1 text blocks
Translating batch 1/1: 4 blocks, 85 chars
Warning: supplier returned 3 translations for 4 inputs; retrying one by one
Translated 4/4 text blocks
Translating batch 1/1: 8 blocks, 428 chars
Translated 8/8 text blocks
Translating batch 1/1: 8 blocks, 748 chars
Translated 8/8 text blocks
Translating batch 1/1: 8 blocks, 777 chars
Translated 8/8 text blocks
Translating batch 1/1: 8 blocks, 538 chars
Translated 8/8 text blocks
Translating batch 1/1: 1 blocks, 137 chars
Translated 1/1 text blocks
Translating batch 1/1: 8 blocks, 776 chars
Translated 8/8 text blocks
Translating batch 1/1: 1 blocks, 90 chars
Translated 1/1 text blocks
Translating batch 1/1: 8 blocks, 1010 chars
Translated 8/8 text blocks
Translating batch 1/1: 8 blocks, 1395 chars
Translated 8/8 text blocks
Translating batch 1/1: 8 blocks, 950 chars
Translated 8/8 text blocks
Translating batch 1/1: 1 blocks, 170 chars
Translated 1/1 text blocks
Translating batch 1/1: 8 blocks, 490 chars
Translated 8/8 text blocks
Translating batch 1/1: 8 blocks, 688 chars
Translated 8/8 text blocks
Translating batch 1/1: 4 blocks, 238 chars
Translated 4/4 text blocks
Translating batch 1/1: 3 blocks, 255 chars
Translated 3/3 text blocks
feat NOT subset; don't know how to subset; dropped
meta NOT subset; don't know how to subset; dropped
morx NOT subset; don't know how to subset; dropped
meta NOT subset; don't know how to subset; dropped
feat NOT subset; don't know how to subset; dropped
meta NOT subset; don't know how to subset; dropped
morx NOT subset; don't know how to subset; dropped
meta NOT subset; don't know how to subset; dropped
feat NOT subset; don't know how to subset; dropped
meta NOT subset; don't know how to subset; dropped
morx NOT subset; don't know how to subset; dropped
meta NOT subset; don't know how to subset; dropped
Warning: Detected layout profile: generic_two_column (confidence 0.72, 2 columns)
Warning: Page 11: translated body block still looks like English after retry
Warning: Page 6: restored 3 formula atom group(s) after prose redaction
Warning: Page 22: restored 1 formula atom group(s) after prose redaction
Warning: Kept source fonts intact to preserve figure and formula glyph mappings
Wrote: /Users/liyufeng/Code/awesome_Gflow/pdfs/zh/T12_zh.pdf
Pages: 32
Translated text blocks: 452
Skipped text blocks: 104
