Translating batch 1/1: 6 blocks, 2175 chars
Translated 6/6 text blocks
Translating batch 1/1: 1 blocks, 302 chars
Translated 1/1 text blocks
Translating batch 1/1: 1 blocks, 791 chars
Translated 1/1 text blocks
Translating batch 1/1: 5 blocks, 2366 chars
Translated 5/5 text blocks
Translating batch 1/1: 8 blocks, 1137 chars
Translated 8/8 text blocks
Translating batch 1/1: 8 blocks, 2109 chars
Translated 8/8 text blocks
Translating batch 1/1: 8 blocks, 1055 chars
Translated 8/8 text blocks
Translating batch 1/1: 8 blocks, 1335 chars
Translated 8/8 text blocks
Translating batch 1/1: 8 blocks, 1897 chars
Translated 8/8 text blocks
Translating batch 1/1: 1 blocks, 468 chars
Translated 1/1 text blocks
Translating batch 1/1: 8 blocks, 786 chars
Translated 8/8 text blocks
Translating batch 1/1: 1 blocks, 425 chars
Translated 1/1 text blocks
Translating batch 1/1: 8 blocks, 1137 chars
Warning: supplier returned 6 translations for 8 inputs; retrying one by one
Translated 8/8 text blocks
Translating batch 1/1: 8 blocks, 1821 chars
Translated 8/8 text blocks
Translating batch 1/1: 8 blocks, 1968 chars
Translated 8/8 text blocks
Translating batch 1/1: 8 blocks, 1346 chars
Translated 8/8 text blocks
Translating batch 1/1: 8 blocks, 1565 chars
Translated 8/8 text blocks
Translating batch 1/1: 8 blocks, 1627 chars
Translated 8/8 text blocks
Translating batch 1/1: 1 blocks, 230 chars
Translated 1/1 text blocks
Translating batch 1/1: 1 blocks, 137 chars
Translated 1/1 text blocks
Translating batch 1/1: 1 blocks, 92 chars
Translated 1/1 text blocks
Translating batch 1/1: 8 blocks, 1529 chars
Translated 8/8 text blocks
Translating batch 1/1: 8 blocks, 1761 chars
Warning: supplier returned 7 translations for 8 inputs; retrying one by one
Translated 8/8 text blocks
Translating batch 1/1: 1 blocks, 204 chars
Translated 1/1 text blocks
Translating batch 1/1: 4 blocks, 192 chars
Warning: supplier returned 3 translations for 4 inputs; retrying one by one
Translated 4/4 text blocks
Translating batch 1/1: 8 blocks, 915 chars
Translated 8/8 text blocks
Translating batch 1/1: 1 blocks, 262 chars
Translated 1/1 text blocks
Translating batch 1/1: 1 blocks, 148 chars
Translated 1/1 text blocks
Translating batch 1/1: 5 blocks, 247 chars
Translated 5/5 text blocks
Translating batch 1/1: 7 blocks, 2458 chars
Warning: supplier returned 6 translations for 7 inputs; retrying one by one
Translated 7/7 text blocks
Translating batch 1/1: 1 blocks, 1059 chars
Translated 1/1 text blocks
Translating batch 1/1: 1 blocks, 498 chars
Translated 1/1 text blocks
Translating batch 1/1: 1 blocks, 560 chars
Translated 1/1 text blocks
Translating batch 1/2: 8 blocks, 617 chars
Translated 8/16 text blocks
Translating batch 2/2: 8 blocks, 333 chars
Warning: supplier returned 6 translations for 8 inputs; retrying one by one
Translated 16/16 text blocks
Warning: supplier kept mangling protected placeholders for a block; leaving it untranslated (1059 chars)
Translating batch 1/1: 7 blocks, 2334 chars
Translated 7/7 text blocks
Translating batch 1/1: 1 blocks, 654 chars
Translated 1/1 text blocks
Translating batch 1/1: 7 blocks, 2456 chars
Translated 7/7 text blocks
Translating batch 1/1: 1 blocks, 806 chars
Translated 1/1 text blocks
Translating batch 1/1: 1 blocks, 390 chars
Translated 1/1 text blocks
Translating batch 1/2: 8 blocks, 303 chars
Translated 8/14 text blocks
Translating batch 2/2: 6 blocks, 446 chars
Warning: supplier returned 7 translations for 6 inputs; retrying one by one
Translated 14/14 text blocks
Translating batch 1/1: 1 blocks, 326 chars
Translated 1/1 text blocks
Translating batch 1/1: 1 blocks, 446 chars
Translated 1/1 text blocks
Translating batch 1/1: 8 blocks, 2337 chars
Warning: supplier returned 7 translations for 8 inputs; retrying one by one
Translated 8/8 text blocks
Translating batch 1/1: 8 blocks, 804 chars
Translated 8/8 text blocks
Translating batch 1/1: 8 blocks, 1981 chars
Warning: supplier returned 7 translations for 8 inputs; retrying one by one
Translated 8/8 text blocks
Translating batch 1/1: 8 blocks, 676 chars
Translated 8/8 text blocks
Translating batch 1/1: 8 blocks, 1498 chars
Translated 8/8 text blocks
Translating batch 1/1: 1 blocks, 219 chars
Translated 1/1 text blocks
Translating batch 1/1: 8 blocks, 1390 chars
Translated 8/8 text blocks
Translating batch 1/1: 1 blocks, 172 chars
Translated 1/1 text blocks
Translating batch 1/1: 4 blocks, 151 chars
Warning: supplier returned 3 translations for 4 inputs; retrying one by one
Translated 4/4 text blocks
Translating batch 1/1: 8 blocks, 1766 chars
Translated 8/8 text blocks
Translating batch 1/1: 1 blocks, 478 chars
Translated 1/1 text blocks
Translating batch 1/1: 8 blocks, 1613 chars
Warning: supplier returned 9 translations for 8 inputs; retrying one by one
Translated 8/8 text blocks
Translating batch 1/1: 1 blocks, 207 chars
Translated 1/1 text blocks
Translating batch 1/1: 8 blocks, 174 chars
Warning: supplier returned 7 translations for 8 inputs; retrying one by one
Translated 8/8 text blocks
Translating batch 1/1: 4 blocks, 1837 chars
Translated 4/4 text blocks
Translating batch 1/1: 7 blocks, 2166 chars
Translated 7/7 text blocks
Translating batch 1/1: 7 blocks, 1945 chars
Translated 7/7 text blocks
Translating batch 1/1: 8 blocks, 1734 chars
Translated 8/8 text blocks
Translating batch 1/1: 1 blocks, 654 chars
Translated 1/1 text blocks
Translating batch 1/1: 1 blocks, 310 chars
Translated 1/1 text blocks
Translating batch 1/1: 1 blocks, 343 chars
Translated 1/1 text blocks
Translating batch 1/1: 8 blocks, 1751 chars
Translated 8/8 text blocks
Translating batch 1/1: 5 blocks, 1234 chars
Translated 5/5 text blocks
Translating batch 1/1: 1 blocks, 1059 chars
Translated 1/1 text blocks
feat NOT subset; don't know how to subset; dropped
meta NOT subset; don't know how to subset; dropped
morx NOT subset; don't know how to subset; dropped
meta NOT subset; don't know how to subset; dropped
feat NOT subset; don't know how to subset; dropped
meta NOT subset; don't know how to subset; dropped
morx NOT subset; don't know how to subset; dropped
meta NOT subset; don't know how to subset; dropped
Warning: Detected layout profile: generic_two_column (confidence 0.72, 2 columns)
Warning: Kept source fonts intact to preserve figure and formula glyph mappings
Wrote: /Users/liyufeng/Code/awesome_Gflow/pdfs/zh/T14_zh.pdf
Pages: 22
Translated text blocks: 264
Skipped text blocks: 424
