Translating batch 1/1: 6 blocks, 1656 chars
Translated 6/6 text blocks
Translating batch 1/1: 4 blocks, 2297 chars
Translated 4/4 text blocks
Translating batch 1/1: 8 blocks, 2464 chars
Warning: supplier response could not be parsed for 8 inputs; retrying one by one
Translated 8/8 text blocks
Translating batch 1/1: 1 blocks, 147 chars
Translated 1/1 text blocks
Translating batch 1/1: 4 blocks, 135 chars
Translated 4/4 text blocks
Translating batch 1/1: 1 blocks, 536 chars
Translated 1/1 text blocks
Translating batch 1/1: 1 blocks, 347 chars
Translated 1/1 text blocks
Translating batch 1/1: 5 blocks, 516 chars
Warning: supplier returned 1 translations for 5 inputs; retrying one by one
Translated 5/5 text blocks
Translating batch 1/1: 8 blocks, 2372 chars
Translated 8/8 text blocks
Translating batch 1/1: 1 blocks, 425 chars
Translated 1/1 text blocks
Translating batch 1/1: 1 blocks, 398 chars
Translated 1/1 text blocks
Translating batch 1/1: 7 blocks, 2269 chars
Warning: supplier returned 6 translations for 7 inputs; retrying one by one
Translated 7/7 text blocks
Translating batch 1/1: 1 blocks, 670 chars
Translated 1/1 text blocks
Translating batch 1/1: 1 blocks, 352 chars
Translated 1/1 text blocks
Translating batch 1/1: 8 blocks, 643 chars
Warning: supplier returned 1 translations for 8 inputs; retrying one by one
Translated 8/8 text blocks
Translating batch 1/1: 1 blocks, 661 chars
Translated 1/1 text blocks
Translating batch 1/1: 1 blocks, 352 chars
Translated 1/1 text blocks
Translating batch 1/1: 8 blocks, 632 chars
Translated 8/8 text blocks
Translating batch 1/1: 8 blocks, 2276 chars
Warning: supplier returned 7 translations for 8 inputs; retrying one by one
Translated 8/8 text blocks
Translating batch 1/1: 1 blocks, 552 chars
Translated 1/1 text blocks
Translating batch 1/1: 1 blocks, 330 chars
Translated 1/1 text blocks
Translating batch 1/1: 1 blocks, 221 chars
Translated 1/1 text blocks
Translating batch 1/1: 8 blocks, 2120 chars
Warning: supplier returned 7 translations for 8 inputs; retrying one by one
Translated 8/8 text blocks
Translating batch 1/1: 1 blocks, 854 chars
Translated 1/1 text blocks
Translating batch 1/1: 1 blocks, 338 chars
Translated 1/1 text blocks
Translating batch 1/1: 1 blocks, 515 chars
Translated 1/1 text blocks
Translating batch 1/1: 7 blocks, 2471 chars
Translated 7/7 text blocks
Translating batch 1/1: 1 blocks, 553 chars
Translated 1/1 text blocks
Translating batch 1/1: 1 blocks, 227 chars
Translated 1/1 text blocks
Translating batch 1/2: 8 blocks, 482 chars
Warning: supplier returned 1 translations for 8 inputs; retrying one by one
Translated 8/9 text blocks
Translating batch 2/2: 1 blocks, 34 chars
Translated 9/9 text blocks
Translating batch 1/1: 5 blocks, 2330 chars
Translated 5/5 text blocks
Translating batch 1/1: 8 blocks, 2179 chars
Translated 8/8 text blocks
Translating batch 1/1: 1 blocks, 833 chars
Translated 1/1 text blocks
Translating batch 1/1: 1 blocks, 363 chars
Translated 1/1 text blocks
Translating batch 1/1: 1 blocks, 469 chars
Translated 1/1 text blocks
Translating batch 1/1: 8 blocks, 1582 chars
Translated 8/8 text blocks
Translating batch 1/1: 2 blocks, 2387 chars
Translated 2/2 text blocks
Translating batch 1/1: 8 blocks, 2272 chars
Translated 8/8 text blocks
Translating batch 1/1: 1 blocks, 525 chars
Translated 1/1 text blocks
Translating batch 1/1: 1 blocks, 312 chars
Translated 1/1 text blocks
Translating batch 1/1: 3 blocks, 516 chars
Warning: supplier returned 1 translations for 3 inputs; retrying one by one
Translated 3/3 text blocks
Translating batch 1/1: 1 blocks, 172 chars
Translated 1/1 text blocks
Translating batch 1/1: 2 blocks, 165 chars
Translated 2/2 text blocks
Translating batch 1/1: 7 blocks, 2421 chars
Warning: supplier returned 6 translations for 7 inputs; retrying one by one
Translated 7/7 text blocks
Translating batch 1/1: 1 blocks, 661 chars
Translated 1/1 text blocks
Translating batch 1/1: 1 blocks, 371 chars
Translated 1/1 text blocks
Translating batch 1/1: 8 blocks, 633 chars
Warning: supplier returned 7 translations for 8 inputs; retrying one by one
Translated 8/8 text blocks
Translating batch 1/1: 8 blocks, 2406 chars
Warning: supplier returned 7 translations for 8 inputs; retrying one by one
Translated 8/8 text blocks
Translating batch 1/1: 1 blocks, 277 chars
Translated 1/1 text blocks
Translating batch 1/1: 1 blocks, 94 chars
Translated 1/1 text blocks
Translating batch 1/1: 1 blocks, 182 chars
Translated 1/1 text blocks
Translating batch 1/1: 5 blocks, 2203 chars
Translated 5/5 text blocks
Translating batch 1/1: 6 blocks, 2076 chars
Translated 6/6 text blocks
Translating batch 1/1: 1 blocks, 700 chars
Translated 1/1 text blocks
Translating batch 1/1: 1 blocks, 301 chars
Translated 1/1 text blocks
Translating batch 1/1: 1 blocks, 398 chars
Translated 1/1 text blocks
Translating batch 1/1: 8 blocks, 1728 chars
Translated 8/8 text blocks
Translating batch 1/1: 8 blocks, 1330 chars
Translated 8/8 text blocks
Translating batch 1/1: 1 blocks, 216 chars
Translated 1/1 text blocks
Translating batch 1/1: 3 blocks, 209 chars
Translated 3/3 text blocks
Translating batch 1/1: 8 blocks, 2255 chars
Translated 8/8 text blocks
Translating batch 1/1: 8 blocks, 1045 chars
Translated 8/8 text blocks
Translating batch 1/1: 8 blocks, 1085 chars
Translated 8/8 text blocks
Translating batch 1/1: 8 blocks, 997 chars
Warning: supplier returned 7 translations for 8 inputs; retrying one by one
Translated 8/8 text blocks
Translating batch 1/1: 1 blocks, 77 chars
Translated 1/1 text blocks
Translating batch 1/1: 3 blocks, 59 chars
Warning: supplier returned 1 translations for 3 inputs; retrying one by one
Translated 3/3 text blocks
Translating batch 1/1: 8 blocks, 1390 chars
Translated 8/8 text blocks
Translating batch 1/1: 1 blocks, 69 chars
Translated 1/1 text blocks
Translating batch 1/1: 8 blocks, 1419 chars
Translated 8/8 text blocks
Translating batch 1/1: 8 blocks, 1979 chars
Translated 8/8 text blocks
Translating batch 1/1: 6 blocks, 2118 chars
Translated 6/6 text blocks
Translating batch 1/1: 1 blocks, 378 chars
Translated 1/1 text blocks
Translating batch 1/1: 1 blocks, 214 chars
Translated 1/1 text blocks
Translating batch 1/1: 1 blocks, 163 chars
Translated 1/1 text blocks
Translating batch 1/1: 1 blocks, 652 chars
Translated 1/1 text blocks
Translating batch 1/1: 6 blocks, 2428 chars
Translated 6/6 text blocks
Translating batch 1/1: 1 blocks, 740 chars
Translated 1/1 text blocks
Translating batch 1/1: 1 blocks, 423 chars
Translated 1/1 text blocks
Translating batch 1/1: 8 blocks, 712 chars
Warning: supplier returned 1 translations for 8 inputs; retrying one by one
Translated 8/8 text blocks
Translating batch 1/1: 1 blocks, 407 chars
Translated 1/1 text blocks
Translating batch 1/1: 1 blocks, 202 chars
Translated 1/1 text blocks
Translating batch 1/1: 4 blocks, 396 chars
Warning: supplier returned 1 translations for 4 inputs; retrying one by one
Translated 4/4 text blocks
Translating batch 1/1: 4 blocks, 1237 chars
Translated 4/4 text blocks
Translating batch 1/1: 1 blocks, 597 chars
Translated 1/1 text blocks
Translating batch 1/1: 3 blocks, 2468 chars
Translated 3/3 text blocks
Translating batch 1/1: 1 blocks, 597 chars
Translated 1/1 text blocks
Translating batch 1/1: 1 blocks, 14 chars
Translated 1/1 text blocks
Translating batch 1/1: 1 blocks, 19 chars
Translated 1/1 text blocks
Translating batch 1/1: 1 blocks, 17 chars
Translated 1/1 text blocks
feat NOT subset; don't know how to subset; dropped
meta NOT subset; don't know how to subset; dropped
morx NOT subset; don't know how to subset; dropped
meta NOT subset; don't know how to subset; dropped
feat NOT subset; don't know how to subset; dropped
meta NOT subset; don't know how to subset; dropped
morx NOT subset; don't know how to subset; dropped
meta NOT subset; don't know how to subset; dropped
Warning: Detected layout profile: generic_two_column (confidence 0.72, 2 columns)
Warning: Page 7: translated body block still looks like English after retry
Warning: Page 6: restored 1 formula atom group(s) after prose redaction
Warning: Page 17: restored 3 formula atom group(s) after prose redaction
Warning: Page 19: restored 6 formula atom group(s) after prose redaction
Warning: Kept source fonts intact to preserve figure and formula glyph mappings
Wrote: /Users/liyufeng/Code/awesome_Gflow/pdfs/zh/T15_zh.pdf
Pages: 25
Translated text blocks: 196
Skipped text blocks: 297
