Translating batch 1/1: 4 blocks, 1602 chars
Translated 4/4 text blocks
Translating batch 1/1: 2 blocks, 1870 chars
Translated 2/2 text blocks
Translating batch 1/1: 4 blocks, 2284 chars
Translated 4/4 text blocks
Translating batch 1/1: 8 blocks, 1851 chars
Translated 8/8 text blocks
Translating batch 1/1: 1 blocks, 355 chars
Translated 1/1 text blocks
Translating batch 1/1: 1 blocks, 165 chars
Translated 1/1 text blocks
Translating batch 1/1: 1 blocks, 189 chars
Translated 1/1 text blocks
Translating batch 1/2: 8 blocks, 180 chars
Warning: supplier returned 6 translations for 8 inputs; retrying one by one
Translated 8/11 text blocks
Translating batch 2/2: 3 blocks, 123 chars
Translated 11/11 text blocks
Translating batch 1/1: 8 blocks, 1577 chars
Translated 8/8 text blocks
Translating batch 1/1: 1 blocks, 458 chars
Translated 1/1 text blocks
Translating batch 1/1: 1 blocks, 143 chars
Translated 1/1 text blocks
Translating batch 1/1: 1 blocks, 314 chars
Translated 1/1 text blocks
Translating batch 1/1: 1 blocks, 343 chars
Translated 1/1 text blocks
Translating batch 1/1: 1 blocks, 112 chars
Translated 1/1 text blocks
Translating batch 1/1: 8 blocks, 1319 chars
Warning: supplier returned 7 translations for 8 inputs; retrying one by one
Translated 8/8 text blocks
Translating batch 1/1: 1 blocks, 446 chars
Translated 1/1 text blocks
Translating batch 1/1: 1 blocks, 320 chars
Translated 1/1 text blocks
Translating batch 1/1: 1 blocks, 125 chars
Translated 1/1 text blocks
Translating batch 1/1: 1 blocks, 396 chars
Translated 1/1 text blocks
Translating batch 1/1: 1 blocks, 134 chars
Translated 1/1 text blocks
Translating batch 1/2: 8 blocks, 306 chars
Translated 8/10 text blocks
Translating batch 2/2: 2 blocks, 24 chars
Translated 10/10 text blocks
Translating batch 1/1: 8 blocks, 2290 chars
Translated 8/8 text blocks
Translating batch 1/1: 1 blocks, 861 chars
Translated 1/1 text blocks
Translating batch 1/1: 1 blocks, 373 chars
Translated 1/1 text blocks
Translating batch 1/1: 7 blocks, 2238 chars
Translated 7/7 text blocks
Translating batch 1/1: 1 blocks, 899 chars
Translated 1/1 text blocks
Translating batch 1/1: 1 blocks, 499 chars
Translated 1/1 text blocks
Translating batch 1/1: 8 blocks, 1960 chars
Translated 8/8 text blocks
Translating batch 1/1: 8 blocks, 1154 chars
Warning: supplier returned 6 translations for 8 inputs; retrying one by one
Translated 8/8 text blocks
Translating batch 1/1: 8 blocks, 2123 chars
Warning: supplier returned 7 translations for 8 inputs; retrying one by one
Translated 8/8 text blocks
Translating batch 1/1: 1 blocks, 483 chars
Translated 1/1 text blocks
Translating batch 1/1: 1 blocks, 225 chars
Translated 1/1 text blocks
Translating batch 1/2: 8 blocks, 380 chars
Warning: supplier returned 7 translations for 8 inputs; retrying one by one
Translated 8/11 text blocks
Translating batch 2/2: 3 blocks, 63 chars
Translated 11/11 text blocks
Translating batch 1/1: 1 blocks, 638 chars
Translated 1/1 text blocks
Translating batch 1/1: 1 blocks, 247 chars
Translated 1/1 text blocks
Translating batch 1/1: 1 blocks, 390 chars
Translated 1/1 text blocks
Translating batch 1/1: 8 blocks, 1781 chars
Warning: supplier returned 7 translations for 8 inputs; retrying one by one
Translated 8/8 text blocks
Translating batch 1/1: 8 blocks, 1707 chars
Translated 8/8 text blocks
Translating batch 1/1: 1 blocks, 133 chars
Translated 1/1 text blocks
Translating batch 1/1: 1 blocks, 295 chars
Translated 1/1 text blocks
Translating batch 1/1: 1 blocks, 121 chars
Translated 1/1 text blocks
Translating batch 1/1: 4 blocks, 281 chars
Translated 4/4 text blocks
Translating batch 1/1: 1 blocks, 511 chars
Translated 1/1 text blocks
Translating batch 1/1: 8 blocks, 2004 chars
Translated 8/8 text blocks
Translating batch 1/1: 1 blocks, 268 chars
Translated 1/1 text blocks
Translating batch 1/1: 8 blocks, 982 chars
Translated 8/8 text blocks
Translating batch 1/1: 1 blocks, 257 chars
Translated 1/1 text blocks
Translating batch 1/1: 1 blocks, 441 chars
Translated 1/1 text blocks
Translating batch 1/1: 8 blocks, 1529 chars
Translated 8/8 text blocks
Translating batch 1/1: 1 blocks, 434 chars
Translated 1/1 text blocks
Translating batch 1/1: 6 blocks, 2077 chars
Translated 6/6 text blocks
Translating batch 1/1: 1 blocks, 839 chars
Translated 1/1 text blocks
Translating batch 1/1: 1 blocks, 498 chars
Translated 1/1 text blocks
Translating batch 1/1: 8 blocks, 1910 chars
Translated 8/8 text blocks
Translating batch 1/1: 1 blocks, 724 chars
Translated 1/1 text blocks
Translating batch 1/1: 1 blocks, 328 chars
Translated 1/1 text blocks
Translating batch 1/1: 1 blocks, 395 chars
Translated 1/1 text blocks
Translating batch 1/1: 2 blocks, 1797 chars
Translated 2/2 text blocks
Translating batch 1/1: 1 blocks, 1761 chars
Translated 1/1 text blocks
Translating batch 1/1: 1 blocks, 933 chars
Translated 1/1 text blocks
Translating batch 1/1: 1 blocks, 827 chars
Translated 1/1 text blocks
Translating batch 1/1: 2 blocks, 1780 chars
Translated 2/2 text blocks
Translating batch 1/1: 1 blocks, 1644 chars
Translated 1/1 text blocks
Translating batch 1/1: 1 blocks, 1644 chars
Translated 1/1 text blocks
Translating batch 1/1: 1 blocks, 756 chars
Translated 1/1 text blocks
Translating batch 1/1: 1 blocks, 887 chars
Translated 1/1 text blocks
Translating batch 1/1: 3 blocks, 1954 chars
Translated 3/3 text blocks
Translating batch 1/1: 1 blocks, 1481 chars
Translated 1/1 text blocks
Translating batch 1/1: 1 blocks, 660 chars
Translated 1/1 text blocks
Translating batch 1/2: 8 blocks, 1124 chars
Warning: supplier returned 1 translations for 8 inputs; retrying one by one
Translated 8/10 text blocks
Translating batch 2/2: 2 blocks, 317 chars
Translated 10/10 text blocks
Translating batch 1/1: 1 blocks, 427 chars
Translated 1/1 text blocks
Translating batch 1/1: 1 blocks, 210 chars
Translated 1/1 text blocks
Translating batch 1/1: 1 blocks, 216 chars
Translated 1/1 text blocks
Translating batch 1/1: 7 blocks, 2407 chars
Warning: supplier returned 5 translations for 7 inputs; retrying one by one
Translated 7/7 text blocks
Translating batch 1/1: 1 blocks, 504 chars
Translated 1/1 text blocks
Translating batch 1/1: 1 blocks, 202 chars
Translated 1/1 text blocks
Translating batch 1/1: 1 blocks, 301 chars
Translated 1/1 text blocks
Translating batch 1/2: 8 blocks, 421 chars
Warning: supplier returned 6 translations for 8 inputs; retrying one by one
Translated 8/9 text blocks
Translating batch 2/2: 1 blocks, 35 chars
Translated 9/9 text blocks
Translating batch 1/1: 1 blocks, 501 chars
Translated 1/1 text blocks
Translating batch 1/1: 1 blocks, 329 chars
Translated 1/1 text blocks
Translating batch 1/1: 1 blocks, 171 chars
Translated 1/1 text blocks
Translating batch 1/1: 1 blocks, 243 chars
Translated 1/1 text blocks
Translating batch 1/1: 1 blocks, 100 chars
Translated 1/1 text blocks
Translating batch 1/1: 1 blocks, 142 chars
Translated 1/1 text blocks
Translating batch 1/1: 6 blocks, 221 chars
Warning: supplier returned 5 translations for 6 inputs; retrying one by one
Translated 6/6 text blocks
Translating batch 1/1: 8 blocks, 2071 chars
Translated 8/8 text blocks
Translating batch 1/1: 1 blocks, 377 chars
Translated 1/1 text blocks
Translating batch 1/1: 1 blocks, 163 chars
Translated 1/1 text blocks
Translating batch 1/1: 1 blocks, 213 chars
Translated 1/1 text blocks
Translating batch 1/1: 3 blocks, 367 chars
Translated 3/3 text blocks
Translating batch 1/1: 1 blocks, 572 chars
Translated 1/1 text blocks
Translating batch 1/1: 1 blocks, 134 chars
Translated 1/1 text blocks
Translating batch 1/3: 8 blocks, 288 chars
Translated 8/18 text blocks
Translating batch 2/3: 8 blocks, 106 chars
Translated 16/18 text blocks
Translating batch 3/3: 2 blocks, 60 chars
Translated 18/18 text blocks
Translating batch 1/1: 8 blocks, 592 chars
Translated 8/8 text blocks
Translating batch 1/1: 8 blocks, 986 chars
Warning: supplier returned 7 translations for 8 inputs; retrying one by one
Translated 8/8 text blocks
Translating batch 1/1: 8 blocks, 1174 chars
Translated 8/8 text blocks
Translating batch 1/1: 8 blocks, 1680 chars
Translated 8/8 text blocks
Translating batch 1/1: 8 blocks, 1522 chars
Translated 8/8 text blocks
Translating batch 1/1: 5 blocks, 413 chars
Translated 5/5 text blocks
Translating batch 1/1: 8 blocks, 1621 chars
Warning: supplier returned 7 translations for 8 inputs; retrying one by one
Translated 8/8 text blocks
feat NOT subset; don't know how to subset; dropped
meta NOT subset; don't know how to subset; dropped
morx NOT subset; don't know how to subset; dropped
meta NOT subset; don't know how to subset; dropped
Warning: Detected layout profile: single_column (confidence 0.65, 1 column)
Warning: Page 5: translated body block still looks like English after retry
Warning: Page 5: translated body block still looks like English after retry
Warning: Page 5: translated body block still looks like English after retry
Warning: Page 6: translated body block still looks like English after retry
Warning: Page 9: translated body block still looks like English after retry
Warning: Page 19: translated body block still looks like English after retry
Warning: Page 19: translated body block still looks like English after retry
Warning: Page 3: restored 1 formula atom group(s) after prose redaction
Warning: Kept source fonts intact to preserve figure and formula glyph mappings
Wrote: /Users/liyufeng/Code/awesome_Gflow/pdfs/zh/T17_zh.pdf
Pages: 21
Translated text blocks: 175
Skipped text blocks: 206
