Translating batch 1/1: 5 blocks, 2228 chars
Translated 5/5 text blocks
Translating batch 1/1: 8 blocks, 2471 chars
Warning: supplier returned 7 translations for 8 inputs; retrying one by one
Translated 8/8 text blocks
Translating batch 1/1: 1 blocks, 329 chars
Translated 1/1 text blocks
Translating batch 1/2: 8 blocks, 260 chars
Translated 8/9 text blocks
Translating batch 2/2: 1 blocks, 37 chars
Translated 9/9 text blocks
Translating batch 1/1: 8 blocks, 1611 chars
Translated 8/8 text blocks
Translating batch 1/1: 8 blocks, 1568 chars
Translated 8/8 text blocks
Translating batch 1/1: 8 blocks, 798 chars
Translated 8/8 text blocks
Translating batch 1/1: 1 blocks, 242 chars
Translated 1/1 text blocks
Translating batch 1/1: 1 blocks, 148 chars
Translated 1/1 text blocks
Translating batch 1/1: 7 blocks, 218 chars
Warning: supplier returned 6 translations for 7 inputs; retrying one by one
Translated 7/7 text blocks
Translating batch 1/1: 8 blocks, 333 chars
Warning: supplier returned 5 translations for 8 inputs; retrying one by one
Translated 8/8 text blocks
Translating batch 1/1: 6 blocks, 2239 chars
Translated 6/6 text blocks
Translating batch 1/1: 1 blocks, 1570 chars
Translated 1/1 text blocks
Translating batch 1/1: 1 blocks, 706 chars
Translated 1/1 text blocks
Translating batch 1/5: 8 blocks, 488 chars
Translated 8/33 text blocks
Translating batch 2/5: 8 blocks, 264 chars
Translated 16/33 text blocks
Translating batch 3/5: 8 blocks, 409 chars
Warning: supplier returned 7 translations for 8 inputs; retrying one by one
Translated 24/33 text blocks
Translating batch 4/5: 8 blocks, 214 chars
Warning: supplier returned 6 translations for 8 inputs; retrying one by one
Translated 32/33 text blocks
Translating batch 5/5: 1 blocks, 52 chars
Translated 33/33 text blocks
Translating batch 1/1: 8 blocks, 2092 chars
Translated 8/8 text blocks
Translating batch 1/1: 8 blocks, 1295 chars
Translated 8/8 text blocks
Translating batch 1/1: 1 blocks, 885 chars
Translated 1/1 text blocks
Translating batch 1/1: 1 blocks, 463 chars
Translated 1/1 text blocks
Translating batch 1/1: 8 blocks, 859 chars
Warning: supplier returned 5 translations for 8 inputs; retrying one by one
Translated 8/8 text blocks
Translating batch 1/1: 8 blocks, 1921 chars
Warning: supplier returned 7 translations for 8 inputs; retrying one by one
Translated 8/8 text blocks
Translating batch 1/1: 1 blocks, 795 chars
Translated 1/1 text blocks
Translating batch 1/1: 1 blocks, 413 chars
Translated 1/1 text blocks
Translating batch 1/4: 8 blocks, 277 chars
Warning: supplier returned 1 translations for 8 inputs; retrying one by one
Translated 8/25 text blocks
Translating batch 2/4: 8 blocks, 122 chars
Translated 16/25 text blocks
Translating batch 3/4: 8 blocks, 216 chars
Translated 24/25 text blocks
Translating batch 4/4: 1 blocks, 12 chars
Translated 25/25 text blocks
Translating batch 1/1: 8 blocks, 1287 chars
Translated 8/8 text blocks
Translating batch 1/1: 8 blocks, 1971 chars
Translated 8/8 text blocks
Translating batch 1/1: 1 blocks, 151 chars
Translated 1/1 text blocks
Translating batch 1/1: 4 blocks, 2310 chars
Translated 4/4 text blocks
Translating batch 1/1: 1 blocks, 447 chars
Translated 1/1 text blocks
Translating batch 1/1: 1 blocks, 228 chars
Translated 1/1 text blocks
Translating batch 1/1: 5 blocks, 431 chars
Warning: supplier returned 3 translations for 5 inputs; retrying one by one
Translated 5/5 text blocks
Translating batch 1/1: 6 blocks, 2480 chars
Translated 6/6 text blocks
Translating batch 1/1: 4 blocks, 2494 chars
Warning: supplier returned 5 translations for 4 inputs; retrying one by one
Translated 4/4 text blocks
Translating batch 1/1: 5 blocks, 2203 chars
Translated 5/5 text blocks
Translating batch 1/1: 8 blocks, 2316 chars
Translated 8/8 text blocks
Translating batch 1/1: 1 blocks, 957 chars
Translated 1/1 text blocks
Translating batch 1/1: 1 blocks, 501 chars
Translated 1/1 text blocks
Translating batch 1/4: 8 blocks, 241 chars
Translated 8/30 text blocks
Translating batch 2/4: 8 blocks, 115 chars
Translated 16/30 text blocks
Translating batch 3/4: 8 blocks, 318 chars
Translated 24/30 text blocks
Translating batch 4/4: 6 blocks, 137 chars
Translated 30/30 text blocks
Translating batch 1/1: 1 blocks, 860 chars
Translated 1/1 text blocks
Translating batch 1/1: 1 blocks, 372 chars
Translated 1/1 text blocks
Translating batch 1/3: 8 blocks, 197 chars
Warning: supplier returned 7 translations for 8 inputs; retrying one by one
Translated 8/18 text blocks
Translating batch 2/3: 8 blocks, 424 chars
Translated 16/18 text blocks
Translating batch 3/3: 2 blocks, 163 chars
Warning: supplier returned 1 translations for 2 inputs; retrying one by one
Translated 18/18 text blocks
Translating batch 1/1: 8 blocks, 1137 chars
Translated 8/8 text blocks
Translating batch 1/1: 1 blocks, 66 chars
Translated 1/1 text blocks
Translating batch 1/1: 4 blocks, 55 chars
Translated 4/4 text blocks
Translating batch 1/1: 1 blocks, 186 chars
Translated 1/1 text blocks
Translating batch 1/1: 8 blocks, 528 chars
Warning: supplier returned 6 translations for 8 inputs; retrying one by one
Translated 8/8 text blocks
Translating batch 1/1: 1 blocks, 283 chars
Translated 1/1 text blocks
Translating batch 1/1: 1 blocks, 160 chars
Translated 1/1 text blocks
Translating batch 1/1: 1 blocks, 122 chars
Translated 1/1 text blocks
Translating batch 1/1: 8 blocks, 299 chars
Translated 8/8 text blocks
Translating batch 1/1: 8 blocks, 676 chars
Translated 8/8 text blocks
Translating batch 1/1: 1 blocks, 203 chars
Translated 1/1 text blocks
Translating batch 1/2: 8 blocks, 124 chars
Warning: supplier returned 7 translations for 8 inputs; retrying one by one
Translated 8/9 text blocks
Translating batch 2/2: 1 blocks, 46 chars
Translated 9/9 text blocks
Translating batch 1/1: 1 blocks, 50 chars
Translated 1/1 text blocks
Translating batch 1/1: 8 blocks, 1306 chars
Translated 8/8 text blocks
Translating batch 1/1: 1 blocks, 671 chars
Translated 1/1 text blocks
Translating batch 1/1: 1 blocks, 421 chars
Translated 1/1 text blocks
Translating batch 1/2: 8 blocks, 506 chars
Warning: supplier returned 4 translations for 8 inputs; retrying one by one
Translated 8/12 text blocks
Translating batch 2/2: 4 blocks, 115 chars
Warning: supplier returned 3 translations for 4 inputs; retrying one by one
Translated 12/12 text blocks
Translating batch 1/1: 8 blocks, 1389 chars
Translated 8/8 text blocks
Translating batch 1/1: 1 blocks, 227 chars
Translated 1/1 text blocks
Translating batch 1/1: 1 blocks, 142 chars
Translated 1/1 text blocks
Translating batch 1/1: 1 blocks, 84 chars
Translated 1/1 text blocks
Translating batch 1/1: 8 blocks, 759 chars
Translated 8/8 text blocks
Translating batch 1/1: 1 blocks, 197 chars
Translated 1/1 text blocks
Translating batch 1/1: 1 blocks, 106 chars
Translated 1/1 text blocks
Translating batch 1/1: 5 blocks, 173 chars
Warning: supplier returned 3 translations for 5 inputs; retrying one by one
Translated 5/5 text blocks
Translating batch 1/1: 1 blocks, 206 chars
Translated 1/1 text blocks
Translating batch 1/1: 6 blocks, 188 chars
Warning: supplier returned 5 translations for 6 inputs; retrying one by one
Translated 6/6 text blocks
Translating batch 1/1: 8 blocks, 1194 chars
Translated 8/8 text blocks
Translating batch 1/1: 1 blocks, 66 chars
Translated 1/1 text blocks
Translating batch 1/1: 1 blocks, 241 chars
Translated 1/1 text blocks
Translating batch 1/1: 5 blocks, 226 chars
Warning: supplier returned 3 translations for 5 inputs; retrying one by one
Translated 5/5 text blocks
Translating batch 1/1: 1 blocks, 571 chars
Translated 1/1 text blocks
Translating batch 1/1: 1 blocks, 294 chars
Translated 1/1 text blocks
Translating batch 1/1: 1 blocks, 276 chars
Translated 1/1 text blocks
Translating batch 1/2: 8 blocks, 403 chars
Warning: supplier returned 7 translations for 8 inputs; retrying one by one
Translated 8/11 text blocks
Translating batch 2/2: 3 blocks, 118 chars
Translated 11/11 text blocks
Translating batch 1/1: 8 blocks, 1095 chars
Warning: supplier returned 7 translations for 8 inputs; retrying one by one
Translated 8/8 text blocks
Translating batch 1/1: 8 blocks, 414 chars
Translated 8/8 text blocks
Translating batch 1/1: 8 blocks, 1176 chars
Translated 8/8 text blocks
Translating batch 1/1: 1 blocks, 381 chars
Translated 1/1 text blocks
Translating batch 1/1: 1 blocks, 236 chars
Translated 1/1 text blocks
Translating batch 1/1: 1 blocks, 144 chars
Translated 1/1 text blocks
Translating batch 1/1: 1 blocks, 198 chars
Translated 1/1 text blocks
Translating batch 1/1: 1 blocks, 105 chars
Translated 1/1 text blocks
Translating batch 1/1: 1 blocks, 92 chars
Translated 1/1 text blocks
Translating batch 1/2: 8 blocks, 104 chars
Warning: supplier returned 7 translations for 8 inputs; retrying one by one
Translated 8/11 text blocks
Translating batch 2/2: 3 blocks, 57 chars
Translated 11/11 text blocks
Translating batch 1/1: 8 blocks, 1589 chars
Warning: supplier response could not be parsed for 8 inputs; retrying one by one
Translated 8/8 text blocks
Translating batch 1/1: 1 blocks, 700 chars
Translated 1/1 text blocks
Translating batch 1/1: 1 blocks, 330 chars
Translated 1/1 text blocks
Translating batch 1/1: 1 blocks, 369 chars
Translated 1/1 text blocks
Translating batch 1/1: 8 blocks, 1046 chars
Translated 8/8 text blocks
Translating batch 1/1: 8 blocks, 1352 chars
Translated 8/8 text blocks
Translating batch 1/1: 1 blocks, 283 chars
Translated 1/1 text blocks
Translating batch 1/2: 8 blocks, 233 chars
Warning: supplier returned 7 translations for 8 inputs; retrying one by one
Translated 8/9 text blocks
Translating batch 2/2: 1 blocks, 12 chars
Translated 9/9 text blocks
Translating batch 1/1: 1 blocks, 271 chars
Translated 1/1 text blocks
Translating batch 1/2: 8 blocks, 221 chars
Warning: supplier returned 7 translations for 8 inputs; retrying one by one
Translated 8/9 text blocks
Translating batch 2/2: 1 blocks, 12 chars
Translated 9/9 text blocks
Translating batch 1/1: 1 blocks, 199 chars
Translated 1/1 text blocks
Translating batch 1/1: 8 blocks, 1055 chars
Translated 8/8 text blocks
Translating batch 1/1: 8 blocks, 260 chars
Translated 8/8 text blocks
Translating batch 1/1: 8 blocks, 750 chars
Translated 8/8 text blocks
Translating batch 1/1: 8 blocks, 1250 chars
Translated 8/8 text blocks
Translating batch 1/1: 5 blocks, 2443 chars
Translated 5/5 text blocks
Translating batch 1/1: 1 blocks, 1269 chars
Translated 1/1 text blocks
Translating batch 1/1: 1 blocks, 565 chars
Translated 1/1 text blocks
Translating batch 1/3: 8 blocks, 185 chars
Translated 8/23 text blocks
Translating batch 2/3: 8 blocks, 526 chars
Translated 16/23 text blocks
Translating batch 3/3: 7 blocks, 431 chars
Translated 23/23 text blocks
feat NOT subset; don't know how to subset; dropped
meta NOT subset; don't know how to subset; dropped
morx NOT subset; don't know how to subset; dropped
meta NOT subset; don't know how to subset; dropped
feat NOT subset; don't know how to subset; dropped
meta NOT subset; don't know how to subset; dropped
morx NOT subset; don't know how to subset; dropped
meta NOT subset; don't know how to subset; dropped
Warning: Detected layout profile: generic_two_column (confidence 0.72, 2 columns)
Warning: Page 2: restored 13 formula atom group(s) after prose redaction
Warning: Page 3: restored 10 formula atom group(s) after prose redaction
Warning: Page 4: restored 12 formula atom group(s) after prose redaction
Warning: Page 5: restored 8 formula atom group(s) after prose redaction
Warning: Page 9: restored 7 formula atom group(s) after prose redaction
Warning: Page 10: restored 11 formula atom group(s) after prose redaction
Warning: Page 11: restored 18 formula atom group(s) after prose redaction
Warning: Page 12: restored 17 formula atom group(s) after prose redaction
Warning: Page 13: restored 9 formula atom group(s) after prose redaction
Warning: Page 14: restored 6 formula atom group(s) after prose redaction
Warning: Page 15: restored 16 formula atom group(s) after prose redaction
Warning: Page 16: restored 2 formula atom group(s) after prose redaction
Warning: Kept source fonts intact to preserve figure and formula glyph mappings
Wrote: /Users/liyufeng/Code/awesome_Gflow/pdfs/zh/T19_zh.pdf
Pages: 16
Translated text blocks: 263
Skipped text blocks: 110
