Translating batch 1/1: 6 blocks, 2452 chars
Translated 6/6 text blocks
Translating batch 1/1: 3 blocks, 2117 chars
Translated 3/3 text blocks
Translating batch 1/1: 3 blocks, 2014 chars
Translated 3/3 text blocks
Translating batch 1/1: 7 blocks, 2177 chars
Translated 7/7 text blocks
Translating batch 1/1: 1 blocks, 669 chars
Translated 1/1 text blocks
Translating batch 1/1: 1 blocks, 338 chars
Translated 1/1 text blocks
Translating batch 1/2: 8 blocks, 531 chars
Warning: supplier returned 7 translations for 8 inputs; retrying one by one
Translated 8/9 text blocks
Translating batch 2/2: 1 blocks, 108 chars
Translated 9/9 text blocks
Translating batch 1/1: 1 blocks, 752 chars
Translated 1/1 text blocks
Translating batch 1/1: 1 blocks, 348 chars
Translated 1/1 text blocks
Translating batch 1/3: 8 blocks, 152 chars
Translated 8/23 text blocks
Translating batch 2/3: 8 blocks, 356 chars
Translated 16/23 text blocks
Translating batch 3/3: 7 blocks, 143 chars
Translated 23/23 text blocks
Translating batch 1/1: 1 blocks, 358 chars
Translated 1/1 text blocks
Translating batch 1/1: 1 blocks, 197 chars
Translated 1/1 text blocks
Translating batch 1/1: 7 blocks, 335 chars
Warning: supplier returned 5 translations for 7 inputs; retrying one by one
Translated 7/7 text blocks
Translating batch 1/1: 6 blocks, 1720 chars
Warning: supplier returned 5 translations for 6 inputs; retrying one by one
Translated 6/6 text blocks
Translating batch 1/1: 1 blocks, 183 chars
Translated 1/1 text blocks
Translating batch 1/1: 1 blocks, 88 chars
Translated 1/1 text blocks
Translating batch 1/1: 1 blocks, 94 chars
Translated 1/1 text blocks
Translating batch 1/1: 8 blocks, 1557 chars
Warning: supplier returned 7 translations for 8 inputs; retrying one by one
Translated 8/8 text blocks
Translating batch 1/1: 8 blocks, 1582 chars
Translated 8/8 text blocks
Translating batch 1/1: 8 blocks, 2263 chars
Translated 8/8 text blocks
Translating batch 1/1: 1 blocks, 135 chars
Translated 1/1 text blocks
Translating batch 1/1: 8 blocks, 829 chars
Translated 8/8 text blocks
Translating batch 1/1: 1 blocks, 121 chars
Translated 1/1 text blocks
Translating batch 1/1: 8 blocks, 1480 chars
Translated 8/8 text blocks
Translating batch 1/1: 8 blocks, 1189 chars
Translated 8/8 text blocks
Translating batch 1/1: 8 blocks, 2118 chars
Translated 8/8 text blocks
Translating batch 1/1: 1 blocks, 198 chars
Translated 1/1 text blocks
Translating batch 1/1: 1 blocks, 273 chars
Translated 1/1 text blocks
Translating batch 1/1: 3 blocks, 265 chars
Translated 3/3 text blocks
Translating batch 1/1: 8 blocks, 2213 chars
Translated 8/8 text blocks
Translating batch 1/1: 1 blocks, 912 chars
Translated 1/1 text blocks
Translating batch 1/1: 1 blocks, 406 chars
Translated 1/1 text blocks
Translating batch 1/1: 1 blocks, 505 chars
Translated 1/1 text blocks
Translating batch 1/1: 2 blocks, 908 chars
Warning: supplier returned 1 translations for 2 inputs; retrying one by one
Translated 2/2 text blocks
Translating batch 1/1: 6 blocks, 2483 chars
Translated 6/6 text blocks
Translating batch 1/1: 1 blocks, 673 chars
Translated 1/1 text blocks
Translating batch 1/1: 8 blocks, 1345 chars
Warning: supplier returned 7 translations for 8 inputs; retrying one by one
Translated 8/8 text blocks
Translating batch 1/1: 1 blocks, 289 chars
Translated 1/1 text blocks
Translating batch 1/1: 2 blocks, 286 chars
Warning: supplier returned 1 translations for 2 inputs; retrying one by one
Translated 2/2 text blocks
Translating batch 1/1: 8 blocks, 2315 chars
Translated 8/8 text blocks
Translating batch 1/1: 1 blocks, 455 chars
Translated 1/1 text blocks
Translating batch 1/1: 4 blocks, 1801 chars
Translated 4/4 text blocks
Translating batch 1/1: 1 blocks, 380 chars
Translated 1/1 text blocks
Translating batch 1/1: 1 blocks, 239 chars
Translated 1/1 text blocks
Translating batch 1/1: 1 blocks, 140 chars
Translated 1/1 text blocks
Translating batch 1/1: 5 blocks, 2386 chars
Translated 5/5 text blocks
Translating batch 1/1: 1 blocks, 824 chars
Translated 1/1 text blocks
Translating batch 1/1: 1 blocks, 330 chars
Translated 1/1 text blocks
Translating batch 1/2: 8 blocks, 641 chars
Translated 8/10 text blocks
Translating batch 2/2: 2 blocks, 141 chars
Translated 10/10 text blocks
Translating batch 1/1: 1 blocks, 985 chars
Translated 1/1 text blocks
Translating batch 1/1: 1 blocks, 438 chars
Translated 1/1 text blocks
Translating batch 1/1: 1 blocks, 546 chars
Translated 1/1 text blocks
Translating batch 1/1: 3 blocks, 2417 chars
Translated 3/3 text blocks
Translating batch 1/1: 8 blocks, 2465 chars
Translated 8/8 text blocks
Translating batch 1/1: 8 blocks, 992 chars
Translated 8/8 text blocks
Translating batch 1/1: 8 blocks, 1361 chars
Translated 8/8 text blocks
Translating batch 1/1: 1 blocks, 386 chars
Translated 1/1 text blocks
Translating batch 1/1: 1 blocks, 191 chars
Translated 1/1 text blocks
Translating batch 1/2: 8 blocks, 180 chars
Warning: supplier returned 7 translations for 8 inputs; retrying one by one
Translated 8/13 text blocks
Translating batch 2/2: 5 blocks, 156 chars
Warning: supplier returned 4 translations for 5 inputs; retrying one by one
Translated 13/13 text blocks
Translating batch 1/1: 8 blocks, 650 chars
Translated 8/8 text blocks
Translating batch 1/1: 1 blocks, 211 chars
Translated 1/1 text blocks
Translating batch 1/1: 1 blocks, 81 chars
Translated 1/1 text blocks
Translating batch 1/1: 1 blocks, 129 chars
Translated 1/1 text blocks
Translating batch 1/1: 6 blocks, 187 chars
Warning: supplier returned 4 translations for 6 inputs; retrying one by one
Translated 6/6 text blocks
Translating batch 1/1: 8 blocks, 1308 chars
Translated 8/8 text blocks
Translating batch 1/1: 8 blocks, 1277 chars
Translated 8/8 text blocks
Translating batch 1/1: 8 blocks, 671 chars
Translated 8/8 text blocks
Translating batch 1/1: 8 blocks, 1133 chars
Translated 8/8 text blocks
Translating batch 1/1: 8 blocks, 1552 chars
Warning: supplier returned 7 translations for 8 inputs; retrying one by one
Translated 8/8 text blocks
Translating batch 1/1: 1 blocks, 398 chars
Translated 1/1 text blocks
Translating batch 1/1: 1 blocks, 233 chars
Translated 1/1 text blocks
Translating batch 1/2: 8 blocks, 163 chars
Warning: supplier returned 7 translations for 8 inputs; retrying one by one
Translated 8/10 text blocks
Translating batch 2/2: 2 blocks, 195 chars
Translated 10/10 text blocks
Translating batch 1/1: 1 blocks, 113 chars
Translated 1/1 text blocks
Translating batch 1/1: 4 blocks, 102 chars
Warning: supplier returned 3 translations for 4 inputs; retrying one by one
Translated 4/4 text blocks
Translating batch 1/1: 8 blocks, 1627 chars
Translated 8/8 text blocks
Translating batch 1/1: 8 blocks, 1982 chars
Translated 8/8 text blocks
Translating batch 1/1: 1 blocks, 819 chars
Translated 1/1 text blocks
Translating batch 1/1: 1 blocks, 461 chars
Translated 1/1 text blocks
Translating batch 1/2: 8 blocks, 259 chars
Warning: supplier returned 7 translations for 8 inputs; retrying one by one
Translated 8/16 text blocks
Translating batch 2/2: 8 blocks, 489 chars
Translated 16/16 text blocks
Translating batch 1/1: 8 blocks, 716 chars
Translated 8/8 text blocks
Translating batch 1/1: 6 blocks, 2135 chars
Translated 6/6 text blocks
Translating batch 1/1: 5 blocks, 2377 chars
Translated 5/5 text blocks
Translating batch 1/1: 1 blocks, 282 chars
Translated 1/1 text blocks
Translating batch 1/1: 8 blocks, 1904 chars
Translated 8/8 text blocks
Translating batch 1/1: 8 blocks, 2028 chars
Warning: supplier returned 7 translations for 8 inputs; retrying one by one
Translated 8/8 text blocks
Translating batch 1/1: 7 blocks, 1775 chars
Translated 7/7 text blocks
Translating batch 1/1: 1 blocks, 188 chars
Translated 1/1 text blocks
Translating batch 1/1: 1 blocks, 632 chars
Translated 1/1 text blocks
Translating batch 1/1: 8 blocks, 1305 chars
Translated 8/8 text blocks
Translating batch 1/1: 8 blocks, 1060 chars
Translated 8/8 text blocks
Translating batch 1/1: 1 blocks, 194 chars
Translated 1/1 text blocks
Translating batch 1/1: 2 blocks, 190 chars
Warning: supplier returned 1 translations for 2 inputs; retrying one by one
Translated 2/2 text blocks
Translating batch 1/1: 4 blocks, 1302 chars
Translated 4/4 text blocks
Translating batch 1/1: 1 blocks, 443 chars
Translated 1/1 text blocks
Translating batch 1/1: 1 blocks, 164 chars
Translated 1/1 text blocks
Translating batch 1/1: 3 blocks, 435 chars
Warning: supplier returned 1 translations for 3 inputs; retrying one by one
Translated 3/3 text blocks
Translating batch 1/1: 1 blocks, 391 chars
Translated 1/1 text blocks
Translating batch 1/1: 1 blocks, 164 chars
Translated 1/1 text blocks
Translating batch 1/1: 5 blocks, 376 chars
Warning: supplier returned 3 translations for 5 inputs; retrying one by one
Translated 5/5 text blocks
Translating batch 1/1: 2 blocks, 2140 chars
Translated 2/2 text blocks
Translating batch 1/1: 1 blocks, 398 chars
Translated 1/1 text blocks
Translating batch 1/1: 1 blocks, 398 chars
Translated 1/1 text blocks
Translating batch 1/1: 1 blocks, 233 chars
Translated 1/1 text blocks
Translating batch 1/2: 8 blocks, 163 chars
Warning: supplier returned 7 translations for 8 inputs; retrying one by one
Translated 8/10 text blocks
Translating batch 2/2: 2 blocks, 195 chars
Translated 10/10 text blocks
Translating batch 1/1: 1 blocks, 37 chars
Translated 1/1 text blocks
feat NOT subset; don't know how to subset; dropped
meta NOT subset; don't know how to subset; dropped
morx NOT subset; don't know how to subset; dropped
meta NOT subset; don't know how to subset; dropped
feat NOT subset; don't know how to subset; dropped
meta NOT subset; don't know how to subset; dropped
morx NOT subset; don't know how to subset; dropped
meta NOT subset; don't know how to subset; dropped
Warning: Detected layout profile: generic_two_column (confidence 0.72, 2 columns)
Warning: Page 2: translated body block still looks like English after retry
Warning: Page 12: translated formula_prose block still looks like English after retry
Warning: Page 16: translated body block still looks like English after retry
Warning: Kept source fonts intact to preserve figure and formula glyph mappings
Wrote: /Users/liyufeng/Code/awesome_Gflow/pdfs/zh/T36_zh.pdf
Pages: 24
Translated text blocks: 295
Skipped text blocks: 162
