Translating batch 1/1: 7 blocks, 2168 chars
Translated 7/7 text blocks
Translating batch 1/1: 1 blocks, 362 chars
Translated 1/1 text blocks
Translating batch 1/1: 1 blocks, 374 chars
Translated 1/1 text blocks
Translating batch 1/1: 5 blocks, 2492 chars
Translated 5/5 text blocks
Translating batch 1/1: 8 blocks, 1711 chars
Warning: supplier returned 7 translations for 8 inputs; retrying one by one
Translated 8/8 text blocks
Translating batch 1/1: 4 blocks, 1898 chars
Translated 4/4 text blocks
Translating batch 1/1: 8 blocks, 2321 chars
Translated 8/8 text blocks
Translating batch 1/1: 8 blocks, 599 chars
Warning: supplier returned 7 translations for 8 inputs; retrying one by one
Translated 8/8 text blocks
Translating batch 1/1: 8 blocks, 1026 chars
Warning: supplier returned 7 translations for 8 inputs; retrying one by one
Translated 8/8 text blocks
Translating batch 1/1: 8 blocks, 1183 chars
Translated 8/8 text blocks
Translating batch 1/1: 8 blocks, 1226 chars
Translated 8/8 text blocks
Translating batch 1/1: 8 blocks, 1327 chars
Translated 8/8 text blocks
Translating batch 1/1: 8 blocks, 1426 chars
Translated 8/8 text blocks
Translating batch 1/1: 8 blocks, 1879 chars
Translated 8/8 text blocks
Translating batch 1/1: 8 blocks, 476 chars
Warning: supplier returned 6 translations for 8 inputs; retrying one by one
Translated 8/8 text blocks
Translating batch 1/1: 8 blocks, 1495 chars
Warning: supplier returned 6 translations for 8 inputs; retrying one by one
Translated 8/8 text blocks
Translating batch 1/1: 1 blocks, 203 chars
Translated 1/1 text blocks
Translating batch 1/2: 8 blocks, 159 chars
Translated 8/9 text blocks
Translating batch 2/2: 1 blocks, 12 chars
Translated 9/9 text blocks
Translating batch 1/1: 8 blocks, 1115 chars
Translated 8/8 text blocks
Translating batch 1/1: 1 blocks, 216 chars
Translated 1/1 text blocks
Translating batch 1/1: 1 blocks, 181 chars
Translated 1/1 text blocks
Translating batch 1/1: 8 blocks, 1378 chars
Translated 8/8 text blocks
Translating batch 1/1: 8 blocks, 2111 chars
Warning: supplier returned 7 translations for 8 inputs; retrying one by one
Translated 8/8 text blocks
Translating batch 1/1: 1 blocks, 214 chars
Translated 1/1 text blocks
Translating batch 1/1: 6 blocks, 196 chars
Warning: supplier returned 4 translations for 6 inputs; retrying one by one
Translated 6/6 text blocks
Translating batch 1/1: 1 blocks, 584 chars
Translated 1/1 text blocks
Translating batch 1/1: 1 blocks, 384 chars
Translated 1/1 text blocks
Translating batch 1/1: 1 blocks, 199 chars
Translated 1/1 text blocks
Translating batch 1/1: 7 blocks, 565 chars
Translated 7/7 text blocks
Translating batch 1/1: 8 blocks, 1201 chars
Translated 8/8 text blocks
Translating batch 1/1: 7 blocks, 2480 chars
Translated 7/7 text blocks
Translating batch 1/1: 8 blocks, 938 chars
Translated 8/8 text blocks
Translating batch 1/1: 8 blocks, 758 chars
Warning: supplier returned 6 translations for 8 inputs; retrying one by one
Translated 8/8 text blocks
Translating batch 1/1: 8 blocks, 683 chars
Warning: supplier returned 5 translations for 8 inputs; retrying one by one
Warning: single-item JSON translation failed (Extra data: line 3 column 1 (char 35)); using plain-text fallback
Translated 8/8 text blocks
Translating batch 1/1: 8 blocks, 913 chars
Translated 8/8 text blocks
Translating batch 1/1: 8 blocks, 859 chars
Translated 8/8 text blocks
Translating batch 1/1: 8 blocks, 809 chars
Translated 8/8 text blocks
Translating batch 1/1: 8 blocks, 664 chars
Warning: supplier returned 7 translations for 8 inputs; retrying one by one
Translated 8/8 text blocks
Translating batch 1/1: 8 blocks, 634 chars
Translated 8/8 text blocks
Translating batch 1/1: 8 blocks, 989 chars
Translated 8/8 text blocks
Translating batch 1/1: 1 blocks, 170 chars
Translated 1/1 text blocks
Translating batch 1/1: 3 blocks, 158 chars
Translated 3/3 text blocks
Translating batch 1/1: 1 blocks, 114 chars
Translated 1/1 text blocks
Translating batch 1/1: 1 blocks, 110 chars
Translated 1/1 text blocks
Translating batch 1/1: 8 blocks, 509 chars
Translated 8/8 text blocks
Translating batch 1/1: 8 blocks, 895 chars
Translated 8/8 text blocks
Translating batch 1/1: 8 blocks, 1273 chars
Translated 8/8 text blocks
Translating batch 1/1: 8 blocks, 568 chars
Translated 8/8 text blocks
Translating batch 1/1: 1 blocks, 96 chars
Translated 1/1 text blocks
Translating batch 1/1: 8 blocks, 597 chars
Translated 8/8 text blocks
Translating batch 1/1: 8 blocks, 1147 chars
Translated 8/8 text blocks
Translating batch 1/1: 8 blocks, 1099 chars
Translated 8/8 text blocks
Translating batch 1/1: 8 blocks, 1216 chars
Translated 8/8 text blocks
Translating batch 1/1: 1 blocks, 342 chars
Translated 1/1 text blocks
Translating batch 1/1: 8 blocks, 426 chars
Translated 8/8 text blocks
Translating batch 1/1: 8 blocks, 283 chars
Translated 8/8 text blocks
Translating batch 1/1: 8 blocks, 500 chars
Translated 8/8 text blocks
Translating batch 1/1: 8 blocks, 330 chars
Translated 8/8 text blocks
Translating batch 1/1: 8 blocks, 511 chars
Translated 8/8 text blocks
Translating batch 1/1: 8 blocks, 457 chars
Translated 8/8 text blocks
Translating batch 1/1: 8 blocks, 641 chars
Translated 8/8 text blocks
Translating batch 1/1: 8 blocks, 613 chars
Translated 8/8 text blocks
Translating batch 1/1: 8 blocks, 456 chars
Translated 8/8 text blocks
Translating batch 1/1: 8 blocks, 342 chars
Translated 8/8 text blocks
Translating batch 1/1: 8 blocks, 348 chars
Translated 8/8 text blocks
Translating batch 1/1: 8 blocks, 674 chars
Translated 8/8 text blocks
Translating batch 1/1: 8 blocks, 2121 chars
Translated 8/8 text blocks
Translating batch 1/1: 8 blocks, 874 chars
Translated 8/8 text blocks
Translating batch 1/1: 8 blocks, 1179 chars
Translated 8/8 text blocks
Translating batch 1/1: 1 blocks, 219 chars
Translated 1/1 text blocks
Translating batch 1/1: 8 blocks, 1363 chars
Translated 8/8 text blocks
Translating batch 1/1: 6 blocks, 769 chars
Translated 6/6 text blocks
Translating batch 1/1: 2 blocks, 88 chars
Translated 2/2 text blocks
feat NOT subset; don't know how to subset; dropped
meta NOT subset; don't know how to subset; dropped
morx NOT subset; don't know how to subset; dropped
meta NOT subset; don't know how to subset; dropped
feat NOT subset; don't know how to subset; dropped
meta NOT subset; don't know how to subset; dropped
morx NOT subset; don't know how to subset; dropped
meta NOT subset; don't know how to subset; dropped
feat NOT subset; don't know how to subset; dropped
meta NOT subset; don't know how to subset; dropped
morx NOT subset; don't know how to subset; dropped
meta NOT subset; don't know how to subset; dropped
Warning: Detected layout profile: generic_two_column (confidence 0.72, 2 columns)
Warning: Page 10: translated body block still looks like English after retry
Warning: Page 23: restored 3 protected region(s) affected by PDF redaction
Warning: Kept source fonts intact to preserve figure and formula glyph mappings
Wrote: /Users/liyufeng/Code/awesome_Gflow/pdfs/zh/T49_zh.pdf
Pages: 32
Translated text blocks: 447
Skipped text blocks: 192
